Component: ARM Compiler 5.06 update 1 (build 61) Tool: armlink [4d35a8]

==============================================================================

Section Cross References

    boot_vectors.o(RESET) refers to boot_vectors.o(STACK) for __initial_sp
    boot_vectors.o(RESET) refers to boot_vectors.o(.text) for Reset_Handler
    boot_vectors.o(RESET) refers to systick.o(.text) for SysTick_Handler
    boot_vectors.o(RESET) refers to rwble.o(.text) for BLE_WAKEUP_LP_Handler
    boot_vectors.o(RESET) refers to wkupct_quadec.o(.text) for WKUP_QUADEC_Handler
    boot_vectors.o(RESET) refers to gpio.o(.text) for GPIO0_Handler
    boot_vectors.o(.text) refers to system_armcm0.o(.text) for SystemInit
    boot_vectors.o(.text) refers to entry.o(.ARM.Collect$$$$00000000) for __main
    boot_vectors.o(.text) refers to nmi_handler.o(.text) for NMI_HandlerC
    boot_vectors.o(.text) refers to hardfault_handler.o(.text) for HardFault_HandlerC
    boot_vectors.o(.text) refers to arch_patch.o(.text) for SVC_Handler_c
    nvds.o(.text) refers to spi_flash.o(.text) for spi_flash_read_data
    nvds.o(.text) refers to spi.o(.text) for spi_release
    nvds.o(.text) refers to gpio.o(.text) for GPIO_ConfigurePin
    nvds.o(.text) refers to nvds.o(retention_mem_area0) for retention_mem_area0
    nvds.o(.text) refers to nvds.o(.constdata) for .constdata
    arch_main.o(.text) refers to arch_system.o(.text) for system_init
    arch_main.o(.text) refers to rwip.o(.text) for rwip_sleep
    arch_main.o(.text) refers to jump_table.o(jump_table_mem_area) for jump_table_base
    arch_main.o(.text) refers to rwble.o(retention_mem_area0) for fine_hit
    arch_main.o(.constdata) refers to user_sps_device.o(.text) for user_on_init
    jump_table.o(jump_table_mem_area) refers to arch_main.o(.text) for main_func
    jump_table.o(jump_table_mem_area) refers to rf_580.o(.text) for rf_init_func
    jump_table.o(jump_table_mem_area) refers to prf_utils.o(.text) for prf_init_func
    jump_table.o(jump_table_mem_area) refers to arch_system.o(.text) for uart_flow_off_func
    jump_table.o(jump_table_mem_area) refers to rwble.o(.text) for lld_sleep_compensate_func_patched
    jump_table.o(jump_table_mem_area) refers to jump_table.o(heap_mem_area_not_ret) for rwip_heap_non_ret
    jump_table.o(jump_table_mem_area) refers to jump_table.o(heap_env_area) for rwip_heap_env_ret
    jump_table.o(jump_table_mem_area) refers to jump_table.o(heap_db_area) for rwip_heap_db_ret
    jump_table.o(jump_table_mem_area) refers to jump_table.o(heap_msg_area) for rwip_heap_msg_ret
    jump_table.o(jump_table_mem_area) refers to ke_task.obj(.text) for ke_task_init_func
    jump_table.o(jump_table_mem_area) refers to nvds.o(.text) for custom_nvds_get_func
    jump_table.o(jump_table_mem_area) refers to jump_table.o(.constdata) for LUT_CFG
    arch_sleep.o(.text) refers to arch_sleep.o(retention_mem_area0) for retention_mem_area0
    arch_sleep.o(.text) refers to arch_sleep.o(.text) for arch_set_deep_sleep
    arch_sleep.o(.text) refers to arch_sleep.o(retention_mem_area0) for retention_mem_area0
    arch_sleep.o(.text) refers to arch_sleep.o(.text) for arch_get_sleep_mode
    arch_sleep.o(.text) refers to arch_sleep.o(retention_mem_area0) for retention_mem_area0
    arch_sleep.o(.text) refers to arch_sleep.o(retention_mem_area0) for retention_mem_area0
    arch_sleep.o(.text) refers to arch_sleep.o(retention_mem_area0) for retention_mem_area0
    arch_sleep.o(.text) refers to rwble.o(retention_mem_area0) for arch_rwble_last_event
    arch_system.o(.text) refers to arch_system.o(retention_mem_area0) for retention_mem_area0
    arch_system.o(.text) refers to trng.o(.text) for trng_acquire
    arch_system.o(.text) refers to arch_sleep.o(.text) for arch_get_sleep_mode
    arch_system.o(.text) refers to gpio.o(.text) for GPIO_init
    arch_system.o(.text) refers to nvds.o(.text) for nvds_read_bdaddr_from_da14583_flash
    arch_system.o(.text) refers to user_periph_setup.o(.text) for periph_init
    arch_system.o(.text) refers to rf_580.o(.text) for iq_trim_from_otp
    arch_system.o(.text) refers to arch_patch.o(.text) for patch_llm_task
    arch_system.o(.text) refers to llc.obj(.text) for patch_llc_task
    arch_system.o(.text) refers to app.o(.text) for app_init
    arch_system.o(.text) refers to user_sps_device.o(.text) for user_on_init
    arch_system.o(.text) refers to arch_system.o(retention_mem_area0) for retention_mem_area0
    arch_system.o(.text) refers to arch_main.o(retention_mem_area0) for sys_startup_flag
    arch_system.o(.text) refers to arch_system.o(.data) for .data
    arch_system.o(.constdata) refers to user_sps_device.o(.text) for user_on_init
    arch_patch.o(.text) refers to arch_patch.o(.constdata) for .constdata
    arch_patch.o(.constdata) refers to arch_patch.o(.text) for my_lld_data_ind_handler
    arch_patch.o(.constdata) refers to arch_patch.o(.constdata) for my_llm_default_state
[...]
    battery_get_lvl                          0x20001b39   Thumb Code    64  battery.o(.text)
    adc_init                                 0x20001b81   Thumb Code    28  adc.o(.text)
    adc_enable_channel                       0x20001b9d   Thumb Code    20  adc.o(.text)
    adc_get_sample                           0x20001bb1   Thumb Code    30  adc.o(.text)
    adc_usDelay                              0x20001bcf   Thumb Code    30  adc.o(.text)
    adc_get_vbat_sample                      0x20001bed   Thumb Code    86  adc.o(.text)
    adc_calibrate                            0x20001c43   Thumb Code    76  adc.o(.text)
    rfpt_init                                0x20001ca1   Thumb Code    76  trng.o(.text)
    trng_init                                0x20001ced   Thumb Code    96  trng.o(.text)
    trng_get_raw_data                        0x20001d4d   Thumb Code    18  trng.o(.text)
    trng_acquire                             0x20001d5f   Thumb Code   222  trng.o(.text)
    SysTick_Handler                          0x20001e5d   Thumb Code    12  systick.o(.text)
    spi_cs_low                               0x20001e6d   Thumb Code    14  spi.o(.text)
    spi_cs_high                              0x20001e7b   Thumb Code    14  spi.o(.text)
    spi_init                                 0x20001e89   Thumb Code   138  spi.o(.text)
    spi_set_bitmode                          0x20001f13   Thumb Code    34  spi.o(.text)
    spi_release                              0x20001f35   Thumb Code    38  spi.o(.text)
    spi_access                               0x20001f5b   Thumb Code    46  spi.o(.text)
    spi_transaction                          0x20001f89   Thumb Code    24  spi.o(.text)
    WKUP_QUADEC_Handler                      0x20001fa9   Thumb Code   106  wkupct_quadec.o(.text)
    spi_flash_init                           0x20002021   Thumb Code     8  spi_flash.o(.text)
    spi_flash_read_status_reg                0x20002029   Thumb Code    20  spi_flash.o(.text)
    spi_flash_wait_till_ready                0x2000203d   Thumb Code    26  spi_flash.o(.text)
    spi_read_flash_jedec_id                  0x20002057   Thumb Code    60  spi_flash.o(.text)
    spi_flash_auto_detect                    0x20002093   Thumb Code    76  spi_flash.o(.text)
    spi_flash_set_write_enable               0x200020df   Thumb Code    60  spi_flash.o(.text)
    spi_flash_read_data                      0x2000211b   Thumb Code    86  spi_flash.o(.text)
    spi_flash_page_program                   0x20002171   Thumb Code    90  spi_flash.o(.text)
    spi_flash_block_erase                    0x200021cb   Thumb Code    40  spi_flash.o(.text)
    spi_read_flash_memory_man_and_dev_id     0x200021f3   Thumb Code    52  spi_flash.o(.text)
    spi_flash_write_data                     0x20002227   Thumb Code   110  spi_flash.o(.text)
    spi_flash_power_down                     0x20002295   Thumb Code    24  spi_flash.o(.text)
    spi_flash_release_from_power_down        0x200022ad   Thumb Code    18  spi_flash.o(.text)
    spi_flash_enable                         0x200022bf   Thumb Code    40  spi_flash.o(.text)
    iq_trim_from_otp                         0x200022f5   Thumb Code    54  rf_580.o(.text)
    rf_reg_rd                                0x2000232b   Thumb Code     4  rf_580.o(.text)
    rf_reg_wr                                0x2000232f   Thumb Code     2  rf_580.o(.text)
    rf_reset                                 0x20002331   Thumb Code     2  rf_580.o(.text)
    rf_force_agc_enable                      0x20002333   Thumb Code     2  rf_580.o(.text)
    rf_txpwr_dbm_get                         0x20002335   Thumb Code     4  rf_580.o(.text)
    rf_regs                                  0x20002349   Thumb Code   226  rf_580.o(.text)
    rf_init_func                             0x2000242f   Thumb Code   138  rf_580.o(.text)
    rf_reinit_func                           0x200024b9   Thumb Code   120  rf_580.o(.text)
    lld_sleep_compensate_func_patched        0x200025e1   Thumb Code    46  rwble.o(.text)
    skip_slave_latency_patch                 0x2000260f   Thumb Code   210  rwble.o(.text)
    power_up                                 0x200026e1   Thumb Code    70  rwble.o(.text)
    BLE_WAKEUP_LP_Handler                    0x20002727   Thumb Code    98  rwble.o(.text)
    BLE_SLP_Handler                          0x20002789   Thumb Code   116  rwble.o(.text)
    BLE_CSCNT_Handler                        0x200027fd   Thumb Code    18  rwble.o(.text)
    BLE_FINETGTIM_Handler                    0x2000280f   Thumb Code    18  rwble.o(.text)
    BLE_RX_Handler                           0x20002821   Thumb Code    14  rwble.o(.text)
    BLE_EVENT_Handler                        0x2000282f   Thumb Code    64  rwble.o(.text)
    BLE_RF_DIAG_Handler                      0x2000286f   Thumb Code    82  rwble.o(.text)
    rwip_sleep                               0x2000290d   Thumb Code   366  rwip.o(.text)
    attm_svc_create_db_128                   0x20002a9d   Thumb Code   272  attm_db_128.o(.text)
    prf_pack_char_pres_fmt                   0x20002bb1   Thumb Code    30  prf_utils.o(.text)
    prf_server_error_ind_send                0x20002bcf   Thumb Code    44  prf_utils.o(.text)
    prf_server_send_event                    0x20002bfb   Thumb Code    42  prf_utils.o(.text)
    prf_init_func                            0x20002c25   Thumb Code    20  prf_utils.o(.text)
    prf_cleanup_func                         0x20002c39   Thumb Code    98  prf_utils.o(.text)
    bass_init                                0x20002ca1   Thumb Code    28  bass.o(.text)
    bass_batt_level_upd_cfm_send             0x20002cbd   Thumb Code    38  bass.o(.text)
    bass_disable                             0x20002ce3   Thumb Code   114  bass.o(.text)
    spotar_init                              0x20003075   Thumb Code    28  spotar.o(.text)
    spotar_disable                           0x20003091   Thumb Code    42  spotar.o(.text)
    diss_init                                0x20003525   Thumb Code    28  diss.o(.text)
    diss_compute_cfg_flag                    0x20003541   Thumb Code    38  diss.o(.text)
    diss_check_val_len                       0x20003567   Thumb Code    42  diss.o(.text)
    diss_disable                             0x20003591   Thumb Code    42  diss.o(.text)
    default_advertise_operation              0x200036c5   Thumb Code    18  app_default_handlers.o(.text)
    default_app_on_init                      0x200036d7   Thumb Code    26  app_default_handlers.o(.text)
    default_app_on_connection                0x200036f1   Thumb Code    30  app_default_handlers.o(.text)
    default_app_on_disconnect                0x2000370f   Thumb Code     2  app_default_handlers.o(.text)
    default_app_on_set_dev_config_complete   0x20003711   Thumb Code    16  app_default_handlers.o(.text)
    default_app_on_adv_undirect_complete     0x20003721   Thumb Code     2  app_default_handlers.o(.text)
    default_app_on_db_init_complete          0x20003723   Thumb Code     2  app_default_handlers.o(.text)
    app_prf_enable                           0x2000374d   Thumb Code    98  app.o(.text)
    app_init                                 0x200039d5   Thumb Code    80  app.o(.text)
    app_easy_gap_confirm                     0x20003a25   Thumb Code    36  app.o(.text)
    app_easy_gap_undirected_advertise_start  0x20003a49   Thumb Code    26  app.o(.text)
    app_easy_gap_param_update_start          0x20003a63   Thumb Code    32  app.o(.text)
    app_timer_set                            0x20003a83   Thumb Code    24  app.o(.text)
    app_db_init_start                        0x20003a9b   Thumb Code    16  app.o(.text)
    app_db_init                              0x20003aab   Thumb Code     2  app.o(.text)
    app_easy_gap_dev_configure               0x20003aad   Thumb Code    18  app.o(.text)
    get_user_prf_srv_perm                    0x20003abf   Thumb Code    34  app.o(.text)
    prf_init_srv_perm                        0x20003ae1   Thumb Code    30  app.o(.text)
    app_gap_process_handler                  0x20003b41   Thumb Code    24  app_task.o(.text)
    gapm_device_ready_ind_handler            0x20003b59   Thumb Code    44  app_task.o(.text)
    gapm_cmp_evt_handler                     0x20003b85   Thumb Code   146  app_task.o(.text)
    gapc_connection_req_ind_handler          0x20003c17   Thumb Code    98  app_task.o(.text)
    gapc_cmp_evt_handler                     0x20003c79   Thumb Code    80  app_task.o(.text)
    gapc_disconnect_ind_handler              0x20003cc9   Thumb Code    40  app_task.o(.text)
    app_module_init_cmp_evt_handler          0x20003cf1   Thumb Code    46  app_task.o(.text)
    gapm_adv_report_ind_handler              0x20003d1f   Thumb Code     4  app_task.o(.text)
    app_entry_point_handler                  0x20003d35   Thumb Code    62  app_entry_point.o(.text)
    app_std_process_event                    0x20003d73   Thumb Code    64  app_entry_point.o(.text)
    app_check_BLE_active                     0x20003dbd   Thumb Code    38  app_msg_utils.o(.text)
    app_msg_utils_api_process_handler        0x20003de5   Thumb Code    46  app_easy_msg_utils.o(.text)
    app_timer_api_process_handler            0x20003e31   Thumb Code   128  app_easy_timer.o(.text)
    app_easy_timer_cancel                    0x20003eb1   Thumb Code    64  app_easy_timer.o(.text)
    app_easy_timer                           0x20003ef1   Thumb Code    92  app_easy_timer.o(.text)
    app_bass_create_db                       0x20003f65   Thumb Code    30  app_bass.o(.text)
    app_batt_init                            0x20003f83   Thumb Code    14  app_bass.o(.text)
    app_batt_config                          0x20003f91   Thumb Code    14  app_bass.o(.text)
    app_bass_enable                          0x20003f9f   Thumb Code    86  app_bass.o(.text)
    app_batt_alert_start                     0x20003ff5   Thumb Code    36  app_bass.o(.text)
    app_batt_set_level                       0x20004019   Thumb Code    36  app_bass.o(.text)
    app_batt_lvl                             0x2000403d   Thumb Code   106  app_bass.o(.text)
    app_batt_poll_stop                       0x200040a7   Thumb Code    14  app_bass.o(.text)
    app_bass_process_handler                 0x200040c5   Thumb Code    24  app_bass_task.o(.text)
    batt_create_db_cfm_handler               0x200040dd   Thumb Code    28  app_bass_task.o(.text)
    batt_level_upd_cfm_handler               0x200040f9   Thumb Code     4  app_bass_task.o(.text)
    batt_disable_handler                     0x200040fd   Thumb Code    10  app_bass_task.o(.text)
    batt_level_ntf_cfg_ind_handler           0x20004107   Thumb Code    10  app_bass_task.o(.text)
    app_batt_timer_handler                   0x20004111   Thumb Code    24  app_bass_task.o(.text)
    app_batt_alert_timer_handler             0x20004129   Thumb Code    66  app_bass_task.o(.text)
    app_spotar_init                          0x20004189   Thumb Code    24  app_spotar.o(.text)
    app_spotar_reset                         0x200041a1   Thumb Code    12  app_spotar.o(.text)
    app_spotar_create_db                     0x200041ad   Thumb Code    24  app_spotar.o(.text)
    app_spotar_enable                        0x200041c5   Thumb Code    48  app_spotar.o(.text)
    spotar_send_status_update_req            0x200041f5   Thumb Code    36  app_spotar.o(.text)
    app_spotar_stop                          0x20004219   Thumb Code    26  app_spotar.o(.text)
    app_spi_flash_init                       0x20004233   Thumb Code    66  app_spotar.o(.text)
    app_spotar_spi_config                    0x20004275   Thumb Code   132  app_spotar.o(.text)
    app_set_image_valid_flag                 0x200042f9   Thumb Code    54  app_spotar.o(.text)
    app_spotar_start                         0x2000432f   Thumb Code    40  app_spotar.o(.text)
    app_spotar_read_mem                      0x20004357   Thumb Code   204  app_spotar.o(.text)
    spotar_send_mem_info_update_req          0x20004423   Thumb Code    28  app_spotar.o(.text)
    app_spotar_pd_hdlr                       0x2000443f   Thumb Code   226  app_spotar.o(.text)
    app_erase_flash_sectors                  0x20004521   Thumb Code    58  app_spotar.o(.text)
    app_get_image_id                         0x2000455b   Thumb Code    46  app_spotar.o(.text)
    app_find_old_img                         0x20004589   Thumb Code    36  app_spotar.o(.text)
    app_read_ext_mem                         0x200045ad   Thumb Code    24  app_spotar.o(.text)
    app_read_image_headers                   0x200045c5   Thumb Code   518  app_spotar.o(.text)
    app_spotar_img_hdlr                      0x200047cb   Thumb Code   160  app_spotar.o(.text)
    app_spota_process_handler                0x20004875   Thumb Code    24  app_spotar_task.o(.text)
    spotar_create_db_cfm_handler             0x2000488d   Thumb Code    38  app_spotar_task.o(.text)
    spotar_patch_data_ind_handler            0x200048b3   Thumb Code   160  app_spotar_task.o(.text)
    spotar_patch_mem_dev_ind_handler         0x20004953   Thumb Code    26  app_spotar_task.o(.text)
    spotar_gpio_map_ind_handler              0x2000496d   Thumb Code    58  app_spotar_task.o(.text)
    spotar_patch_len_ind_handler             0x200049a7   Thumb Code    74  app_spotar_task.o(.text)
    app_dis_init                             0x20004a01   Thumb Code     2  app_diss.o(.text)
    app_diss_create_db                       0x20004a03   Thumb Code    26  app_diss.o(.text)
    app_diss_enable                          0x20004a1d   Thumb Code    40  app_diss.o(.text)
    app_dis_process_handler                  0x20004a49   Thumb Code    24  app_diss_task.o(.text)
    diss_create_db_cfm_handler               0x20004a61   Thumb Code   288  app_diss_task.o(.text)
    diss_disable_ind_handler                 0x20004b81   Thumb Code     4  app_diss_task.o(.text)
    butcb0                                   0x20004bad   Thumb Code   474  user_periph_setup.o(.text)
    afeon                                    0x20004d87   Thumb Code    90  user_periph_setup.o(.text)
    system_on                                0x20004de1   Thumb Code   302  user_periph_setup.o(.text)
    sleepcb                                  0x20004f0f   Thumb Code   686  user_periph_setup.o(.text)
    set_pad_functions                        0x200051bd   Thumb Code   390  user_periph_setup.o(.text)
    system_off                               0x20005343   Thumb Code   116  user_periph_setup.o(.text)
    butcb1                                   0x200053b7   Thumb Code   590  user_periph_setup.o(.text)
    periph_init                              0x20005605   Thumb Code    50  user_periph_setup.o(.text)
    ADS1292R_RDATA                           0x2000565d   Thumb Code   102  ads1292.o(.text)
    ADS1292R_WREG_multi                      0x200056c3   Thumb Code    48  ads1292.o(.text)
    ADS1292R_sendmsg                         0x200056f3   Thumb Code    28  ads1292.o(.text)
    AFE4400_RDATA                            0x20005715   Thumb Code    72  afe4400.o(.text)
    AFE4400_WREG                             0x2000575d   Thumb Code    52  afe4400.o(.text)
    AFE44x0_Default_Reg_Init                 0x20005791   Thumb Code    26  afe4400.o(.text)
    iir_Notch_60Hz_Sample_500Hz              0x200057b1   Thumb Code   124  dsp.o(.text)
    getMax                                   0x20005835   Thumb Code    58  ecgtohr.o(.text)
    getRms                                   0x2000586f   Thumb Code    52  ecgtohr.o(.text)
    getRRI                                   0x200058a3   Thumb Code   364  ecgtohr.o(.text)
    sps_server_init                          0x20005a39   Thumb Code    28  sps_server.o(.text)
    sps_server_confirm_data_tx               0x20005a55   Thumb Code    38  sps_server.o(.text)
    sps_server_indicate_data_rx              0x20005a7b   Thumb Code    54  sps_server.o(.text)
    sps_server_indicate_tx_flow_ctrl         0x20005ab1   Thumb Code    40  sps_server.o(.text)
    user_send_ble                            0x20005d19   Thumb Code    38  user_sps_device.o(.text)
    user_process_catch                       0x20005d3f   Thumb Code    14  user_sps_device.o(.text)
    user_on_connection                       0x20005d4d   Thumb Code   162  user_sps_device.o(.text)
    user_on_disconnect                       0x20005def   Thumb Code    20  user_sps_device.o(.text)
    user_on_connect_failed                   0x20005e03   Thumb Code    16  user_sps_device.o(.text)
    user_on_init                             0x20005e13   Thumb Code     8  user_sps_device.o(.text)
    on_spotar_status_change                  0x20005e1b   Thumb Code    36  user_sps_device.o(.text)
    user_sps_db_create                       0x20005e61   Thumb Code    24  user_spss.o(.text)
    user_sps_enable                          0x20005e79   Thumb Code    28  user_spss.o(.text)
    user_spss_process_handler                0x20005e99   Thumb Code    24  user_spss_task.o(.text)
    user_sps_create_db_cfm_handler           0x20005eb1   Thumb Code    38  user_spss_task.o(.text)
    user_sps_server_enable_cfm_handler       0x20005ed7   Thumb Code     4  user_spss_task.o(.text)
    user_sps_server_data_tx_cfm_handler      0x20005edb   Thumb Code     4  user_spss_task.o(.text)
    user_sps_server_data_rx_ind_handler      0x20005edf   Thumb Code    44  user_spss_task.o(.text)
    user_sps_server_tx_flow_ctrl_ind_handler 0x20005f0b   Thumb Code     4  user_spss_task.o(.text)
    user_sps_server_error_ind_handler        0x20005f0f   Thumb Code    12  user_spss_task.o(.text)
    __aeabi_fadd                             0x20005f29   Thumb Code   162  fadd.o(.text)
    __aeabi_fsub                             0x20005fcb   Thumb Code     8  fadd.o(.text)
    __aeabi_frsub                            0x20005fd3   Thumb Code     8  fadd.o(.text)
    __aeabi_fmul                             0x20005fdb   Thumb Code   122  fmul.o(.text)
    __aeabi_fdiv                             0x20006055   Thumb Code   124  fdiv.o(.text)
    __aeabi_dadd                             0x200060d1   Thumb Code   328  dadd.o(.text)
    __aeabi_dsub                             0x20006219   Thumb Code    12  dadd.o(.text)
    __aeabi_drsub                            0x20006225   Thumb Code    12  dadd.o(.text)
    __aeabi_ddiv                             0x20006235   Thumb Code   234  ddiv.o(.text)
    __aeabi_i2f                              0x20006325   Thumb Code    22  fflti.o(.text)
    __aeabi_f2iz                             0x2000633b   Thumb Code    50  ffixi.o(.text)
    __aeabi_f2d                              0x2000636d   Thumb Code    40  f2d.o(.text)
    __aeabi_cdrcmple                         0x20006395   Thumb Code    38  cdrcmple.o(.text)
    __aeabi_d2f                              0x200063bd   Thumb Code    56  d2f.o(.text)
    __aeabi_cfrcmple                         0x200063f5   Thumb Code    20  cfrcmple.o(.text)
    __aeabi_lasr                             0x20006409   Thumb Code    38  llsshr.o(.text)
    _ll_sshift_r                             0x20006409   Thumb Code     0  llsshr.o(.text)
    _float_round                             0x2000642f   Thumb Code    16  fepilogue.o(.text)
    _float_epilogue                          0x2000643f   Thumb Code   114  fepilogue.o(.text)
    _dsqrt                                   0x200064b1   Thumb Code   162  dsqrt.o(.text)
    __scatterload                            0x20006555   Thumb Code    28  init.o(.text)
    __scatterload_rt2                        0x20006555   Thumb Code     0  init.o(.text)
    Long Thumb to Thumb Veneer to memcmp     0x20006579   Thumb Code    12  anon$$obj.o(Veneer$$Code)
    Long Thumb to Thumb Veneer to __aeabi_memcpy 0x20006585   Thumb Code    12  anon$$obj.o(Veneer$$Code)
    Long Thumb to Thumb Veneer to nvds_get_func 0x20006591   Thumb Code    12  anon$$obj.o(Veneer$$Code)
    Long Thumb to Thumb Veneer to __aeabi_memclr4 0x2000659d   Thumb Code    12  anon$$obj.o(Veneer$$Code)
    Long Thumb to Thumb Veneer to lld_sleep_check 0x200065a9   Thumb Code    12  anon$$obj.o(Veneer$$Code)
    Long Thumb to Thumb Veneer to rwip_prevent_sleep_get 0x200065b5   Thumb Code    12  anon$$obj.o(Veneer$$Code)
    Long Thumb to Thumb Veneer to ke_event_get 0x200065c1   Thumb Code    12  anon$$obj.o(Veneer$$Code)
    Long Thumb to Thumb Veneer to rwip_schedule 0x200065cd   Thumb Code    12  anon$$obj.o(Veneer$$Code)
    Long Thumb to Thumb Veneer to func_check_mem 0x200065d9   Thumb Code    12  anon$$obj.o(Veneer$$Code)
    Long Thumb to Thumb Veneer to test_rxdone 0x200065e5   Thumb Code    12  anon$$obj.o(Veneer$$Code)
    Long Thumb to Thumb Veneer to ke_mem_is_empty 0x200065f1   Thumb Code    12  anon$$obj.o(Veneer$$Code)
    Long Thumb to Thumb Veneer to rwip_wakeup_delay_set 0x200065fd   Thumb Code    12  anon$$obj.o(Veneer$$Code)
    Long Thumb to Thumb Veneer to $Super$$get_rc16m_count_func 0x20006609   Thumb Code    12  anon$$obj.o(Veneer$$Code)
    Long Thumb to Thumb Veneer to get_rc16m_count 0x20006615   Thumb Code    12  anon$$obj.o(Veneer$$Code)
    Long Thumb to Thumb Veneer to pll_vcocal_LUT_InitUpdate 0x20006621   Thumb Code    12  anon$$obj.o(Veneer$$Code)
    Long Thumb to Thumb Veneer to rf_calibration 0x2000662d   Thumb Code    12  anon$$obj.o(Veneer$$Code)
    Long Thumb to Thumb Veneer to lld_sleep_us_2_lpcycles_func 0x20006639   Thumb Code    12  anon$$obj.o(Veneer$$Code)
    Long Thumb to Thumb Veneer to lld_sleep_lpcycles_2_us_func 0x20006645   Thumb Code    12  anon$$obj.o(Veneer$$Code)
    Long Thumb to Thumb Veneer to uart_flow_on 0x20006651   Thumb Code    12  anon$$obj.o(Veneer$$Code)
    Long Thumb to Thumb Veneer to srand      0x2000665d   Thumb Code    12  anon$$obj.o(Veneer$$Code)
    Long Thumb to Thumb Veneer to set_system_clocks 0x20006669   Thumb Code    12  anon$$obj.o(Veneer$$Code)
    Long Thumb to Thumb Veneer to nvds_init  0x20006675   Thumb Code    12  anon$$obj.o(Veneer$$Code)
    Long Thumb to Thumb Veneer to rwip_init  0x20006681   Thumb Code    12  anon$$obj.o(Veneer$$Code)
    Long Thumb to Thumb Veneer to enable_rf_diag_irq 0x2000668d   Thumb Code    12  anon$$obj.o(Veneer$$Code)
    Long Thumb to Thumb Veneer to platform_reset_func 0x20006699   Thumb Code    12  anon$$obj.o(Veneer$$Code)
    Long Thumb to Thumb Veneer to ke_state_get 0x200066a5   Thumb Code    12  anon$$obj.o(Veneer$$Code)
    Long Thumb to Thumb Veneer to __ARM_common_switch8 0x200066b1   Thumb Code    12  anon$$obj.o(Veneer$$Code)
    Long Thumb to Thumb Veneer to TASK_LLM_lld_data_ind_handler 0x200066bd   Thumb Code    12  anon$$obj.o(Veneer$$Code)
    Long Thumb to Thumb Veneer to co_buf_rx_free 0x200066c9   Thumb Code    12  anon$$obj.o(Veneer$$Code)
    Long Thumb to Thumb Veneer to ke_timer_clear 0x200066d5   Thumb Code    12  anon$$obj.o(Veneer$$Code)
    Long Thumb to Thumb Veneer to atts_send_cmd_cmp 0x200066e1   Thumb Code    12  anon$$obj.o(Veneer$$Code)
    Long Thumb to Thumb Veneer to ke_state_set 0x200066ed   Thumb Code    12  anon$$obj.o(Veneer$$Code)
    Long Thumb to Thumb Veneer to atts_mtu_exc_resp 0x200066f9   Thumb Code    12  anon$$obj.o(Veneer$$Code)
    Long Thumb to Thumb Veneer to atts_find_info_resp 0x20006705   Thumb Code    12  anon$$obj.o(Veneer$$Code)
    Long Thumb to Thumb Veneer to atts_find_by_type_resp 0x20006711   Thumb Code    12  anon$$obj.o(Veneer$$Code)
    Long Thumb to Thumb Veneer to atts_read_by_type_resp 0x2000671d   Thumb Code    12  anon$$obj.o(Veneer$$Code)
    Long Thumb to Thumb Veneer to atts_read_by_grp_type_resp 0x20006729   Thumb Code    12  anon$$obj.o(Veneer$$Code)
    Long Thumb to Thumb Veneer to atts_read_resp 0x20006735   Thumb Code    12  anon$$obj.o(Veneer$$Code)
    Long Thumb to Thumb Veneer to atts_read_blob_resp 0x20006741   Thumb Code    12  anon$$obj.o(Veneer$$Code)
    Long Thumb to Thumb Veneer to atts_read_mult_resp 0x2000674d   Thumb Code    12  anon$$obj.o(Veneer$$Code)
    Long Thumb to Thumb Veneer to atts_write_no_resp 0x20006759   Thumb Code    12  anon$$obj.o(Veneer$$Code)
    Long Thumb to Thumb Veneer to atts_write_resp 0x20006765   Thumb Code    12  anon$$obj.o(Veneer$$Code)
    Long Thumb to Thumb Veneer to atts_signed_write_resp 0x20006771   Thumb Code    12  anon$$obj.o(Veneer$$Code)
    Long Thumb to Thumb Veneer to atts_prepare_write_resp 0x2000677d   Thumb Code    12  anon$$obj.o(Veneer$$Code)
    Long Thumb to Thumb Veneer to atts_execute_write_resp 0x20006789   Thumb Code    12  anon$$obj.o(Veneer$$Code)
    Long Thumb to Thumb Veneer to lld_con_update_ind 0x20006795   Thumb Code    12  anon$$obj.o(Veneer$$Code)
    Long Thumb to Thumb Veneer to __aeabi_uidivmod 0x200067a1   Thumb Code    12  anon$$obj.o(Veneer$$Code)
    Long Thumb to Thumb Veneer to llc_util_dicon_procedure 0x200067ad   Thumb Code    12  anon$$obj.o(Veneer$$Code)
    Long Thumb to Thumb Veneer to lld_ch_map_ind 0x200067b9   Thumb Code    12  anon$$obj.o(Veneer$$Code)
    Long Thumb to Thumb Veneer to gapm_get_privacy_flag 0x200067c5   Thumb Code    12  anon$$obj.o(Veneer$$Code)
    Long Thumb to Thumb Veneer to gapm_set_recon_addr 0x200067d1   Thumb Code    12  anon$$obj.o(Veneer$$Code)
    Long Thumb to Thumb Veneer to co_list_pop_front 0x200067dd   Thumb Code    12  anon$$obj.o(Veneer$$Code)
    Long Thumb to Thumb Veneer to ke_task_handler_get 0x200067e9   Thumb Code    12  anon$$obj.o(Veneer$$Code)
    Long Thumb to Thumb Veneer to ke_msg_free 0x200067f5   Thumb Code    12  anon$$obj.o(Veneer$$Code)
    Long Thumb to Thumb Veneer to co_list_push_back 0x20006801   Thumb Code    12  anon$$obj.o(Veneer$$Code)
    Long Thumb to Thumb Veneer to ke_event_clear 0x2000680d   Thumb Code    12  anon$$obj.o(Veneer$$Code)
    Long Thumb to Thumb Veneer to ke_event_callback_set 0x20006819   Thumb Code    12  anon$$obj.o(Veneer$$Code)
    Long Thumb to Thumb Veneer to ke_msg_alloc 0x20006825   Thumb Code    12  anon$$obj.o(Veneer$$Code)
    Long Thumb to Thumb Veneer to gapc_get_enc_keysize 0x20006831   Thumb Code    12  anon$$obj.o(Veneer$$Code)
    Long Thumb to Thumb Veneer to gapc_get_role 0x2000683d   Thumb Code    12  anon$$obj.o(Veneer$$Code)
    Long Thumb to Thumb Veneer to ke_msg_send 0x20006849   Thumb Code    12  anon$$obj.o(Veneer$$Code)
    Long Thumb to Thumb Veneer to smpc_generate_rand 0x20006855   Thumb Code    12  anon$$obj.o(Veneer$$Code)
    Long Thumb to Thumb Veneer to smpc_tkdp_send_continue 0x20006861   Thumb Code    12  anon$$obj.o(Veneer$$Code)
    Long Thumb to Thumb Veneer to smpc_pdu_send 0x2000686d   Thumb Code    12  anon$$obj.o(Veneer$$Code)
    Long Thumb to Thumb Veneer to smpc_tkdp_rcp_start 0x20006879   Thumb Code    12  anon$$obj.o(Veneer$$Code)
    Long Thumb to Thumb Veneer to smpc_pairing_end 0x20006885   Thumb Code    12  anon$$obj.o(Veneer$$Code)
    Long Thumb to Thumb Veneer to smpc_check_max_key_size 0x20006891   Thumb Code    12  anon$$obj.o(Veneer$$Code)
    Long Thumb to Thumb Veneer to smpc_check_key_distrib 0x2000689d   Thumb Code    12  anon$$obj.o(Veneer$$Code)
    Long Thumb to Thumb Veneer to smpc_get_key_sec_prop 0x200068a9   Thumb Code    12  anon$$obj.o(Veneer$$Code)
    Long Thumb to Thumb Veneer to smpc_is_sec_mode_reached 0x200068b5   Thumb Code    12  anon$$obj.o(Veneer$$Code)
    Long Thumb to Thumb Veneer to llc_le_con_update_cmd_handler 0x200068c1   Thumb Code    12  anon$$obj.o(Veneer$$Code)
    Long Thumb to Thumb Veneer to llm_util_get_role 0x200068cd   Thumb Code    12  anon$$obj.o(Veneer$$Code)
    Long Thumb to Thumb Veneer to lld_evt_int_extract 0x200068d9   Thumb Code    12  anon$$obj.o(Veneer$$Code)
    Long Thumb to Thumb Veneer to ke_free    0x200068e5   Thumb Code    12  anon$$obj.o(Veneer$$Code)
    Long Thumb to Thumb Veneer to lld_stop_ind_handler 0x200068f1   Thumb Code    12  anon$$obj.o(Veneer$$Code)
    Long Thumb to Thumb Veneer to ke_timer_set 0x200068fd   Thumb Code    12  anon$$obj.o(Veneer$$Code)
    Long Thumb to Thumb Veneer to llc_start_enc_rsp_pdu_send 0x20006909   Thumb Code    12  anon$$obj.o(Veneer$$Code)
    Long Thumb to Thumb Veneer to llc_common_enc_change_evt_send 0x20006915   Thumb Code    12  anon$$obj.o(Veneer$$Code)
    Long Thumb to Thumb Veneer to __aeabi_idivmod 0x20006921   Thumb Code    12  anon$$obj.o(Veneer$$Code)
    Long Thumb to Thumb Veneer to IffCalibration 0x2000692d   Thumb Code    12  anon$$obj.o(Veneer$$Code)
    Long Thumb to Thumb Veneer to DCoffsetCalibration 0x20006939   Thumb Code    12  anon$$obj.o(Veneer$$Code)
    Long Thumb to Thumb Veneer to ble_regs_pop 0x20006945   Thumb Code    12  anon$$obj.o(Veneer$$Code)
    Long Thumb to Thumb Veneer to rwip_wakeup 0x20006951   Thumb Code    12  anon$$obj.o(Veneer$$Code)
    Long Thumb to Thumb Veneer to rf_workaround_init 0x2000695d   Thumb Code    12  anon$$obj.o(Veneer$$Code)
    Long Thumb to Thumb Veneer to rf_reinit  0x20006969   Thumb Code    12  anon$$obj.o(Veneer$$Code)
    Long Thumb to Thumb Veneer to $Super$$BLE_CSCNT_Handler 0x20006975   Thumb Code    12  anon$$obj.o(Veneer$$Code)
    Long Thumb to Thumb Veneer to lld_evt_rx_isr 0x20006981   Thumb Code    12  anon$$obj.o(Veneer$$Code)
    Long Thumb to Thumb Veneer to lld_evt_end_isr 0x2000698d   Thumb Code    12  anon$$obj.o(Veneer$$Code)
    Long Thumb to Thumb Veneer to set_rf_cal_cap 0x20006999   Thumb Code    12  anon$$obj.o(Veneer$$Code)
    Long Thumb to Thumb Veneer to set_gauss_modgain 0x200069a5   Thumb Code    12  anon$$obj.o(Veneer$$Code)
    Long Thumb to Thumb Veneer to lld_evt_start_isr 0x200069b1   Thumb Code    12  anon$$obj.o(Veneer$$Code)
    Long Thumb to Thumb Veneer to ke_sleep_check 0x200069bd   Thumb Code    12  anon$$obj.o(Veneer$$Code)
    Long Thumb to Thumb Veneer to ke_timer_sleep_check 0x200069c9   Thumb Code    12  anon$$obj.o(Veneer$$Code)
    Long Thumb to Thumb Veneer to lld_sleep_enter 0x200069d5   Thumb Code    12  anon$$obj.o(Veneer$$Code)
    Long Thumb to Thumb Veneer to ble_regs_push 0x200069e1   Thumb Code    12  anon$$obj.o(Veneer$$Code)
    Long Thumb to Thumb Veneer to attmdb_add_service 0x200069ed   Thumb Code    12  anon$$obj.o(Veneer$$Code)
    Long Thumb to Thumb Veneer to attmdb_add_attribute 0x200069f9   Thumb Code    12  anon$$obj.o(Veneer$$Code)
    Long Thumb to Thumb Veneer to attmdb_att_set_value 0x20006a05   Thumb Code    12  anon$$obj.o(Veneer$$Code)
    Long Thumb to Thumb Veneer to attmdb_att_partial_value_update 0x20006a11   Thumb Code    12  anon$$obj.o(Veneer$$Code)
    Long Thumb to Thumb Veneer to gapc_get_conhdl 0x20006a1d   Thumb Code    12  anon$$obj.o(Veneer$$Code)
    Long Thumb to Thumb Veneer to gapc_send_disconect_ind 0x20006a29   Thumb Code    12  anon$$obj.o(Veneer$$Code)
    Long Thumb to Thumb Veneer to __aeabi_memclr 0x20006a35   Thumb Code    12  anon$$obj.o(Veneer$$Code)
    Long Thumb to Thumb Veneer to ke_task_create 0x20006a41   Thumb Code    12  anon$$obj.o(Veneer$$Code)
    Long Thumb to Thumb Veneer to attmdb_att_get_value 0x20006a4d   Thumb Code    12  anon$$obj.o(Veneer$$Code)
    Long Thumb to Thumb Veneer to attm_svc_create_db 0x20006a59   Thumb Code    12  anon$$obj.o(Veneer$$Code)
    Long Thumb to Thumb Veneer to attmdb_svc_set_permission 0x20006a65   Thumb Code    12  anon$$obj.o(Veneer$$Code)
    Long Thumb to Thumb Veneer to attmdb_att_set_permission 0x20006a71   Thumb Code    12  anon$$obj.o(Veneer$$Code)
    Long Thumb to Thumb Veneer to gapc_get_conidx 0x20006a7d   Thumb Code    12  anon$$obj.o(Veneer$$Code)
    Long Thumb to Thumb Veneer to atts_write_rsp_send 0x20006a89   Thumb Code    12  anon$$obj.o(Veneer$$Code)
    Long Thumb to Thumb Veneer to nvds_get   0x20006a95   Thumb Code    12  anon$$obj.o(Veneer$$Code)
    Long Thumb to Thumb Veneer to platform_reset 0x20006aa1   Thumb Code    12  anon$$obj.o(Veneer$$Code)
    Long Thumb to Thumb Veneer to get_patching_spota_length 0x20006aad   Thumb Code    12  anon$$obj.o(Veneer$$Code)
    Long Thumb to Thumb Veneer to __aeabi_memset 0x20006ab9   Thumb Code    12  anon$$obj.o(Veneer$$Code)
    Long Thumb to Thumb Veneer to __aeabi_dmul 0x20006ac5   Thumb Code    12  anon$$obj.o(Veneer$$Code)
    Long Thumb to Thumb Veneer to __aeabi_memcpy4 0x20006ad1   Thumb Code    12  anon$$obj.o(Veneer$$Code)
    Long Thumb to Thumb Veneer to __aeabi_llsl 0x20006add   Thumb Code    12  anon$$obj.o(Veneer$$Code)
    Long Thumb to Thumb Veneer to _double_epilogue 0x20006ae9   Thumb Code    12  anon$$obj.o(Veneer$$Code)
    Long Thumb to Thumb Veneer to _double_round 0x20006af5   Thumb Code    12  anon$$obj.o(Veneer$$Code)
    Long Thumb to Thumb Veneer to __aeabi_llsr 0x20006b01   Thumb Code    12  anon$$obj.o(Veneer$$Code)
    __scatterload_copy                       0x20006b0d   Thumb Code    14  handlers.o(i.__scatterload_copy)
    __scatterload_null                       0x20006b1b   Thumb Code     2  handlers.o(i.__scatterload_null)
    __scatterload_zeroinit                   0x20006b1d   Thumb Code    14  handlers.o(i.__scatterload_zeroinit)
    __set_errno                              0x20006b2d   Thumb Code     6  errno.o(i.__set_errno)
    free                                     0x20006b39   Thumb Code    80  malloc.o(i.free)
    malloc                                   0x20006b8d   Thumb Code    92  malloc.o(i.malloc)
    sqrt                                     0x20006bf9   Thumb Code    66  sqrt.o(i.sqrt)
    LUT_CFG                                  0x20006c46   Data          22  jump_table.o(.constdata)
    my_llc_state_handler                     0x20006f04   Data         176  llc.obj(.constdata)
    my_llc_default_handler                   0x20006fb4   Data           8  llc.obj(.constdata)
    TASK_DESC_LLC                            0x20006fbc   Data          16  llc.obj(.constdata)
    SPI_FLASH_KNOWN_DEVICES_PARAMETERS_LIST  0x20006fcc   Data          80  spi_flash.o(.constdata)
    bas_att_db                               0x2000701c   Data          60  bass.o(.constdata)
    bas_svc                                  0x20007058   Data           2  bass.o(.constdata)
    bas_batt_level_char                      0x2000705a   Data           5  bass.o(.constdata)
    bass_disabled                            0x20007070   Data           8  bass_task.o(.constdata)
    bass_idle                                0x20007078   Data           8  bass_task.o(.constdata)
    bass_connected                           0x20007080   Data          24  bass_task.o(.constdata)
    bass_default_state                       0x20007098   Data           8  bass_task.o(.constdata)
    bass_state_handler                       0x200070a0   Data          24  bass_task.o(.constdata)
    bass_default_handler                     0x200070b8   Data           8  bass_task.o(.constdata)
    spotar_service                           0x200070c0   Data           2  spotar.o(.constdata)
    spotar_patch_mem_dev_val                 0x200070c2   Data          16  spotar.o(.constdata)
    spotar_gpio_map_val                      0x200070d2   Data          16  spotar.o(.constdata)
    spotar_patch_mem_info_val                0x200070e2   Data          16  spotar.o(.constdata)
    spotar_patch_len_val                     0x200070f2   Data          16  spotar.o(.constdata)
    spotar_patch_data_val                    0x20007102   Data          16  spotar.o(.constdata)
    spotar_patch_status_val                  0x20007112   Data          16  spotar.o(.constdata)
    spotar_disabled                          0x20007134   Data           8  spotar_task.o(.constdata)
    spotar_idle                              0x2000713c   Data           8  spotar_task.o(.constdata)
    spotar_active                            0x20007144   Data          24  spotar_task.o(.constdata)
    spotar_default_state                     0x2000715c   Data           8  spotar_task.o(.constdata)
    spotar_state_handler                     0x20007164   Data          24  spotar_task.o(.constdata)
    spotar_default_handler                   0x2000717c   Data           8  spotar_task.o(.constdata)
    diss_att_db                              0x20007184   Data         228  diss.o(.constdata)
    diss_dis_svc                             0x20007268   Data           2  diss.o(.constdata)
    diss_manufacturer_name_char              0x2000726a   Data           5  diss.o(.constdata)
    diss_model_nb_str_char                   0x2000726f   Data           5  diss.o(.constdata)
    diss_serial_nb_str_char                  0x20007274   Data           5  diss.o(.constdata)
    diss_hard_rev_str_char                   0x20007279   Data           5  diss.o(.constdata)
    diss_firm_rev_str_char                   0x2000727e   Data           5  diss.o(.constdata)
    diss_sw_rev_str_char                     0x20007283   Data           5  diss.o(.constdata)
    diss_system_id_char                      0x20007288   Data           5  diss.o(.constdata)
    diss_ieee_char                           0x2000728d   Data           5  diss.o(.constdata)
    diss_pnp_id_char                         0x20007292   Data           5  diss.o(.constdata)
    diss_disabled                            0x200072a8   Data           8  diss_task.o(.constdata)
    diss_idle                                0x200072b0   Data          16  diss_task.o(.constdata)
    diss_default_state                       0x200072c0   Data           8  diss_task.o(.constdata)
    diss_state_handler                       0x200072c8   Data          24  diss_task.o(.constdata)
    diss_default_handler                     0x200072e0   Data           8  diss_task.o(.constdata)
    prf_funcs                                0x2000733c   Data          48  app.o(.constdata)
    app_default_state                        0x200073b8   Data           8  app_task.o(.constdata)
    app_default_handler                      0x200073c0   Data           8  app_task.o(.constdata)
    app_process_handlers                     0x200073cc   Data          24  app_entry_point.o(.constdata)
    app_bass_process_handlers                0x200073e4   Data          48  app_bass_task.o(.constdata)
    app_spota_process_handlers               0x20007414   Data          40  app_spotar_task.o(.constdata)
    AFE44xx_Default_Register_500Hz_Settings  0x2000744c   Data         196  afe4400.o(.constdata)
    SAMPLINGTIME                             0x20007658   Data           4  ecgtohr.o(.constdata)
    sps_att_db                               0x200076a4   Data         208  sps_server.o(.constdata)
    sps_server_disabled                      0x20007784   Data           8  sps_server_task.o(.constdata)
    sps_server_idle                          0x2000778c   Data           8  sps_server_task.o(.constdata)
    sps_server_active                        0x20007794   Data          40  sps_server_task.o(.constdata)
    sps_server_state_handler                 0x200077bc   Data          24  sps_server_task.o(.constdata)
    sps_server_default_handler               0x200077d4   Data           8  sps_server_task.o(.constdata)
    user_spss_process_handlers               0x200077e0   Data          48  user_spss_task.o(.constdata)
    Region$$Table$$Base                      0x20007840   Number         0  anon$$obj.o(Region$$Table)
    Region$$Table$$Limit                     0x20007870   Number         0  anon$$obj.o(Region$$Table)
    startup_sleep_delay                      0x20007870   Data           4  arch_system.o(.data)
    spotar_patch_mem_dev_char                0x20007874   Data          19  spotar.o(.data)
    spotar_gpio_map_char                     0x20007887   Data          19  spotar.o(.data)
    spotar_patch_mem_info_char               0x2000789a   Data          19  spotar.o(.data)
    spotar_patch_len_char                    0x200078ad   Data          19  spotar.o(.data)
    spotar_patch_data_char                   0x200078c0   Data          19  spotar.o(.data)
    spotar_patch_status_char                 0x200078d3   Data          19  spotar.o(.data)
    resetcnt                                 0x200078e8   Data           2  user_periph_setup.o(.data)
    ADS1292R_Default_Register_Settings       0x200078ea   Data          12  ads1292.o(.data)
    __microlib_freelist                      0x20007930   Data           4  mvars.o(.data)
    __microlib_freelist_initialised          0x20007934   Data           4  mvars.o(.data)
    systemstat                               0x20008000   Data           1  user_periph_setup.o(.bss)
    charging                                 0x20008001   Data           1  user_periph_setup.o(.bss)
    battcheck                                0x20008002   Data           1  user_periph_setup.o(.bss)
    ldcnt                                    0x20008008   Data           2  user_periph_setup.o(.bss)
    ldoff                                    0x2000800a   Data           2  user_periph_setup.o(.bss)
    leastbeep                                0x2000800c   Data           2  user_periph_setup.o(.bss)
    spi_FLASH_CS_Pad                         0x2000800e   Data           2  user_periph_setup.o(.bss)
    rri_ready                                0x20008010   Data           2  user_periph_setup.o(.bss)
    timer_used                               0x20008012   Data           2  user_periph_setup.o(.bss)
    m_PPG                                    0x20008014   Data           4  user_periph_setup.o(.bss)
    m_PPG_pre                                0x20008018   Data           4  user_periph_setup.o(.bss)
    m_PPG_LPF                                0x2000801c   Data           4  user_periph_setup.o(.bss)
    m_PPG_LPF_pre                            0x20008020   Data           4  user_periph_setup.o(.bss)
    m_PPG_HPF                                0x20008024   Data           4  user_periph_setup.o(.bss)
    m_PPG_HPF_pre                            0x20008028   Data           4  user_periph_setup.o(.bss)
    n_ECG                                    0x20008030   Data           4  user_periph_setup.o(.bss)
    n_ECG_pre                                0x20008034   Data           4  user_periph_setup.o(.bss)
    n_ECG_LPF                                0x20008038   Data           4  user_periph_setup.o(.bss)
    n_ECG_LPF_pre                            0x2000803c   Data           4  user_periph_setup.o(.bss)
    n_ECG_HPF_pre                            0x20008040   Data           4  user_periph_setup.o(.bss)
    n_ECG_HPF                                0x20008044   Data           4  user_periph_setup.o(.bss)
    ecgbuff                                  0x20008048   Data         140  user_periph_setup.o(.bss)
    Mdata                                    0x200080d4   Data          60  dsp.o(.bss)
    IsPeak                                   0x20008378   Data           1  ecgtohr.o(.bss)
    m_EcgInitFlag                            0x2000837c   Data           4  ecgtohr.o(.bss)
    m_ECG                                    0x20008380   Data           4  ecgtohr.o(.bss)
    m_ECG_pre                                0x20008384   Data           4  ecgtohr.o(.bss)
    m_ECG_diff                               0x20008388   Data           4  ecgtohr.o(.bss)
    m_ECG_LPF                                0x2000838c   Data           4  ecgtohr.o(.bss)
    m_ECG_LPF_pre                            0x20008390   Data           4  ecgtohr.o(.bss)
    m_ECG_HPF_pre                            0x20008394   Data           4  ecgtohr.o(.bss)
    m_ECG_HPF                                0x20008398   Data           4  ecgtohr.o(.bss)
    m_ECG_LPF_diff                           0x2000839c   Data           4  ecgtohr.o(.bss)
    m_ECG_Peak_Index                         0x200083a0   Data           4  ecgtohr.o(.bss)
    m_TimeIndexECG                           0x200083a4   Data           4  ecgtohr.o(.bss)
    m_RR_IntervalCnt                         0x200083a8   Data           4  ecgtohr.o(.bss)
    m_ECG_Shift                              0x200083ac   Data           4  ecgtohr.o(.bss)
    m_ECG_LPF_Shift                          0x200083b0   Data           4  ecgtohr.o(.bss)
    m_ECG_Diff_Shift                         0x200083b4   Data           4  ecgtohr.o(.bss)
    m_ECG_Diff_Shift_pre                     0x200083b8   Data           4  ecgtohr.o(.bss)
    m_ECG_Lpf_Diff_Shift                     0x200083bc   Data           4  ecgtohr.o(.bss)
    rmsMax                                   0x200083c0   Data           4  ecgtohr.o(.bss)
    rmsMax_next                              0x200083c4   Data           4  ecgtohr.o(.bss)
    rmsMaxUsedCount                          0x200083c8   Data           4  ecgtohr.o(.bss)
    shiftCnt                                 0x200083cc   Data           4  ecgtohr.o(.bss)
    resultRRI                                0x200083d0   Data           4  ecgtohr.o(.bss)
    resultAmplitude                          0x200083d4   Data           4  ecgtohr.o(.bss)
    ECGShiftBuffer                           0x200083d8   Data          40  ecgtohr.o(.bss)
    ECGLPFShiftBuffer                        0x20008400   Data          40  ecgtohr.o(.bss)
    ECGDiffShiftBuffer                       0x20008428   Data          40  ecgtohr.o(.bss)
    ECGLpfDiffShiftBuffer                    0x20008450   Data          40  ecgtohr.o(.bss)
    __heap_base                              0x20008478   Data           0  boot_vectors.o(HEAP)
    __heap_limit                             0x20008578   Data           0  boot_vectors.o(HEAP)
    dev_bdaddr                               0x20008578   Data           6  nvds.o(retention_mem_area0)
    sys_startup_flag                         0x2000857e   Data           1  arch_main.o(retention_mem_area0)
    sleep_md                                 0x2000857f   Data           1  arch_sleep.o(retention_mem_area0)
    sleep_pend                               0x20008580   Data           1  arch_sleep.o(retention_mem_area0)
    sleep_cnt                                0x20008581   Data           1  arch_sleep.o(retention_mem_area0)
    sleep_ext_force                          0x20008582   Data           1  arch_sleep.o(retention_mem_area0)
    cal_enable                               0x20008584   Data           1  arch_system.o(retention_mem_area0)
    force_rf_cal                             0x20008585   Data           1  arch_system.o(retention_mem_area0)
    lp_clk_sel                               0x20008588   Data           4  arch_system.o(retention_mem_area0)
    rcx_freq                                 0x2000858c   Data           4  arch_system.o(retention_mem_area0)
    rcx_period                               0x20008590   Data           4  arch_system.o(retention_mem_area0)
    rcx_slot_duration                        0x20008594   Data           4  arch_system.o(retention_mem_area0)
    alt_evts                                 0x20008598   Data          24  llc.obj(retention_mem_area0)
    wkupct_quad_IRQ_status                   0x200085b0   Data           1  wkupct_quadec.o(retention_mem_area0)
    arch_rwble_last_event                    0x200085be   Data           1  rwble.o(retention_mem_area0)
    set_boost_low_vbat1v_overhead            0x200085bf   Data           1  rwble.o(retention_mem_area0)
    fine_hit                                 0x200085c0   Data           1  rwble.o(retention_mem_area0)
    clk_freq_trim_reg_value                  0x200085c2   Data           2  rwble.o(retention_mem_area0)
    wakeup_lp_comp                           0x200085c4   Data           2  rwble.o(retention_mem_area0)
    bass_env                                 0x200085c6   Data          14  bass.o(retention_mem_area0)
    bass_state                               0x200085d4   Data           1  bass_task.o(retention_mem_area0)
    spotar_env                               0x200085d6   Data           8  spotar.o(retention_mem_area0)
    spotar_state                             0x200085de   Data           1  spotar_task.o(retention_mem_area0)
    diss_env                                 0x200085e0   Data          18  diss.o(retention_mem_area0)
    diss_state                               0x200085f2   Data           1  diss_task.o(retention_mem_area0)
    app_env                                  0x2000860c   Data          12  app.o(retention_mem_area0)
    app_prf_srv_perm                         0x20008618   Data          20  app.o(retention_mem_area0)
    app_state                                0x2000862c   Data           1  app_task.o(retention_mem_area0)
    cur_batt_level                           0x20008670   Data           1  app_bass.o(retention_mem_area0)
    batt_alert_en                            0x20008671   Data           1  app_bass.o(retention_mem_area0)
    bat_led_state                            0x20008672   Data           1  app_bass.o(retention_mem_area0)
    bat_lvl_alert_used                       0x20008673   Data           1  app_bass.o(retention_mem_area0)
    bat_led_port                             0x20008674   Data           1  app_bass.o(retention_mem_area0)
    bat_led_pin                              0x20008675   Data           1  app_bass.o(retention_mem_area0)
    bat_poll_timeout                         0x20008676   Data           2  app_bass.o(retention_mem_area0)
    spota_state                              0x20008680   Data          40  app_spotar.o(retention_mem_area0)
    spss_env                                 0x200086a8   Data          16  sps_server.o(retention_mem_area0)
    rwip_heap_non_ret                        0x200087f4   Data        2060  jump_table.o(heap_mem_area_not_ret)
    SystemCoreClock                          0x20009000   Data           0  rom_symdef.txt ABSOLUTE
    error                                    0x20009004   Data           0  rom_symdef.txt ABSOLUTE
    GPIOHandlerFunction                      0x20009020   Data          20  gpio.o(.bss)
    callback_function                        0x20009034   Data           4  systick.o(.bss)
    spi_driver_cs_pad                        0x20009038   Data           2  spi.o(.bss)
    spi_flash_device_index                   0x2000903c   Data           2  spi_flash.o(.bss)
    spi_flash_detected_device                0x20009040   Data           4  spi_flash.o(.bss)
    spi_flash_size                           0x20009044   Data           4  spi_flash.o(.bss)
    spi_flash_page_size                      0x20009048   Data           4  spi_flash.o(.bss)
    sps_server_state                         0x2000904c   Data           1  sps_server_task.o(.bss)
    connected                                0x2000904d   Data           1  user_sps_device.o(.bss)
    spota_new_pd                             0x20009050   Data          80  app_spotar.o(spotar_patch_area)
    spota_all_pd                             0x200090a0   Data         256  app_spotar.o(spotar_patch_area)
    __initial_sp                             0x20009800   Data           0  boot_vectors.o(STACK)



==============================================================================

Memory Map of the image

  Image Entry point : 0x20000441

  Load Region LR_IROM1 (Base: 0x20000000, Size: 0x000000a0, Max: 0x00000160, ABSOLUTE)

    Execution Region ER_IROM1 (Base: 0x20000000, Size: 0x000000a0, Max: 0x00000160, ABSOLUTE)

    Base Addr    Size         Type   Attr      Idx    E Section Name        Object

    0x20000000   0x000000a0   Data   RO          231    RESET               boot_vectors.o



  Load Region LR_IROM2 (Base: 0x20000160, Size: 0x00000160, Max: 0x00000160, ABSOLUTE)

    Execution Region ER_IROM2 (Base: 0x20000160, Size: 0x00000160, Max: 0x00000160, ABSOLUTE)

    Base Addr    Size         Type   Attr      Idx    E Section Name        Object

    0x20000160   0x00000160   Data   RO          572    jump_table_mem_area  jump_table.o



  Load Region LR_IROM3 (Base: 0x200002c0, Size: 0x00000064, Max: 0x00000080, ABSOLUTE)

    Execution Region ER_IROM3 (Base: 0x200002c0, Size: 0x00000064, Max: 0x00000080, ABSOLUTE)

    Base Addr    Size         Type   Attr      Idx    E Section Name        Object

    0x200002c0   0x00000064   Data   RO         1504    timeout_table_area  gapm.o



  Load Region LR_IROM4 (Base: 0x20000340, Size: 0x000000a4, Max: 0x00000100, ABSOLUTE)

    Execution Region ER_IROM4 (Base: 0x20000340, Size: 0x000000a4, Max: 0x00000100, ABSOLUTE)

    Base Addr    Size         Type   Attr      Idx    E Section Name        Object

    0x20000340   0x000000a4   Data   RO          290    nvds_data_storage_area  nvds.o



  Load Region LR_IROM5 (Base: 0x20000440, Size: 0x000074fc, Max: 0x000093c0, ABSOLUTE)

    Execution Region ER_IROM5 (Base: 0x20000440, Size: 0x000074fc, Max: 0x00007ac0, ABSOLUTE)

    Base Addr    Size         Type   Attr      Idx    E Section Name        Object

    0x20000440   0x00000000   Code   RO         2844  * .ARM.Collect$$$$00000000  mc_p.l(entry.o)
    0x20000440   0x00000004   Code   RO         2897    .ARM.Collect$$$$00000001  mc_p.l(entry2.o)
    0x20000444   0x00000004   Code   RO         2900    .ARM.Collect$$$$00000004  mc_p.l(entry5.o)
    0x20000448   0x00000000   Code   RO         2902    .ARM.Collect$$$$00000008  mc_p.l(entry7b.o)
    0x20000448   0x00000000   Code   RO         2904    .ARM.Collect$$$$0000000A  mc_p.l(entry8b.o)
    0x20000448   0x00000008   Code   RO         2905    .ARM.Collect$$$$0000000B  mc_p.l(entry9a.o)
    0x20000450   0x00000000   Code   RO         2907    .ARM.Collect$$$$0000000D  mc_p.l(entry10a.o)
    0x20000450   0x00000000   Code   RO         2909    .ARM.Collect$$$$0000000F  mc_p.l(entry11a.o)
    0x20000450   0x00000004   Code   RO         2898    .ARM.Collect$$$$00002712  mc_p.l(entry2.o)
    0x20000454   0x00000050   Code   RO            2    .text               system_armcm0.o
    0x200004a4   0x0000006c   Code   RO          232    .text               boot_vectors.o
    0x20000510   0x00000018   Code   RO          237    .text               hardfault_handler.o
    0x20000528   0x00000038   Code   RO          258    .text               nmi_handler.o
    0x20000560   0x00000208   Code   RO          288    .text               nvds.o
    0x20000768   0x000001c8   Code   RO          312    .text               arch_main.o
    0x20000930   0x00000002   Code   RO          566    .text               jump_table.o
    0x20000932   0x00000002   PAD
    0x20000934   0x000000c4   Code   RO          655    .text               arch_sleep.o
    0x200009f8   0x00000350   Code   RO          707    .text               arch_system.o
    0x20000d48   0x00000178   Code   RO          826    .text               arch_patch.o
    0x20000ec0   0x000000ec   Code   RO          895    .text               atts_task.obj
    0x20000fac   0x000000c4   Code   RO          897    .text               ch_map.obj
    0x20001070   0x00000180   Code   RO          899    .text               gapm_util.obj
    0x200011f0   0x000000b8   Code   RO          901    .text               ke_task.obj
    0x200012a8   0x0000015c   Code   RO          903    .text               smpc.obj
    0x20001404   0x00000214   Code   RO          905    .text               smpc_task.obj
    0x20001618   0x0000027c   Code   RO          907    .text               llc.obj
    0x20001894   0x0000002c   Code   RO          931    .text               syscntl.o
    0x200018c0   0x0000021c   Code   RO          951    .text               gpio.o
    0x20001adc   0x000000a4   Code   RO          989    .text               battery.o
    0x20001b80   0x00000120   Code   RO         1014    .text               adc.o
    0x20001ca0   0x000001bc   Code   RO         1035    .text               trng.o
    0x20001e5c   0x00000010   Code   RO         1049    .text               systick.o
    0x20001e6c   0x0000013c   Code   RO         1096    .text               spi.o
    0x20001fa8   0x00000078   Code   RO         1120    .text               wkupct_quadec.o
    0x20002020   0x000002d4   Code   RO         1232    .text               spi_flash.o
    0x200022f4   0x000002ec   Code   RO         1301    .text               rf_580.o
    0x200025e0   0x0000032c   Code   RO         1347    .text               rwble.o
    0x2000290c   0x00000190   Code   RO         1476    .text               rwip.o
    0x20002a9c   0x00000114   Code   RO         1523    .text               attm_db_128.o
    0x20002bb0   0x000000f0   Code   RO         1552    .text               prf_utils.o
    0x20002ca0   0x000000c0   Code   RO         1587    .text               bass.o
    0x20002d60   0x00000314   Code   RO         1613    .text               bass_task.o
    0x20003074   0x00000054   Code   RO         1636    .text               spotar.o
    0x200030c8   0x0000045c   Code   RO         1685    .text               spotar_task.o
    0x20003524   0x000000a4   Code   RO         1708    .text               diss.o
    0x200035c8   0x000000fc   Code   RO         1742    .text               diss_task.o
    0x200036c4   0x00000068   Code   RO         1764    .text               app_default_handlers.o
    0x2000372c   0x00000414   Code   RO         1823    .text               app.o
    0x20003b40   0x000001f4   Code   RO         1982    .text               app_task.o
    0x20003d34   0x00000088   Code   RO         2073    .text               app_entry_point.o
    0x20003dbc   0x00000026   Code   RO         2094    .text               app_msg_utils.o
    0x20003de2   0x00000002   PAD
    0x20003de4   0x00000048   Code   RO         2118    .text               app_easy_msg_utils.o
    0x20003e2c   0x00000002   Code   RO         2312    .text               app_easy_timer.o
    0x20003e2e   0x00000002   PAD
    0x20003e30   0x00000134   Code   RO         2313    .text               app_easy_timer.o
    0x20003f64   0x00000160   Code   RO         2349    .text               app_bass.o
    0x200040c4   0x000000c4   Code   RO         2386    .text               app_bass_task.o
    0x20004188   0x000006ec   Code   RO         2406    .text               app_spotar.o
    0x20004874   0x0000018c   Code   RO         2433    .text               app_spotar_task.o
    0x20004a00   0x00000048   Code   RO         2458    .text               app_diss.o
    0x20004a48   0x00000164   Code   RO         2476    .text               app_diss_task.o
    0x20004bac   0x00000ab0   Code   RO         2490    .text               user_periph_setup.o
    0x2000565c   0x000000b8   Code   RO         2526    .text               ads1292.o
    0x20005714   0x0000009c   Code   RO         2553    .text               afe4400.o
    0x200057b0   0x00000084   Code   RO         2577    .text               dsp.o
    0x20005834   0x00000204   Code   RO         2650    .text               ecgtohr.o
    0x20005a38   0x000000ac   Code   RO         2695    .text               sps_server.o
    0x20005ae4   0x00000234   Code   RO         2731    .text               sps_server_task.o
    0x20005d18   0x00000148   Code   RO         2758    .text               user_sps_device.o
    0x20005e60   0x00000038   Code   RO         2796    .text               user_spss.o
    0x20005e98   0x00000090   Code   RO         2820    .text               user_spss_task.o
    0x20005f28   0x000000b2   Code   RO         2873    .text               mf_p.l(fadd.o)
    0x20005fda   0x0000007a   Code   RO         2875    .text               mf_p.l(fmul.o)
    0x20006054   0x0000007c   Code   RO         2877    .text               mf_p.l(fdiv.o)
    0x200060d0   0x00000164   Code   RO         2881    .text               mf_p.l(dadd.o)
    0x20006234   0x000000f0   Code   RO         2883    .text               mf_p.l(ddiv.o)
    0x20006324   0x00000016   Code   RO         2885    .text               mf_p.l(fflti.o)
    0x2000633a   0x00000032   Code   RO         2887    .text               mf_p.l(ffixi.o)
    0x2000636c   0x00000028   Code   RO         2889    .text               mf_p.l(f2d.o)
    0x20006394   0x00000028   Code   RO         2891    .text               mf_p.l(cdrcmple.o)
    0x200063bc   0x00000038   Code   RO         2893    .text               mf_p.l(d2f.o)
    0x200063f4   0x00000014   Code   RO         2895    .text               mf_p.l(cfrcmple.o)
    0x20006408   0x00000026   Code   RO         2911    .text               mc_p.l(llsshr.o)
    0x2000642e   0x00000082   Code   RO         2922    .text               mf_p.l(fepilogue.o)
    0x200064b0   0x000000a2   Code   RO         2924    .text               mf_p.l(dsqrt.o)
    0x20006552   0x00000002   PAD
    0x20006554   0x00000024   Code   RO         2926    .text               mc_p.l(init.o)
    0x20006578   0x0000000c   Ven    RO         2936    Veneer$$Code        anon$$obj.o
    0x20006584   0x0000000c   Ven    RO         2937    Veneer$$Code        anon$$obj.o
    0x20006590   0x0000000c   Ven    RO         2938    Veneer$$Code        anon$$obj.o
    0x2000659c   0x0000000c   Ven    RO         2939    Veneer$$Code        anon$$obj.o
    0x200065a8   0x0000000c   Ven    RO         2940    Veneer$$Code        anon$$obj.o
    0x200065b4   0x0000000c   Ven    RO         2941    Veneer$$Code        anon$$obj.o
    0x200065c0   0x0000000c   Ven    RO         2942    Veneer$$Code        anon$$obj.o
    0x200065cc   0x0000000c   Ven    RO         2943    Veneer$$Code        anon$$obj.o
    0x200065d8   0x0000000c   Ven    RO         2944    Veneer$$Code        anon$$obj.o
    0x200065e4   0x0000000c   Ven    RO         2945    Veneer$$Code        anon$$obj.o
    0x200065f0   0x0000000c   Ven    RO         2946    Veneer$$Code        anon$$obj.o
    0x200065fc   0x0000000c   Ven    RO         2947    Veneer$$Code        anon$$obj.o
    0x20006608   0x0000000c   Ven    RO         2948    Veneer$$Code        anon$$obj.o
    0x20006614   0x0000000c   Ven    RO         2949    Veneer$$Code        anon$$obj.o
    0x20006620   0x0000000c   Ven    RO         2950    Veneer$$Code        anon$$obj.o
    0x2000662c   0x0000000c   Ven    RO         2951    Veneer$$Code        anon$$obj.o
    0x20006638   0x0000000c   Ven    RO         2952    Veneer$$Code        anon$$obj.o
    0x20006644   0x0000000c   Ven    RO         2953    Veneer$$Code        anon$$obj.o
    0x20006650   0x0000000c   Ven    RO         2954    Veneer$$Code        anon$$obj.o
    0x2000665c   0x0000000c   Ven    RO         2955    Veneer$$Code        anon$$obj.o
    0x20006668   0x0000000c   Ven    RO         2956    Veneer$$Code        anon$$obj.o
    0x20006674   0x0000000c   Ven    RO         2957    Veneer$$Code        anon$$obj.o
    0x20006680   0x0000000c   Ven    RO         2958    Veneer$$Code        anon$$obj.o
    0x2000668c   0x0000000c   Ven    RO         2959    Veneer$$Code        anon$$obj.o
    0x20006698   0x0000000c   Ven    RO         2960    Veneer$$Code        anon$$obj.o
    0x200066a4   0x0000000c   Ven    RO         2961    Veneer$$Code        anon$$obj.o
    0x200066b0   0x0000000c   Ven    RO         2962    Veneer$$Code        anon$$obj.o
    0x200066bc   0x0000000c   Ven    RO         2963    Veneer$$Code        anon$$obj.o
    0x200066c8   0x0000000c   Ven    RO         2964    Veneer$$Code        anon$$obj.o
    0x200066d4   0x0000000c   Ven    RO         2965    Veneer$$Code        anon$$obj.o
    0x200066e0   0x0000000c   Ven    RO         2966    Veneer$$Code        anon$$obj.o
    0x200066ec   0x0000000c   Ven    RO         2967    Veneer$$Code        anon$$obj.o
    0x200066f8   0x0000000c   Ven    RO         2968    Veneer$$Code        anon$$obj.o
    0x20006704   0x0000000c   Ven    RO         2969    Veneer$$Code        anon$$obj.o
    0x20006710   0x0000000c   Ven    RO         2970    Veneer$$Code        anon$$obj.o
    0x2000671c   0x0000000c   Ven    RO         2971    Veneer$$Code        anon$$obj.o
    0x20006728   0x0000000c   Ven    RO         2972    Veneer$$Code        anon$$obj.o
    0x20006734   0x0000000c   Ven    RO         2973    Veneer$$Code        anon$$obj.o
    0x20006740   0x0000000c   Ven    RO         2974    Veneer$$Code        anon$$obj.o
    0x2000674c   0x0000000c   Ven    RO         2975    Veneer$$Code        anon$$obj.o
    0x20006758   0x0000000c   Ven    RO         2976    Veneer$$Code        anon$$obj.o
    0x20006764   0x0000000c   Ven    RO         2977    Veneer$$Code        anon$$obj.o
    0x20006770   0x0000000c   Ven    RO         2978    Veneer$$Code        anon$$obj.o
    0x2000677c   0x0000000c   Ven    RO         2979    Veneer$$Code        anon$$obj.o
    0x20006788   0x0000000c   Ven    RO         2980    Veneer$$Code        anon$$obj.o
    0x20006794   0x0000000c   Ven    RO         2981    Veneer$$Code        anon$$obj.o
    0x200067a0   0x0000000c   Ven    RO         2982    Veneer$$Code        anon$$obj.o
    0x200067ac   0x0000000c   Ven    RO         2983    Veneer$$Code        anon$$obj.o
    0x200067b8   0x0000000c   Ven    RO         2984    Veneer$$Code        anon$$obj.o
    0x200067c4   0x0000000c   Ven    RO         2985    Veneer$$Code        anon$$obj.o
    0x200067d0   0x0000000c   Ven    RO         2986    Veneer$$Code        anon$$obj.o
    0x200067dc   0x0000000c   Ven    RO         2987    Veneer$$Code        anon$$obj.o
    0x200067e8   0x0000000c   Ven    RO         2988    Veneer$$Code        anon$$obj.o
    0x200067f4   0x0000000c   Ven    RO         2989    Veneer$$Code        anon$$obj.o
    0x20006800   0x0000000c   Ven    RO         2990    Veneer$$Code        anon$$obj.o
    0x2000680c   0x0000000c   Ven    RO         2991    Veneer$$Code        anon$$obj.o
    0x20006818   0x0000000c   Ven    RO         2992    Veneer$$Code        anon$$obj.o
    0x20006824   0x0000000c   Ven    RO         2993    Veneer$$Code        anon$$obj.o
    0x20006830   0x0000000c   Ven    RO         2994    Veneer$$Code        anon$$obj.o
    0x2000683c   0x0000000c   Ven    RO         2995    Veneer$$Code        anon$$obj.o
    0x20006848   0x0000000c   Ven    RO         2996    Veneer$$Code        anon$$obj.o
    0x20006854   0x0000000c   Ven    RO         2997    Veneer$$Code        anon$$obj.o
    0x20006860   0x0000000c   Ven    RO         2998    Veneer$$Code        anon$$obj.o
    0x2000686c   0x0000000c   Ven    RO         2999    Veneer$$Code        anon$$obj.o
    0x20006878   0x0000000c   Ven    RO         3000    Veneer$$Code        anon$$obj.o
    0x20006884   0x0000000c   Ven    RO         3001    Veneer$$Code        anon$$obj.o
    0x20006890   0x0000000c   Ven    RO         3002    Veneer$$Code        anon$$obj.o
    0x2000689c   0x0000000c   Ven    RO         3003    Veneer$$Code        anon$$obj.o
    0x200068a8   0x0000000c   Ven    RO         3004    Veneer$$Code        anon$$obj.o
    0x200068b4   0x0000000c   Ven    RO         3005    Veneer$$Code        anon$$obj.o
    0x200068c0   0x0000000c   Ven    RO         3006    Veneer$$Code        anon$$obj.o
    0x200068cc   0x0000000c   Ven    RO         3007    Veneer$$Code        anon$$obj.o
    0x200068d8   0x0000000c   Ven    RO         3008    Veneer$$Code        anon$$obj.o
    0x200068e4   0x0000000c   Ven    RO         3009    Veneer$$Code        anon$$obj.o
    0x200068f0   0x0000000c   Ven    RO         3010    Veneer$$Code        anon$$obj.o
    0x200068fc   0x0000000c   Ven    RO         3011    Veneer$$Code        anon$$obj.o
    0x20006908   0x0000000c   Ven    RO         3012    Veneer$$Code        anon$$obj.o
    0x20006914   0x0000000c   Ven    RO         3013    Veneer$$Code        anon$$obj.o
    0x20006920   0x0000000c   Ven    RO         3014    Veneer$$Code        anon$$obj.o
    0x2000692c   0x0000000c   Ven    RO         3015    Veneer$$Code        anon$$obj.o
    0x20006938   0x0000000c   Ven    RO         3016    Veneer$$Code        anon$$obj.o
    0x20006944   0x0000000c   Ven    RO         3017    Veneer$$Code        anon$$obj.o
    0x20006950   0x0000000c   Ven    RO         3018    Veneer$$Code        anon$$obj.o
    0x2000695c   0x0000000c   Ven    RO         3019    Veneer$$Code        anon$$obj.o
    0x20006968   0x0000000c   Ven    RO         3020    Veneer$$Code        anon$$obj.o
    0x20006974   0x0000000c   Ven    RO         3021    Veneer$$Code        anon$$obj.o
    0x20006980   0x0000000c   Ven    RO         3022    Veneer$$Code        anon$$obj.o
    0x2000698c   0x0000000c   Ven    RO         3023    Veneer$$Code        anon$$obj.o
    0x20006998   0x0000000c   Ven    RO         3024    Veneer$$Code        anon$$obj.o
    0x200069a4   0x0000000c   Ven    RO         3025    Veneer$$Code        anon$$obj.o
    0x200069b0   0x0000000c   Ven    RO         3026    Veneer$$Code        anon$$obj.o
    0x200069bc   0x0000000c   Ven    RO         3027    Veneer$$Code        anon$$obj.o
    0x200069c8   0x0000000c   Ven    RO         3028    Veneer$$Code        anon$$obj.o
    0x200069d4   0x0000000c   Ven    RO         3029    Veneer$$Code        anon$$obj.o
    0x200069e0   0x0000000c   Ven    RO         3030    Veneer$$Code        anon$$obj.o
    0x200069ec   0x0000000c   Ven    RO         3031    Veneer$$Code        anon$$obj.o
    0x200069f8   0x0000000c   Ven    RO         3032    Veneer$$Code        anon$$obj.o
    0x20006a04   0x0000000c   Ven    RO         3033    Veneer$$Code        anon$$obj.o
    0x20006a10   0x0000000c   Ven    RO         3034    Veneer$$Code        anon$$obj.o
    0x20006a1c   0x0000000c   Ven    RO         3035    Veneer$$Code        anon$$obj.o
    0x20006a28   0x0000000c   Ven    RO         3036    Veneer$$Code        anon$$obj.o
    0x20006a34   0x0000000c   Ven    RO         3037    Veneer$$Code        anon$$obj.o
    0x20006a40   0x0000000c   Ven    RO         3038    Veneer$$Code        anon$$obj.o
    0x20006a4c   0x0000000c   Ven    RO         3039    Veneer$$Code        anon$$obj.o
    0x20006a58   0x0000000c   Ven    RO         3040    Veneer$$Code        anon$$obj.o
    0x20006a64   0x0000000c   Ven    RO         3041    Veneer$$Code        anon$$obj.o
    0x20006a70   0x0000000c   Ven    RO         3042    Veneer$$Code        anon$$obj.o
    0x20006a7c   0x0000000c   Ven    RO         3043    Veneer$$Code        anon$$obj.o
    0x20006a88   0x0000000c   Ven    RO         3044    Veneer$$Code        anon$$obj.o
    0x20006a94   0x0000000c   Ven    RO         3045    Veneer$$Code        anon$$obj.o
    0x20006aa0   0x0000000c   Ven    RO         3046    Veneer$$Code        anon$$obj.o
    0x20006aac   0x0000000c   Ven    RO         3047    Veneer$$Code        anon$$obj.o
    0x20006ab8   0x0000000c   Ven    RO         3048    Veneer$$Code        anon$$obj.o
    0x20006ac4   0x0000000c   Ven    RO         3049    Veneer$$Code        anon$$obj.o
    0x20006ad0   0x0000000c   Ven    RO         3050    Veneer$$Code        anon$$obj.o
    0x20006adc   0x0000000c   Ven    RO         3051    Veneer$$Code        anon$$obj.o
    0x20006ae8   0x0000000c   Ven    RO         3052    Veneer$$Code        anon$$obj.o
    0x20006af4   0x0000000c   Ven    RO         3053    Veneer$$Code        anon$$obj.o
    0x20006b00   0x0000000c   Ven    RO         3054    Veneer$$Code        anon$$obj.o
    0x20006b0c   0x0000000e   Code   RO         2930    i.__scatterload_copy  mc_p.l(handlers.o)
    0x20006b1a   0x00000002   Code   RO         2931    i.__scatterload_null  mc_p.l(handlers.o)
    0x20006b1c   0x0000000e   Code   RO         2932    i.__scatterload_zeroinit  mc_p.l(handlers.o)
    0x20006b2a   0x00000002   PAD
    0x20006b2c   0x0000000c   Code   RO         2917    i.__set_errno       mc_p.l(errno.o)
    0x20006b38   0x00000054   Code   RO         2845    i.free              mc_p.l(malloc.o)
    0x20006b8c   0x0000006c   Code   RO         2846    i.malloc            mc_p.l(malloc.o)
    0x20006bf8   0x00000048   Code   RO         2837    i.sqrt              m_ps.l(sqrt.o)
    0x20006c40   0x00000006   Data   RO          289    .constdata          nvds.o
    0x20006c46   0x00000016   Data   RO          567    .constdata          jump_table.o
    0x20006c5c   0x00000130   Data   RO          827    .constdata          arch_patch.o
    0x20006d8c   0x00000008   Data   RO          828    .constdata          arch_patch.o
    0x20006d94   0x00000030   Data   RO          829    .constdata          arch_patch.o
    0x20006dc4   0x00000130   Data   RO          908    .constdata          llc.obj
    0x20006ef4   0x00000010   Data   RO          909    .constdata          llc.obj
    0x20006f04   0x000000b0   Data   RO          910    .constdata          llc.obj
    0x20006fb4   0x00000008   Data   RO          911    .constdata          llc.obj
    0x20006fbc   0x00000010   Data   RO          912    .constdata          llc.obj
    0x20006fcc   0x00000050   Data   RO         1243    .constdata          spi_flash.o
    0x2000701c   0x0000003c   Data   RO         1588    .constdata          bass.o
    0x20007058   0x00000002   Data   RO         1589    .constdata          bass.o
    0x2000705a   0x00000005   Data   RO         1590    .constdata          bass.o
    0x2000705f   0x00000001   PAD
    0x20007060   0x00000010   Data   RO         1591    .constdata          bass.o
    0x20007070   0x00000008   Data   RO         1614    .constdata          bass_task.o
    0x20007078   0x00000008   Data   RO         1615    .constdata          bass_task.o
    0x20007080   0x00000018   Data   RO         1616    .constdata          bass_task.o
    0x20007098   0x00000008   Data   RO         1617    .constdata          bass_task.o
    0x200070a0   0x00000018   Data   RO         1618    .constdata          bass_task.o
    0x200070b8   0x00000008   Data   RO         1619    .constdata          bass_task.o
    0x200070c0   0x00000002   Data   RO         1644    .constdata          spotar.o
    0x200070c2   0x00000010   Data   RO         1645    .constdata          spotar.o
    0x200070d2   0x00000010   Data   RO         1646    .constdata          spotar.o
    0x200070e2   0x00000010   Data   RO         1647    .constdata          spotar.o
    0x200070f2   0x00000010   Data   RO         1648    .constdata          spotar.o
    0x20007102   0x00000010   Data   RO         1649    .constdata          spotar.o
    0x20007112   0x00000010   Data   RO         1650    .constdata          spotar.o
    0x20007122   0x00000002   PAD
    0x20007124   0x00000010   Data   RO         1651    .constdata          spotar.o
    0x20007134   0x00000008   Data   RO         1686    .constdata          spotar_task.o
    0x2000713c   0x00000008   Data   RO         1687    .constdata          spotar_task.o
    0x20007144   0x00000018   Data   RO         1688    .constdata          spotar_task.o
    0x2000715c   0x00000008   Data   RO         1689    .constdata          spotar_task.o
    0x20007164   0x00000018   Data   RO         1690    .constdata          spotar_task.o
    0x2000717c   0x00000008   Data   RO         1691    .constdata          spotar_task.o
    0x20007184   0x000000e4   Data   RO         1709    .constdata          diss.o
    0x20007268   0x00000002   Data   RO         1710    .constdata          diss.o
    0x2000726a   0x00000005   Data   RO         1711    .constdata          diss.o
    0x2000726f   0x00000005   Data   RO         1712    .constdata          diss.o
    0x20007274   0x00000005   Data   RO         1713    .constdata          diss.o
    0x20007279   0x00000005   Data   RO         1714    .constdata          diss.o
    0x2000727e   0x00000005   Data   RO         1715    .constdata          diss.o
    0x20007283   0x00000005   Data   RO         1716    .constdata          diss.o
    0x20007288   0x00000005   Data   RO         1717    .constdata          diss.o
    0x2000728d   0x00000005   Data   RO         1718    .constdata          diss.o
    0x20007292   0x00000005   Data   RO         1719    .constdata          diss.o
    0x20007297   0x00000001   PAD
    0x20007298   0x00000010   Data   RO         1720    .constdata          diss.o
    0x200072a8   0x00000008   Data   RO         1743    .constdata          diss_task.o
    0x200072b0   0x00000010   Data   RO         1744    .constdata          diss_task.o
    0x200072c0   0x00000008   Data   RO         1745    .constdata          diss_task.o
    0x200072c8   0x00000018   Data   RO         1746    .constdata          diss_task.o
    0x200072e0   0x00000008   Data   RO         1747    .constdata          diss_task.o
    0x200072e8   0x00000094   Data   RO         1845    .constdata          app.o
    0x2000737c   0x0000003c   Data   RO         1984    .constdata          app_task.o
    0x200073b8   0x00000008   Data   RO         1985    .constdata          app_task.o
    0x200073c0   0x00000008   Data   RO         1986    .constdata          app_task.o
    0x200073c8   0x0000001c   Data   RO         2074    .constdata          app_entry_point.o
    0x200073e4   0x00000030   Data   RO         2388    .constdata          app_bass_task.o
    0x20007414   0x00000028   Data   RO         2434    .constdata          app_spotar_task.o
    0x2000743c   0x00000010   Data   RO         2477    .constdata          app_diss_task.o
    0x2000744c   0x000000c4   Data   RO         2554    .constdata          afe4400.o
    0x20007510   0x00000148   Data   RO         2583    .constdata          dsp.o
    0x20007658   0x00000004   Data   RO         2657    .constdata          ecgtohr.o
    0x2000765c   0x00000010   Data   RO         2696    .constdata          sps_server.o
    0x2000766c   0x00000010   Data   RO         2697    .constdata          sps_server.o
    0x2000767c   0x00000010   Data   RO         2698    .constdata          sps_server.o
    0x2000768c   0x00000010   Data   RO         2699    .constdata          sps_server.o
    0x2000769c   0x00000002   Data   RO         2700    .constdata          sps_server.o
    0x2000769e   0x00000002   Data   RO         2701    .constdata          sps_server.o
    0x200076a0   0x00000002   Data   RO         2702    .constdata          sps_server.o
    0x200076a2   0x00000002   Data   RO         2703    .constdata          sps_server.o
    0x200076a4   0x000000d0   Data   RO         2704    .constdata          sps_server.o
    0x20007774   0x00000010   Data   RO         2705    .constdata          sps_server.o
    0x20007784   0x00000008   Data   RO         2733    .constdata          sps_server_task.o
    0x2000778c   0x00000008   Data   RO         2734    .constdata          sps_server_task.o
    0x20007794   0x00000028   Data   RO         2735    .constdata          sps_server_task.o
    0x200077bc   0x00000018   Data   RO         2736    .constdata          sps_server_task.o
    0x200077d4   0x00000008   Data   RO         2737    .constdata          sps_server_task.o
    0x200077dc   0x00000004   Data   RO         2762    .constdata          user_sps_device.o
    0x200077e0   0x00000030   Data   RO         2821    .constdata          user_spss_task.o
    0x20007810   0x0000002d   Data   RO         2706    .conststring        sps_server.o
    0x2000783d   0x00000003   PAD
    0x20007840   0x00000030   Data   RO         2928    Region$$Table       anon$$obj.o
    0x20007870   0x00000004   Data   RW          714    .data               arch_system.o
    0x20007874   0x00000013   Data   RW         1652    .data               spotar.o
    0x20007887   0x00000013   Data   RW         1653    .data               spotar.o
    0x2000789a   0x00000013   Data   RW         1654    .data               spotar.o
    0x200078ad   0x00000013   Data   RW         1655    .data               spotar.o
    0x200078c0   0x00000013   Data   RW         1656    .data               spotar.o
    0x200078d3   0x00000013   Data   RW         1657    .data               spotar.o
    0x200078e6   0x00000004   Data   RW         2498    .data               user_periph_setup.o
    0x200078ea   0x0000000c   Data   RW         2528    .data               ads1292.o
    0x200078f6   0x00000013   Data   RW         2707    .data               sps_server.o
    0x20007909   0x00000013   Data   RW         2708    .data               sps_server.o
    0x2000791c   0x00000013   Data   RW         2709    .data               sps_server.o
    0x2000792f   0x00000001   PAD
    0x20007930   0x00000004   Data   RW         2913    .data               mc_p.l(mvars.o)
    0x20007934   0x00000004   Data   RW         2914    .data               mc_p.l(mvars.o)
    0x20007938   0x00000004   Data   RW         2918    .data               mc_p.l(errno.o)


    Execution Region RW_IRAM50 (Base: 0x20008000, Size: 0x000006b8, Max: 0x000007f4, ABSOLUTE)

    Base Addr    Size         Type   Attr      Idx    E Section Name        Object

    0x20008000   0x000000d4   Zero   RW         2491    .bss                user_periph_setup.o
    0x200080d4   0x000002a4   Zero   RW         2582    .bss                dsp.o
    0x20008378   0x00000100   Zero   RW         2654    .bss                ecgtohr.o
    0x20008478   0x00000100   Zero   RW          230    HEAP                boot_vectors.o
    0x20008578   0x00000006   Zero   RW          291    retention_mem_area0  nvds.o
    0x2000857e   0x00000001   Zero   RW          315    retention_mem_area0  arch_main.o
    0x2000857f   0x00000004   Zero   RW          661    retention_mem_area0  arch_sleep.o
    0x20008583   0x00000001   PAD
    0x20008584   0x00000014   Zero   RW          715    retention_mem_area0  arch_system.o
    0x20008598   0x00000018   Zero   RW          913    retention_mem_area0  llc.obj
    0x200085b0   0x0000000c   Zero   RW         1130    retention_mem_area0  wkupct_quadec.o
    0x200085bc   0x00000001   Zero   RW         1305    retention_mem_area0  rf_580.o
    0x200085bd   0x00000001   PAD
    0x200085be   0x00000008   Zero   RW         1350    retention_mem_area0  rwble.o
    0x200085c6   0x0000000e   Zero   RW         1592    retention_mem_area0  bass.o
    0x200085d4   0x00000001   Zero   RW         1620    retention_mem_area0  bass_task.o
    0x200085d5   0x00000001   PAD
    0x200085d6   0x00000008   Zero   RW         1658    retention_mem_area0  spotar.o
    0x200085de   0x00000001   Zero   RW         1692    retention_mem_area0  spotar_task.o
    0x200085df   0x00000001   PAD
    0x200085e0   0x00000012   Zero   RW         1721    retention_mem_area0  diss.o
    0x200085f2   0x00000001   Zero   RW         1748    retention_mem_area0  diss_task.o
    0x200085f3   0x00000001   PAD
    0x200085f4   0x00000038   Zero   RW         1848    retention_mem_area0  app.o
    0x2000862c   0x00000001   Zero   RW         1987    retention_mem_area0  app_task.o
    0x2000862d   0x00000003   PAD
    0x20008630   0x00000018   Zero   RW         2119    retention_mem_area0  app_easy_msg_utils.o
    0x20008648   0x00000028   Zero   RW         2317    retention_mem_area0  app_easy_timer.o
    0x20008670   0x0000000a   Zero   RW         2353    retention_mem_area0  app_bass.o
    0x2000867a   0x00000002   PAD
    0x2000867c   0x0000002c   Zero   RW         2409    retention_mem_area0  app_spotar.o
    0x200086a8   0x00000010   Zero   RW         2710    retention_mem_area0  sps_server.o


    Execution Region RW_IRAM51 (Base: 0x200087f4, Size: 0x0000080c, Max: 0x0000080c, ABSOLUTE, UNINIT)

    Base Addr    Size         Type   Attr      Idx    E Section Name        Object

    0x200087f4   0x0000080c   Zero   RW          570    heap_mem_area_not_ret  jump_table.o


    Execution Region RW_IRAM52 (Base: 0x20009000, Size: 0x00000020, Max: 0x00000020, ABSOLUTE)

    Base Addr    Size         Type   Attr      Idx    E Section Name        Object

    0x20009000   0x00000020   Zero   RW            1    RW_IRAM52.bss       anon$$obj.o


    Execution Region RW_IRAM53 (Base: 0x20009020, Size: 0x00000180, Max: 0x000001e0, ABSOLUTE)

    Base Addr    Size         Type   Attr      Idx    E Section Name        Object

    0x20009020   0x00000014   Zero   RW          955    .bss                gpio.o
    0x20009034   0x00000004   Zero   RW         1054    .bss                systick.o
    0x20009038   0x00000002   Zero   RW         1098    .bss                spi.o
    0x2000903a   0x00000002   PAD
    0x2000903c   0x00000010   Zero   RW         1242    .bss                spi_flash.o
    0x2000904c   0x00000001   Zero   RW         2732    .bss                sps_server_task.o
    0x2000904d   0x00000001   Zero   RW         2761    .bss                user_sps_device.o
    0x2000904e   0x00000002   PAD
    0x20009050   0x00000150   Zero   RW         2410    spotar_patch_area   app_spotar.o


    Execution Region RW_IRAM54 (Base: 0x20009200, Size: 0x00000600, Max: 0x00000600, ABSOLUTE, UNINIT)

    Base Addr    Size         Type   Attr      Idx    E Section Name        Object

    0x20009200   0x00000600   Zero   RW          229    STACK               boot_vectors.o



  Load Region LR_RETENTION_RAM2 (Base: 0x00080768, Size: 0x00000000, Max: 0x00002898, ABSOLUTE)

    Execution Region ZI_RET20 (Base: 0x00080768, Size: 0x000010a8, Max: 0x000022b8, ABSOLUTE, UNINIT)

    Base Addr    Size         Type   Attr      Idx    E Section Name        Object

    0x00080768   0x00000600   Zero   RW          568    heap_db_area        jump_table.o
    0x00080d68   0x0000029c   Zero   RW          569    heap_env_area       jump_table.o
    0x00081004   0x0000080c   Zero   RW          571    heap_msg_area       jump_table.o


    Execution Region ZI_RET21 (Base: 0x00082a20, Size: 0x000005e0, Max: 0x000005e0, ABSOLUTE)

    Base Addr    Size         Type   Attr      Idx    E Section Name        Object

    0x00082a20   0x000005de   Zero   RW          314    BLE_exchange_memory  arch_main.o


==============================================================================

Image component sizes


      Code (inc. data)   RO Data    RW Data    ZI Data      Debug   Object Name

       288         18          0          0          0       2345   adc.o
       184          6          0         12          0       1915   ads1292.o
       156          6        196          0          0       1544   afe4400.o
      1044         30        148          0         56      19566   app.o
       352         16          0          0         10       3599   app_bass.o
       196         30         48          0          0       4704   app_bass_task.o
       104          8          0          0          0       3645   app_default_handlers.o
        72          4          0          0          0       1614   app_diss.o
       356         40         16          0          0       2946   app_diss_task.o
        72          8          0          0         24       2753   app_easy_msg_utils.o
       310         24          0          0         40       4601   app_easy_timer.o
       136         10         28          0          0       3847   app_entry_point.o
        38          0          0          0          0       1379   app_msg_utils.o
      1772         40          0          0        380      12610   app_spotar.o
       396         16         40          0          0       3674   app_spotar_task.o
       500         18         76          0          1      12448   app_task.o
       456         38          0          0       1503      28599   arch_main.o
       376         94        360          0          0      14490   arch_patch.o
       196         18          0          0          4       4149   arch_sleep.o
       848         66          0          4         20      98293   arch_system.o
       276          4          0          0          0       2205   attm_db_128.o
       236         18          0          0          0         72   atts_task.obj
       192         12         83          0         14       4953   bass.o
       788         16         80          0          1       6239   bass_task.o
       164          6          0          0          0       2393   battery.o
       108         22        160          0       1792        760   boot_vectors.o
       196         12          0          0          0        108   ch_map.obj
       164         14        291          0         18       6189   diss.o
       252         12         64          0          1       4280   diss_task.o
       132          8        328          0        676       6474   dsp.o
       516         42          4          0        256       3205   ecgtohr.o
         0          0        100          0          0       1280   gapm.o
       384         38          0          0          0        112   gapm_util.obj
       540         34          0          0         20      10883   gpio.o
        24         10          0          0          0       1261   hardfault_handler.o
         2          0        374          0       6324       4763   jump_table.o
       184         18          0          0          0         96   ke_task.obj
       636         24        520          0         24        324   llc.obj
        56          6          0          0          0       6415   nmi_handler.o
       520         36        170          0          6       9536   nvds.o
       240          6          0          0          0       5018   prf_utils.o
       748        176          0          0          1      65493   rf_580.o
       812         62          0          0          8     116696   rwble.o
       400         34          0          0          0      65246   rwip.o
       348         24          0          0          0        160   smpc.obj
       532          4          0          0          0         84   smpc_task.obj
       316          8          0          0          2       2771   spi.o
       724         14         80          0         16       6505   spi_flash.o
        84         14        114        114          8       7349   spotar.o
      1116         74         80          0          1       6406   spotar_task.o
       172         12        341         57         16       6095   sps_server.o
       564         12         88          0          1       7243   sps_server_task.o
        44          0          0          0          0        693   syscntl.o
        80         18          0          0          0     200659   system_armcm0.o
        16          4          0          0          4       1288   systick.o
       444         32          0          0          0       2943   trng.o
      2736        136          0          4        212       5984   user_periph_setup.o
       328         34          4          0          1       3599   user_sps_device.o
        56          4          0          0          0       1285   user_spss.o
       144         14         48          0          0       3413   user_spss_task.o
       120         14          0          0         12       6677   wkupct_quadec.o

    ----------------------------------------------------------------------
     24680       1994       3896        192      11500     815876   Object Totals
      1428        476         48          0         32          0   (incl. Generated)
         6          0          7          1         16          0   (incl. Padding)

    ----------------------------------------------------------------------

      Code (inc. data)   RO Data    RW Data    ZI Data      Debug   Library Member Name

        72          6          0          0          0         76   sqrt.o
         0          0          0          0          0          0   entry.o
         0          0          0          0          0          0   entry10a.o
         0          0          0          0          0          0   entry11a.o
         8          4          0          0          0          0   entry2.o
         4          0          0          0          0          0   entry5.o
         0          0          0          0          0          0   entry7b.o
         0          0          0          0          0          0   entry8b.o
         8          4          0          0          0          0   entry9a.o
        12          6          0          4          0         60   errno.o
        30          0          0          0          0          0   handlers.o
        36          8          0          0          0         68   init.o
        38          0          0          0          0         68   llsshr.o
       192         20          0          0          0        144   malloc.o
         0          0          0          8          0          0   mvars.o
        40          2          0          0          0         68   cdrcmple.o
        20          0          0          0          0         68   cfrcmple.o
        56          0          0          0          0         68   d2f.o
       356          4          0          0          0        140   dadd.o
       240          6          0          0          0         84   ddiv.o
       162          0          0          0          0         80   dsqrt.o
        40          0          0          0          0         60   f2d.o
       178          0          0          0          0        108   fadd.o
       124          0          0          0          0         72   fdiv.o
       130          0          0          0          0        144   fepilogue.o
        50          0          0          0          0         60   ffixi.o
        22          0          0          0          0         68   fflti.o
       122          0          0          0          0         72   fmul.o

    ----------------------------------------------------------------------
      1944         60          0         12          0       1508   Library Totals
         4          0          0          0          0          0   (incl. Padding)

    ----------------------------------------------------------------------

      Code (inc. data)   RO Data    RW Data    ZI Data      Debug   Library Name

        72          6          0          0          0         76   m_ps.l
       328         42          0         12          0        340   mc_p.l
      1540         12          0          0          0       1092   mf_p.l

    ----------------------------------------------------------------------
      1944         60          0         12          0       1508   Library Totals

    ----------------------------------------------------------------------

==============================================================================


      Code (inc. data)   RO Data    RW Data    ZI Data      Debug   

     26624       2054       3896        204      11500     812900   Grand Totals
     26624       2054       3896        204      11500     812900   ELF Image Totals
     26624       2054       3896        204          0          0   ROM Totals

==============================================================================

    Total RO  Size (Code + RO Data)                30520 (  29.80kB)
    Total RW  Size (RW Data + ZI Data)             11704 (  11.43kB)
    Total ROM Size (Code + RO Data + RW Data)      30724 (  30.00kB)

==============================================================================

