<!doctype html public "-//w3c//dtd html 4.0 transitional//en">
<html><head>
<title>Static Call Graph - [.\out_583\sps_device_583.axf]</title></head>
<body><HR>
<H1>Static Call Graph for image .\out_583\sps_device_583.axf</H1><HR>
<BR><P>#&#060CALLGRAPH&#062# ARM Linker, 5050169: Last Updated: Thu Feb 02 15:48:59 2017
<BR><P>
<H3>Maximum Stack Usage =       1196 bytes + Unknown(Cycles, Untraceable Function Pointers)</H3><H3>
Call chain for Maximum Stack Depth:</H3>
main_func &rArr; system_init &rArr; init_rand_seed_from_trng &rArr; trng_acquire &rArr; rfpt_init &rArr; rf_regs
<P>
<H3>
Mutually Recursive functions
</H3> <LI><a href="#[4]">PendSV_Handler</a>&nbsp;&nbsp;&nbsp;&rArr;&nbsp;&nbsp;&nbsp;<a href="#[4]">PendSV_Handler</a><BR>
 <LI><a href="#[16]">ADC_Handler</a>&nbsp;&nbsp;&nbsp;&rArr;&nbsp;&nbsp;&nbsp;<a href="#[16]">ADC_Handler</a><BR>
</UL>
<P>
<H3>
Function Pointers
</H3><UL>
 <LI><a href="#[16]">ADC_Handler</a> from boot_vectors.o(.text) referenced from boot_vectors.o(RESET)
 <LI><a href="#[11]">BLE_CRYPT_Handler</a> from rom_symdef.txt(ABSOLUTE) referenced from boot_vectors.o(RESET)
 <LI><a href="#[9]">BLE_CSCNT_Handler</a> from rwble.o(.text) referenced from boot_vectors.o(RESET)
 <LI><a href="#[b]">BLE_ERROR_Handler</a> from rom_symdef.txt(ABSOLUTE) referenced from boot_vectors.o(RESET)
 <LI><a href="#[d]">BLE_EVENT_Handler</a> from rwble.o(.text) referenced from boot_vectors.o(RESET)
 <LI><a href="#[7]">BLE_FINETGTIM_Handler</a> from rwble.o(.text) referenced from boot_vectors.o(RESET)
 <LI><a href="#[8]">BLE_GROSSTGTIM_Handler</a> from rom_symdef.txt(ABSOLUTE) referenced from boot_vectors.o(RESET)
 <LI><a href="#[10]">BLE_RF_DIAG_Handler</a> from rwble.o(.text) referenced from boot_vectors.o(RESET)
 <LI><a href="#[c]">BLE_RX_Handler</a> from rwble.o(.text) referenced from boot_vectors.o(RESET)
 <LI><a href="#[a]">BLE_SLP_Handler</a> from rwble.o(.text) referenced from boot_vectors.o(RESET)
 <LI><a href="#[6]">BLE_WAKEUP_LP_Handler</a> from rwble.o(.text) referenced from boot_vectors.o(RESET)
 <LI><a href="#[4b]">DCoffsetCalibration_func</a> from rom_symdef.txt(ABSOLUTE) referenced from jump_table.o(jump_table_mem_area)
 <LI><a href="#[3b]">GPADC_init_func</a> from rom_symdef.txt(ABSOLUTE) referenced from jump_table.o(jump_table_mem_area)
 <LI><a href="#[19]">GPIO0_Handler</a> from gpio.o(.text) referenced from boot_vectors.o(RESET)
 <LI><a href="#[1a]">GPIO1_Handler</a> from gpio.o(.text) referenced from boot_vectors.o(RESET)
 <LI><a href="#[1b]">GPIO2_Handler</a> from gpio.o(.text) referenced from boot_vectors.o(RESET)
 <LI><a href="#[1c]">GPIO3_Handler</a> from gpio.o(.text) referenced from boot_vectors.o(RESET)
 <LI><a href="#[1d]">GPIO4_Handler</a> from gpio.o(.text) referenced from boot_vectors.o(RESET)
 <LI><a href="#[2]">HardFault_Handler</a> from boot_vectors.o(.text) referenced from boot_vectors.o(RESET)
 <LI><a href="#[57]">HardFault_HandlerC</a> from hardfault_handler.o(.text) referenced from boot_vectors.o(.text)
 <LI><a href="#[14]">I2C_Handler</a> from boot_vectors.o(.text) referenced from boot_vectors.o(RESET)
 <LI><a href="#[4c]">IffCalibration_func</a> from rom_symdef.txt(ABSOLUTE) referenced from jump_table.o(jump_table_mem_area)
 <LI><a href="#[17]">KEYBRD_Handler</a> from boot_vectors.o(.text) referenced from boot_vectors.o(RESET)
 <LI><a href="#[1]">NMI_Handler</a> from boot_vectors.o(.text) referenced from boot_vectors.o(RESET)
 <LI><a href="#[56]">NMI_HandlerC</a> from nmi_handler.o(.text) referenced from boot_vectors.o(.text)
 <LI><a href="#[4]">PendSV_Handler</a> from boot_vectors.o(.text) referenced from boot_vectors.o(RESET)
 <LI><a href="#[5f]">RADIOCNTL_Handler</a> from rf_580.o(.text) referenced from rf_580.o(.text)
 <LI><a href="#[18]">RFCAL_Handler</a> from boot_vectors.o(.text) referenced from boot_vectors.o(RESET)
 <LI><a href="#[0]">Reset_Handler</a> from boot_vectors.o(.text) referenced from boot_vectors.o(RESET)
 <LI><a href="#[15]">SPI_Handler</a> from boot_vectors.o(.text) referenced from boot_vectors.o(RESET)
 <LI><a href="#[3]">SVC_Handler</a> from boot_vectors.o(.text) referenced from boot_vectors.o(RESET)
 <LI><a href="#[58]">SVC_Handler_c</a> from arch_patch.o(.text) referenced from boot_vectors.o(.text)
 <LI><a href="#[e]">SWTIM_Handler</a> from boot_vectors.o(.text) referenced from boot_vectors.o(RESET)
 <LI><a href="#[5]">SysTick_Handler</a> from systick.o(.text) referenced from boot_vectors.o(RESET)
 <LI><a href="#[54]">SystemInit</a> from system_armcm0.o(.text) referenced from boot_vectors.o(.text)
 <LI><a href="#[8c]">TASK_LLM_llm_disconnect_mgt</a> from rom_symdef.txt(ABSOLUTE) referenced from arch_patch.o(.constdata)
 <LI><a href="#[89]">TASK_LLM_llm_host_buff_size_cmd_handler</a> from rom_symdef.txt(ABSOLUTE) referenced from arch_patch.o(.constdata)
 <LI><a href="#[8a]">TASK_LLM_llm_host_nb_comp_pkts_cmd_handler</a> from rom_symdef.txt(ABSOLUTE) referenced from arch_patch.o(.constdata)
 <LI><a href="#[75]">TASK_LLM_llm_le_chnl_assess_timer_handler</a> from rom_symdef.txt(ABSOLUTE) referenced from arch_patch.o(.constdata)
 <LI><a href="#[73]">TASK_LLM_llm_le_create_con_cancel_cmd_handler</a> from rom_symdef.txt(ABSOLUTE) referenced from arch_patch.o(.constdata)
 <LI><a href="#[72]">TASK_LLM_llm_le_create_con_cmd_handler</a> from rom_symdef.txt(ABSOLUTE) referenced from arch_patch.o(.constdata)
 <LI><a href="#[7a]">TASK_LLM_llm_le_enc_cmd_handler</a> from rom_symdef.txt(ABSOLUTE) referenced from arch_patch.o(.constdata)
 <LI><a href="#[7b]">TASK_LLM_llm_le_rand_cmd_handler</a> from rom_symdef.txt(ABSOLUTE) referenced from arch_patch.o(.constdata)
 <LI><a href="#[6c]">TASK_LLM_llm_le_rd_adv_ch_tx_pw_cmd_handler</a> from rom_symdef.txt(ABSOLUTE) referenced from arch_patch.o(.constdata)
 <LI><a href="#[68]">TASK_LLM_llm_le_rd_buff_size_cmd_handler</a> from rom_symdef.txt(ABSOLUTE) referenced from arch_patch.o(.constdata)
 <LI><a href="#[69]">TASK_LLM_llm_le_rd_loc_supp_feats_cmd_handler</a> from rom_symdef.txt(ABSOLUTE) referenced from arch_patch.o(.constdata)
 <LI><a href="#[7c]">TASK_LLM_llm_le_rd_supp_states_cmd_handler</a> from rom_symdef.txt(ABSOLUTE) referenced from arch_patch.o(.constdata)
 <LI><a href="#[76]">TASK_LLM_llm_le_rd_wl_size_cmd_handler</a> from rom_symdef.txt(ABSOLUTE) referenced from arch_patch.o(.constdata)
 <LI><a href="#[6d]">TASK_LLM_llm_le_set_adv_data_cmd_handler</a> from rom_symdef.txt(ABSOLUTE) referenced from arch_patch.o(.constdata)
 <LI><a href="#[6e]">TASK_LLM_llm_le_set_adv_en_cmd_handler</a> from rom_symdef.txt(ABSOLUTE) referenced from arch_patch.o(.constdata)
 <LI><a href="#[6b]">TASK_LLM_llm_le_set_adv_param_cmd_handler</a> from rom_symdef.txt(ABSOLUTE) referenced from arch_patch.o(.constdata)
 <LI><a href="#[67]">TASK_LLM_llm_le_set_evt_msk_cmd_handler</a> from rom_symdef.txt(ABSOLUTE) referenced from arch_patch.o(.constdata)
 <LI><a href="#[74]">TASK_LLM_llm_le_set_host_ch_class_cmd_handler</a> from rom_symdef.txt(ABSOLUTE) referenced from arch_patch.o(.constdata)
 <LI><a href="#[80]">TASK_LLM_llm_le_set_host_ch_class_cmd_sto_handler</a> from rom_symdef.txt(ABSOLUTE) referenced from arch_patch.o(.constdata)
 <LI><a href="#[6a]">TASK_LLM_llm_le_set_rand_add_cmd_handler</a> from rom_symdef.txt(ABSOLUTE) referenced from arch_patch.o(.constdata)
 <LI><a href="#[71]">TASK_LLM_llm_le_set_scan_en_cmd_handler</a> from rom_symdef.txt(ABSOLUTE) referenced from arch_patch.o(.constdata)
 <LI><a href="#[70]">TASK_LLM_llm_le_set_scan_param_cmd_handler</a> from rom_symdef.txt(ABSOLUTE) referenced from arch_patch.o(.constdata)
 <LI><a href="#[6f]">TASK_LLM_llm_le_set_scan_rsp_data_cmd_handler</a> from rom_symdef.txt(ABSOLUTE) referenced from arch_patch.o(.constdata)
 <LI><a href="#[7f]">TASK_LLM_llm_le_test_end_cmd_handler</a> from rom_symdef.txt(ABSOLUTE) referenced from arch_patch.o(.constdata)
 <LI><a href="#[7d]">TASK_LLM_llm_le_test_rx_cmd_handler</a> from rom_symdef.txt(ABSOLUTE) referenced from arch_patch.o(.constdata)
 <LI><a href="#[7e]">TASK_LLM_llm_le_test_tx_cmd_handler</a> from rom_symdef.txt(ABSOLUTE) referenced from arch_patch.o(.constdata)
 <LI><a href="#[77]">TASK_LLM_llm_le_wl_clr_cmd_handler</a> from rom_symdef.txt(ABSOLUTE) referenced from arch_patch.o(.constdata)
 <LI><a href="#[78]">TASK_LLM_llm_le_wl_dev_add_cmd_handler</a> from rom_symdef.txt(ABSOLUTE) referenced from arch_patch.o(.constdata)
 <LI><a href="#[79]">TASK_LLM_llm_le_wl_dev_rem_cmd_handler</a> from rom_symdef.txt(ABSOLUTE) referenced from arch_patch.o(.constdata)
 <LI><a href="#[83]">TASK_LLM_llm_rd_bd_addr_cmd_handler</a> from rom_symdef.txt(ABSOLUTE) referenced from arch_patch.o(.constdata)
 <LI><a href="#[8b]">TASK_LLM_llm_rd_buff_size_cmd_handler</a> from rom_symdef.txt(ABSOLUTE) referenced from arch_patch.o(.constdata)
 <LI><a href="#[85]">TASK_LLM_llm_rd_local_supp_cmds_cmd_handler</a> from rom_symdef.txt(ABSOLUTE) referenced from arch_patch.o(.constdata)
 <LI><a href="#[87]">TASK_LLM_llm_rd_local_supp_feats_cmd_handler</a> from rom_symdef.txt(ABSOLUTE) referenced from arch_patch.o(.constdata)
 <LI><a href="#[84]">TASK_LLM_llm_rd_local_ver_info_cmd_handler</a> from rom_symdef.txt(ABSOLUTE) referenced from arch_patch.o(.constdata)
 <LI><a href="#[82]">TASK_LLM_llm_reset_cmd_handler</a> from rom_symdef.txt(ABSOLUTE) referenced from arch_patch.o(.constdata)
 <LI><a href="#[86]">TASK_LLM_llm_set_cntl_host_flow_cmd_handler</a> from rom_symdef.txt(ABSOLUTE) referenced from arch_patch.o(.constdata)
 <LI><a href="#[88]">TASK_LLM_llm_set_evt_msk_cmd_handler</a> from rom_symdef.txt(ABSOLUTE) referenced from arch_patch.o(.constdata)
 <LI><a href="#[13]">UART2_Handler</a> from boot_vectors.o(.text) referenced from boot_vectors.o(RESET)
 <LI><a href="#[12]">UART_Handler</a> from rom_symdef.txt(ABSOLUTE) referenced from boot_vectors.o(RESET)
 <LI><a href="#[27]">UART_Handler_func</a> from rom_symdef.txt(ABSOLUTE) referenced from jump_table.o(jump_table_mem_area)
 <LI><a href="#[f]">WKUP_QUADEC_Handler</a> from wkupct_quadec.o(.text) referenced from boot_vectors.o(RESET)
 <LI><a href="#[55]">__main</a> from entry.o(.ARM.Collect$$$$00000000) referenced from boot_vectors.o(.text)
 <LI><a href="#[64]">afeon</a> from user_periph_setup.o(.text) referenced from user_periph_setup.o(.text)
 <LI><a href="#[cd]">app_bass_create_db</a> from app_bass.o(.text) referenced from app.o(.constdata)
 <LI><a href="#[ce]">app_bass_enable</a> from app_bass.o(.text) referenced from app.o(.constdata)
 <LI><a href="#[e0]">app_bass_process_handler</a> from app_bass_task.o(.text) referenced from app_entry_point.o(.constdata)
 <LI><a href="#[e6]">app_batt_alert_timer_handler</a> from app_bass_task.o(.text) referenced from app_bass_task.o(.constdata)
 <LI><a href="#[e5]">app_batt_timer_handler</a> from app_bass_task.o(.text) referenced from app_bass_task.o(.constdata)
 <LI><a href="#[df]">app_dis_process_handler</a> from app_diss_task.o(.text) referenced from app_entry_point.o(.constdata)
 <LI><a href="#[cf]">app_diss_create_db</a> from app_diss.o(.text) referenced from app.o(.constdata)
 <LI><a href="#[d0]">app_diss_enable</a> from app_diss.o(.text) referenced from app.o(.constdata)
 <LI><a href="#[62]">app_easy_timer_canceled_handler</a> from app_easy_timer.o(.text) referenced from app_easy_timer.o(.text)
 <LI><a href="#[db]">app_entry_point_handler</a> from app_entry_point.o(.text) referenced from app_task.o(.constdata)
 <LI><a href="#[dc]">app_gap_process_handler</a> from app_task.o(.text) referenced from app_entry_point.o(.constdata)
 <LI><a href="#[d9]">app_module_init_cmp_evt_handler</a> from app_task.o(.text) referenced from app_task.o(.constdata)
 <LI><a href="#[de]">app_msg_utils_api_process_handler</a> from app_easy_msg_utils.o(.text) referenced from app_entry_point.o(.constdata)
 <LI><a href="#[e1]">app_spota_process_handler</a> from app_spotar_task.o(.text) referenced from app_entry_point.o(.constdata)
 <LI><a href="#[d1]">app_spotar_create_db</a> from app_spotar.o(.text) referenced from app.o(.constdata)
 <LI><a href="#[d2]">app_spotar_enable</a> from app_spotar.o(.text) referenced from app.o(.constdata)
 <LI><a href="#[dd]">app_timer_api_process_handler</a> from app_easy_timer.o(.text) referenced from app_entry_point.o(.constdata)
 <LI><a href="#[bd]">bass_batt_level_upd_req_handler</a> from bass_task.o(.text) referenced from bass_task.o(.constdata)
 <LI><a href="#[bb]">bass_create_db_req_handler</a> from bass_task.o(.text) referenced from bass_task.o(.constdata)
 <LI><a href="#[bc]">bass_enable_req_handler</a> from bass_task.o(.text) referenced from bass_task.o(.constdata)
 <LI><a href="#[e2]">batt_create_db_cfm_handler</a> from app_bass_task.o(.text) referenced from app_bass_task.o(.constdata)
 <LI><a href="#[e7]">batt_disable_handler</a> from app_bass_task.o(.text) referenced from app_bass_task.o(.constdata)
 <LI><a href="#[e4]">batt_level_ntf_cfg_ind_handler</a> from app_bass_task.o(.text) referenced from app_bass_task.o(.constdata)
 <LI><a href="#[e3]">batt_level_upd_cfm_handler</a> from app_bass_task.o(.text) referenced from app_bass_task.o(.constdata)
 <LI><a href="#[63]">butcb0</a> from user_periph_setup.o(.text) referenced from user_periph_setup.o(.text)
 <LI><a href="#[65]">butcb1</a> from user_periph_setup.o(.text) referenced from user_periph_setup.o(.text)
 <LI><a href="#[3d]">check_pll_lock_func</a> from rom_symdef.txt(ABSOLUTE) referenced from jump_table.o(jump_table_mem_area)
 <LI><a href="#[42]">clear_HW_LUT_func</a> from rom_symdef.txt(ABSOLUTE) referenced from jump_table.o(jump_table_mem_area)
 <LI><a href="#[8d]">cmp_abs_time</a> from arch_patch.o(.text) referenced from arch_patch.o(.constdata)
 <LI><a href="#[32]">custom_nvds_get_func</a> from nvds.o(.text) referenced from jump_table.o(jump_table_mem_area)
 <LI><a href="#[ed]">diss_create_db_cfm_handler</a> from app_diss_task.o(.text) referenced from app_diss_task.o(.constdata)
 <LI><a href="#[c7]">diss_create_db_req_handler</a> from diss_task.o(.text) referenced from diss_task.o(.constdata)
 <LI><a href="#[ee]">diss_disable_ind_handler</a> from app_diss_task.o(.text) referenced from app_diss_task.o(.constdata)
 <LI><a href="#[c9]">diss_enable_req_handler</a> from diss_task.o(.text) referenced from diss_task.o(.constdata)
 <LI><a href="#[c8]">diss_set_char_val_req_handler</a> from diss_task.o(.text) referenced from diss_task.o(.constdata)
 <LI><a href="#[36]">enable_BLE_core_irq_func</a> from rom_symdef.txt(ABSOLUTE) referenced from jump_table.o(jump_table_mem_area)
 <LI><a href="#[49]">enable_rf_diag_irq_func</a> from rom_symdef.txt(ABSOLUTE) referenced from jump_table.o(jump_table_mem_area)
 <LI><a href="#[46]">find_initial_calcap_ranges_func</a> from rom_symdef.txt(ABSOLUTE) referenced from jump_table.o(jump_table_mem_area)
 <LI><a href="#[d6]">gapc_cmp_evt_handler</a> from app_task.o(.text) referenced from app_task.o(.constdata)
 <LI><a href="#[d7]">gapc_connection_req_ind_handler</a> from app_task.o(.text) referenced from app_task.o(.constdata)
 <LI><a href="#[c0]">gapc_disconnect_ind_handler</a> from bass_task.o(.text) referenced 5 times from bass_task.o(.constdata)
 <LI><a href="#[da]">gapm_adv_report_ind_handler</a> from app_task.o(.text) referenced from app_task.o(.constdata)
 <LI><a href="#[d5]">gapm_cmp_evt_handler</a> from app_task.o(.text) referenced from app_task.o(.constdata)
 <LI><a href="#[d4]">gapm_device_ready_ind_handler</a> from app_task.o(.text) referenced from app_task.o(.constdata)
 <LI><a href="#[bf]">gattc_cmp_evt_handler</a> from bass_task.o(.text) referenced 2 times from bass_task.o(.constdata)
 <LI><a href="#[be]">gattc_write_cmd_ind_handler</a> from bass_task.o(.text) referenced 3 times from bass_task.o(.constdata)
 <LI><a href="#[4e]">get_rc16m_count_func</a> from arch_system.o(.text) referenced from jump_table.o(jump_table_mem_area)
 <LI><a href="#[2e]">gtl_eif_init_func</a> from rom_symdef.txt(ABSOLUTE) referenced from jump_table.o(jump_table_mem_area)
 <LI><a href="#[38]">gtl_hci_rx_header_func</a> from rom_symdef.txt(ABSOLUTE) referenced from jump_table.o(jump_table_mem_area)
 <LI><a href="#[39]">gtl_hci_rx_payload_func</a> from rom_symdef.txt(ABSOLUTE) referenced from jump_table.o(jump_table_mem_area)
 <LI><a href="#[3a]">gtl_hci_tx_evt_func</a> from rom_symdef.txt(ABSOLUTE) referenced from jump_table.o(jump_table_mem_area)
 <LI><a href="#[2f]">ke_task_init_func</a> from ke_task.obj(.text) referenced from jump_table.o(jump_table_mem_area)
 <LI><a href="#[59]">ke_task_schedule</a> from ke_task.obj(.text) referenced from ke_task.obj(.text)
 <LI><a href="#[30]">ke_timer_init_func</a> from rom_symdef.txt(ABSOLUTE) referenced from jump_table.o(jump_table_mem_area)
 <LI><a href="#[8e]">l2cc_pdu_recv_ind_handler</a> from atts_task.obj(.text) referenced from arch_patch.o(.constdata)
 <LI><a href="#[a0]">llc_data_ind_handler</a> from rom_symdef.txt(ABSOLUTE) referenced from llc.obj(.constdata)
 <LI><a href="#[9f]">llc_data_req_handler</a> from rom_symdef.txt(ABSOLUTE) referenced from llc.obj(.constdata)
 <LI><a href="#[99]">llc_disconnect_cmd_handler</a> from rom_symdef.txt(ABSOLUTE) referenced from llc.obj(.constdata)
 <LI><a href="#[98]">llc_flush_cmd_handler</a> from rom_symdef.txt(ABSOLUTE) referenced from llc.obj(.constdata)
 <LI><a href="#[9e]">llc_le_ltk_req_neg_reply_cmd_handler</a> from rom_symdef.txt(ABSOLUTE) referenced from llc.obj(.constdata)
 <LI><a href="#[9d]">llc_le_ltk_req_reply_cmd_handler</a> from rom_symdef.txt(ABSOLUTE) referenced from llc.obj(.constdata)
 <LI><a href="#[95]">llc_le_rd_chnl_map_cmd_handler</a> from rom_symdef.txt(ABSOLUTE) referenced from llc.obj(.constdata)
 <LI><a href="#[96]">llc_le_rd_rem_used_feats_cmd_handler</a> from rom_symdef.txt(ABSOLUTE) referenced from llc.obj(.constdata)
 <LI><a href="#[97]">llc_le_start_enc_cmd_handler</a> from rom_symdef.txt(ABSOLUTE) referenced from llc.obj(.constdata)
 <LI><a href="#[a6]">llc_link_sup_to_ind_handler</a> from rom_symdef.txt(ABSOLUTE) referenced from llc.obj(.constdata)
 <LI><a href="#[a7]">llc_llcp_rsp_to_ind_handler</a> from rom_symdef.txt(ABSOLUTE) referenced from llc.obj(.constdata)
 <LI><a href="#[aa]">llc_llcp_unknown_ind_handler</a> from rom_symdef.txt(ABSOLUTE) referenced from llc.obj(.constdata)
 <LI><a href="#[9c]">llc_rd_rem_info_ver_cmd_handler</a> from rom_symdef.txt(ABSOLUTE) referenced from llc.obj(.constdata)
 <LI><a href="#[9a]">llc_rd_rssi_cmd_handler</a> from rom_symdef.txt(ABSOLUTE) referenced from llc.obj(.constdata)
 <LI><a href="#[9b]">llc_rd_tx_pow_lvl_cmd_handler</a> from rom_symdef.txt(ABSOLUTE) referenced from llc.obj(.constdata)
 <LI><a href="#[a4]">llc_set_host_ch_class_cmd_handler</a> from rom_symdef.txt(ABSOLUTE) referenced from llc.obj(.constdata)
 <LI><a href="#[a9]">llc_unknown_rsp_send_handler</a> from rom_symdef.txt(ABSOLUTE) referenced from llc.obj(.constdata)
 <LI><a href="#[a8]">llc_version_ind_send_handler</a> from rom_symdef.txt(ABSOLUTE) referenced from llc.obj(.constdata)
 <LI><a href="#[b1]">llcp_enc_req_handler</a> from rom_symdef.txt(ABSOLUTE) referenced from llc.obj(.constdata)
 <LI><a href="#[b2]">llcp_enc_rsp_handler</a> from rom_symdef.txt(ABSOLUTE) referenced from llc.obj(.constdata)
 <LI><a href="#[ac]">llcp_feats_req_handler</a> from rom_symdef.txt(ABSOLUTE) referenced from llc.obj(.constdata)
 <LI><a href="#[ad]">llcp_feats_rsp_handler</a> from rom_symdef.txt(ABSOLUTE) referenced from llc.obj(.constdata)
 <LI><a href="#[b5]">llcp_pause_enc_req_handler</a> from rom_symdef.txt(ABSOLUTE) referenced from llc.obj(.constdata)
 <LI><a href="#[b6]">llcp_pause_enc_rsp_handler</a> from rom_symdef.txt(ABSOLUTE) referenced from llc.obj(.constdata)
 <LI><a href="#[b7]">llcp_reject_ind_handler</a> from rom_symdef.txt(ABSOLUTE) referenced from llc.obj(.constdata)
 <LI><a href="#[b3]">llcp_start_enc_req_handler</a> from rom_symdef.txt(ABSOLUTE) referenced from llc.obj(.constdata)
 <LI><a href="#[ab]">llcp_terminate_ind_handler</a> from rom_symdef.txt(ABSOLUTE) referenced from llc.obj(.constdata)
 <LI><a href="#[b8]">llcp_unknown_rsp_handler</a> from rom_symdef.txt(ABSOLUTE) referenced from llc.obj(.constdata)
 <LI><a href="#[ae]">llcp_vers_ind_handler</a> from rom_symdef.txt(ABSOLUTE) referenced from llc.obj(.constdata)
 <LI><a href="#[a2]">lld_data_ind_handler</a> from rom_symdef.txt(ABSOLUTE) referenced 2 times from llc.obj(.constdata)
 <LI><a href="#[2d]">lld_evt_init_func</a> from rom_symdef.txt(ABSOLUTE) referenced from jump_table.o(jump_table_mem_area)
 <LI><a href="#[35]">lld_init_func</a> from rom_symdef.txt(ABSOLUTE) referenced from jump_table.o(jump_table_mem_area)
 <LI><a href="#[28]">lld_sleep_compensate_func_patched</a> from rwble.o(.text) referenced from jump_table.o(jump_table_mem_area)
 <LI><a href="#[29]">lld_sleep_init_func</a> from arch_system.o(.text) referenced from jump_table.o(jump_table_mem_area)
 <LI><a href="#[2b]">lld_sleep_lpcycles_2_us_sel_func</a> from arch_system.o(.text) referenced from jump_table.o(jump_table_mem_area)
 <LI><a href="#[2a]">lld_sleep_us_2_lpcycles_sel_func</a> from arch_system.o(.text) referenced from jump_table.o(jump_table_mem_area)
 <LI><a href="#[b9]">lld_stop_ind_handler</a> from rom_symdef.txt(ABSOLUTE) referenced from llc.obj(.constdata)
 <LI><a href="#[52]">lld_test_mode_rx_func</a> from rom_symdef.txt(ABSOLUTE) referenced from jump_table.o(jump_table_mem_area)
 <LI><a href="#[51]">lld_test_mode_tx_func</a> from rom_symdef.txt(ABSOLUTE) referenced from jump_table.o(jump_table_mem_area)
 <LI><a href="#[50]">lld_test_stop_func</a> from rom_symdef.txt(ABSOLUTE) referenced from jump_table.o(jump_table_mem_area)
 <LI><a href="#[31]">llm_encryption_done_func</a> from rom_symdef.txt(ABSOLUTE) referenced from jump_table.o(jump_table_mem_area)
 <LI><a href="#[a5]">llm_gen_chnl_cls_cmd_handler</a> from rom_symdef.txt(ABSOLUTE) referenced from llc.obj(.constdata)
 <LI><a href="#[a3]">llm_le_enc_cmp_evt_handler</a> from rom_symdef.txt(ABSOLUTE) referenced from llc.obj(.constdata)
 <LI><a href="#[53]">main</a> from rom_symdef.txt(ABSOLUTE) referenced from entry9a.o(.ARM.Collect$$$$0000000B)
 <LI><a href="#[1e]">main_func</a> from arch_main.o(.text) referenced from jump_table.o(jump_table_mem_area)
 <LI><a href="#[3c]">meas_precharge_freq_func</a> from rom_symdef.txt(ABSOLUTE) referenced from jump_table.o(jump_table_mem_area)
 <LI><a href="#[4a]">modulationGainCalibration_func</a> from rom_symdef.txt(ABSOLUTE) referenced from jump_table.o(jump_table_mem_area)
 <LI><a href="#[94]">my_llc_le_con_update_cmd_handler</a> from llc.obj(.text) referenced from llc.obj(.constdata)
 <LI><a href="#[a1]">my_llc_llcp_tx_cfm_handler</a> from llc.obj(.text) referenced from llc.obj(.constdata)
 <LI><a href="#[b0]">my_llcp_channel_map_req_handler</a> from llc.obj(.text) referenced from llc.obj(.constdata)
 <LI><a href="#[af]">my_llcp_con_up_req_handler</a> from llc.obj(.text) referenced from llc.obj(.constdata)
 <LI><a href="#[b4]">my_llcp_start_enc_rsp_handler</a> from llc.obj(.text) referenced from llc.obj(.constdata)
 <LI><a href="#[81]">my_lld_data_ind_handler</a> from arch_patch.o(.text) referenced from arch_patch.o(.constdata)
 <LI><a href="#[ba]">my_lld_stop_ind_handler</a> from llc.obj(.text) referenced from llc.obj(.constdata)
 <LI><a href="#[92]">my_smpc_check_param</a> from smpc.obj(.text) referenced from arch_patch.o(.constdata)
 <LI><a href="#[93]">patched_gapm_adv_op_sanity</a> from gapm_util.obj(.text) referenced from arch_patch.o(.constdata)
 <LI><a href="#[47]">pll_vcocal_LUT_InitUpdate_func</a> from rom_symdef.txt(ABSOLUTE) referenced from jump_table.o(jump_table_mem_area)
 <LI><a href="#[34]">prf_cleanup_func</a> from prf_utils.o(.text) referenced from jump_table.o(jump_table_mem_area)
 <LI><a href="#[20]">prf_init_func</a> from prf_utils.o(.text) referenced from jump_table.o(jump_table_mem_area)
 <LI><a href="#[4d]">rf_calibration_func</a> from rom_symdef.txt(ABSOLUTE) referenced from jump_table.o(jump_table_mem_area)
 <LI><a href="#[60]">rf_force_agc_enable</a> from rf_580.o(.text) referenced from rf_580.o(.text)
 <LI><a href="#[1f]">rf_init_func</a> from rf_580.o(.text) referenced from jump_table.o(jump_table_mem_area)
 <LI><a href="#[5a]">rf_reg_rd</a> from rf_580.o(.text) referenced from rf_580.o(.text)
 <LI><a href="#[5b]">rf_reg_wr</a> from rf_580.o(.text) referenced from rf_580.o(.text)
 <LI><a href="#[2c]">rf_reinit_func</a> from rf_580.o(.text) referenced from jump_table.o(jump_table_mem_area)
 <LI><a href="#[5e]">rf_reset</a> from rf_580.o(.text) referenced from rf_580.o(.text)
 <LI><a href="#[61]">rf_rssi_convert</a> from rf_580.o(.text) referenced from rf_580.o(.text)
 <LI><a href="#[5d]">rf_sleep</a> from rf_580.o(.text) referenced from rf_580.o(.text)
 <LI><a href="#[5c]">rf_txpwr_dbm_get</a> from rf_580.o(.text) referenced from rf_580.o(.text)
 <LI><a href="#[33]">rwip_eif_get_func</a> from rom_symdef.txt(ABSOLUTE) referenced from jump_table.o(jump_table_mem_area)
 <LI><a href="#[44]">save_configure_restore_func</a> from rom_symdef.txt(ABSOLUTE) referenced from jump_table.o(jump_table_mem_area)
 <LI><a href="#[4f]">set_gauss_modgain_func</a> from rom_symdef.txt(ABSOLUTE) referenced from jump_table.o(jump_table_mem_area)
 <LI><a href="#[48]">set_rf_cal_cap_func</a> from rom_symdef.txt(ABSOLUTE) referenced from jump_table.o(jump_table_mem_area)
 <LI><a href="#[66]">sleepcb</a> from user_periph_setup.o(.text) referenced 2 times from user_periph_setup.o(.text)
 <LI><a href="#[90]">smpc_check_pairing_feat</a> from smpc.obj(.text) referenced from arch_patch.o(.constdata)
 <LI><a href="#[91]">smpc_pairing_cfm_handler</a> from smpc_task.obj(.text) referenced from arch_patch.o(.constdata)
 <LI><a href="#[8f]">smpc_send_pairing_req_ind</a> from smpc.obj(.text) referenced from arch_patch.o(.constdata)
 <LI><a href="#[ec]">spotar_create_db_cfm_handler</a> from app_spotar_task.o(.text) referenced from app_spotar_task.o(.constdata)
 <LI><a href="#[c1]">spotar_create_db_req_handler</a> from spotar_task.o(.text) referenced from spotar_task.o(.constdata)
 <LI><a href="#[c2]">spotar_enable_req_handler</a> from spotar_task.o(.text) referenced from spotar_task.o(.constdata)
 <LI><a href="#[e9]">spotar_gpio_map_ind_handler</a> from app_spotar_task.o(.text) referenced from app_spotar_task.o(.constdata)
 <LI><a href="#[c4]">spotar_mem_info_update_req_handler</a> from spotar_task.o(.text) referenced from spotar_task.o(.constdata)
 <LI><a href="#[eb]">spotar_patch_data_ind_handler</a> from app_spotar_task.o(.text) referenced from app_spotar_task.o(.constdata)
 <LI><a href="#[ea]">spotar_patch_len_ind_handler</a> from app_spotar_task.o(.text) referenced from app_spotar_task.o(.constdata)
 <LI><a href="#[e8]">spotar_patch_mem_dev_ind_handler</a> from app_spotar_task.o(.text) referenced from app_spotar_task.o(.constdata)
 <LI><a href="#[c5]">spotar_status_update_req_handler</a> from spotar_task.o(.text) referenced from spotar_task.o(.constdata)
 <LI><a href="#[ef]">sps_server_create_db_req_handler</a> from sps_server_task.o(.text) referenced from sps_server_task.o(.constdata)
 <LI><a href="#[f4]">sps_server_data_tx_req_handler</a> from sps_server_task.o(.text) referenced from sps_server_task.o(.constdata)
 <LI><a href="#[f0]">sps_server_enable_req_handler</a> from sps_server_task.o(.text) referenced from sps_server_task.o(.constdata)
 <LI><a href="#[f5]">sps_server_rx_flow_ctrl_req_handler</a> from sps_server_task.o(.text) referenced from sps_server_task.o(.constdata)
 <LI><a href="#[24]">uart_finish_transfers_func</a> from rom_symdef.txt(ABSOLUTE) referenced from jump_table.o(jump_table_mem_area)
 <LI><a href="#[23]">uart_flow_off_func</a> from arch_system.o(.text) referenced from jump_table.o(jump_table_mem_area)
 <LI><a href="#[22]">uart_flow_on_func</a> from rom_symdef.txt(ABSOLUTE) referenced from jump_table.o(jump_table_mem_area)
 <LI><a href="#[21]">uart_init_func</a> from rom_symdef.txt(ABSOLUTE) referenced from jump_table.o(jump_table_mem_area)
 <LI><a href="#[25]">uart_read_func</a> from rom_symdef.txt(ABSOLUTE) referenced from jump_table.o(jump_table_mem_area)
 <LI><a href="#[26]">uart_write_func</a> from rom_symdef.txt(ABSOLUTE) referenced from jump_table.o(jump_table_mem_area)
 <LI><a href="#[43]">update_LUT_func</a> from rom_symdef.txt(ABSOLUTE) referenced from jump_table.o(jump_table_mem_area)
 <LI><a href="#[3f]">update_calcap_max_channel_func</a> from rom_symdef.txt(ABSOLUTE) referenced from jump_table.o(jump_table_mem_area)
 <LI><a href="#[3e]">update_calcap_min_channel_func</a> from rom_symdef.txt(ABSOLUTE) referenced from jump_table.o(jump_table_mem_area)
 <LI><a href="#[45]">update_calcap_ranges_func</a> from rom_symdef.txt(ABSOLUTE) referenced from jump_table.o(jump_table_mem_area)
 <LI><a href="#[d3]">user_process_catch</a> from user_sps_device.o(.text) referenced 2 times from app_task.o(.constdata)
 <LI><a href="#[f7]">user_sps_create_db_cfm_handler</a> from user_spss_task.o(.text) referenced from user_spss_task.o(.constdata)
 <LI><a href="#[cb]">user_sps_db_create</a> from user_spss.o(.text) referenced from app.o(.constdata)
 <LI><a href="#[cc]">user_sps_enable</a> from user_spss.o(.text) referenced from app.o(.constdata)
 <LI><a href="#[fa]">user_sps_server_data_rx_ind_handler</a> from user_spss_task.o(.text) referenced from user_spss_task.o(.constdata)
 <LI><a href="#[f9]">user_sps_server_data_tx_cfm_handler</a> from user_spss_task.o(.text) referenced from user_spss_task.o(.constdata)
 <LI><a href="#[f8]">user_sps_server_enable_cfm_handler</a> from user_spss_task.o(.text) referenced from user_spss_task.o(.constdata)
 <LI><a href="#[fc]">user_sps_server_error_ind_handler</a> from user_spss_task.o(.text) referenced from user_spss_task.o(.constdata)
 <LI><a href="#[fb]">user_sps_server_tx_flow_ctrl_ind_handler</a> from user_spss_task.o(.text) referenced from user_spss_task.o(.constdata)
 <LI><a href="#[f6]">user_spss_process_handler</a> from user_spss_task.o(.text) referenced from user_sps_device.o(.constdata)
 <LI><a href="#[37]">wrap_platform_reset</a> from arch_system.o(.text) referenced from jump_table.o(jump_table_mem_area)
 <LI><a href="#[41]">write_HW_LUT_func</a> from rom_symdef.txt(ABSOLUTE) referenced from jump_table.o(jump_table_mem_area)
 <LI><a href="#[40]">write_one_SW_LUT_entry_func</a> from rom_symdef.txt(ABSOLUTE) referenced from jump_table.o(jump_table_mem_area)
</UL>
<P>
<H3>
Global Symbols
</H3>
<P><STRONG><a name="[265]"></a>exec_patching_spota</STRONG> (Thumb, 0 bytes, Stack size 0 bytes, rom_symdef.txt(ABSOLUTE), UNUSED)
<BR><BR>[Called By]<UL></UL>

<P><STRONG><a name="[200]"></a>get_patching_spota_length</STRONG> (Thumb, 0 bytes, Stack size 0 bytes, rom_symdef.txt(ABSOLUTE))
<BR><BR>[Called By]<UL><LI><a href="#[e9]">&gt;&gt;</a>&nbsp;&nbsp;&nbsp;spotar_gpio_map_ind_handler (via Veneer)
<LI><a href="#[203]">&gt;&gt;</a>&nbsp;&nbsp;&nbsp;app_spotar_pd_hdlr (via Veneer)
<LI><a href="#[1ff]">&gt;&gt;</a>&nbsp;&nbsp;&nbsp;app_spotar_read_mem (via Veneer)
</UL>

<P><STRONG><a name="[12c]"></a>set_system_clocks</STRONG> (Thumb, 0 bytes, Stack size 0 bytes, rom_symdef.txt(ABSOLUTE))
<BR><BR>[Called By]<UL><LI><a href="#[10e]">&gt;&gt;</a>&nbsp;&nbsp;&nbsp;system_init (via Veneer)
</UL>

<P><STRONG><a name="[19e]"></a>rf_workaround_init</STRONG> (Thumb, 0 bytes, Stack size 0 bytes, rom_symdef.txt(ABSOLUTE))
<BR><BR>[Called By]<UL><LI><a href="#[a]">&gt;&gt;</a>&nbsp;&nbsp;&nbsp;BLE_SLP_Handler (via Veneer)
</UL>

<P><STRONG><a name="[1e8]"></a>platform_reset</STRONG> (Thumb, 0 bytes, Stack size 0 bytes, rom_symdef.txt(ABSOLUTE))
<BR><BR>[Called By]<UL><LI><a href="#[66]">&gt;&gt;</a>&nbsp;&nbsp;&nbsp;sleepcb (via Veneer)
<LI><a href="#[1ff]">&gt;&gt;</a>&nbsp;&nbsp;&nbsp;app_spotar_read_mem (via Veneer)
<LI><a href="#[1ec]">&gt;&gt;</a>&nbsp;&nbsp;&nbsp;user_on_disconnect (via Veneer)
<LI><a href="#[1eb]">&gt;&gt;</a>&nbsp;&nbsp;&nbsp;user_on_connection (via Veneer)
<LI><a href="#[1ea]">&gt;&gt;</a>&nbsp;&nbsp;&nbsp;user_on_connect_failed (via Veneer)
<LI><a href="#[d9]">&gt;&gt;</a>&nbsp;&nbsp;&nbsp;app_module_init_cmp_evt_handler (via Veneer)
<LI><a href="#[d8]">&gt;&gt;</a>&nbsp;&nbsp;&nbsp;gapc_disconnect_ind_handler (via Veneer)
<LI><a href="#[d6]">&gt;&gt;</a>&nbsp;&nbsp;&nbsp;gapc_cmp_evt_handler (via Veneer)
<LI><a href="#[d7]">&gt;&gt;</a>&nbsp;&nbsp;&nbsp;gapc_connection_req_ind_handler (via Veneer)
<LI><a href="#[d5]">&gt;&gt;</a>&nbsp;&nbsp;&nbsp;gapm_cmp_evt_handler (via Veneer)
<LI><a href="#[d4]">&gt;&gt;</a>&nbsp;&nbsp;&nbsp;gapm_device_ready_ind_handler (via Veneer)
<LI><a href="#[fc]">&gt;&gt;</a>&nbsp;&nbsp;&nbsp;user_sps_server_error_ind_handler (via Veneer)
</UL>

<P><STRONG><a name="[139]"></a>platform_reset_func</STRONG> (Thumb, 0 bytes, Stack size 0 bytes, rom_symdef.txt(ABSOLUTE))
<BR><BR>[Called By]<UL><LI><a href="#[37]">&gt;&gt;</a>&nbsp;&nbsp;&nbsp;wrap_platform_reset (via Veneer)
</UL>

<P><STRONG><a name="[53]"></a>main</STRONG> (Thumb, 0 bytes, Stack size 0 bytes, rom_symdef.txt(ABSOLUTE), UNUSED)
<BR>[Address Reference Count : 1]<UL><LI> entry9a.o(.ARM.Collect$$$$0000000B)
</UL>
<P><STRONG><a name="[33]"></a>rwip_eif_get_func</STRONG> (Thumb, 0 bytes, Stack size 0 bytes, rom_symdef.txt(ABSOLUTE), UNUSED)
<BR>[Address Reference Count : 1]<UL><LI> jump_table.o(jump_table_mem_area)
</UL>
<P><STRONG><a name="[13d]"></a>co_buf_rx_free</STRONG> (Thumb, 0 bytes, Stack size 0 bytes, rom_symdef.txt(ABSOLUTE))
<BR><BR>[Called By]<UL><LI><a href="#[81]">&gt;&gt;</a>&nbsp;&nbsp;&nbsp;my_lld_data_ind_handler (via Veneer)
</UL>

<P><STRONG><a name="[15a]"></a>co_list_push_back</STRONG> (Thumb, 0 bytes, Stack size 0 bytes, rom_symdef.txt(ABSOLUTE))
<BR><BR>[Called By]<UL><LI><a href="#[59]">&gt;&gt;</a>&nbsp;&nbsp;&nbsp;ke_task_schedule (via Veneer)
</UL>

<P><STRONG><a name="[157]"></a>co_list_pop_front</STRONG> (Thumb, 0 bytes, Stack size 0 bytes, rom_symdef.txt(ABSOLUTE))
<BR><BR>[Called By]<UL><LI><a href="#[59]">&gt;&gt;</a>&nbsp;&nbsp;&nbsp;ke_task_schedule (via Veneer)
</UL>

<P><STRONG><a name="[171]"></a>llc_common_enc_change_evt_send</STRONG> (Thumb, 0 bytes, Stack size 0 bytes, rom_symdef.txt(ABSOLUTE))
<BR><BR>[Called By]<UL><LI><a href="#[16e]">&gt;&gt;</a>&nbsp;&nbsp;&nbsp;my_llc_start_enc_rsp_ind (via Veneer)
</UL>

<P><STRONG><a name="[170]"></a>llc_start_enc_rsp_pdu_send</STRONG> (Thumb, 0 bytes, Stack size 0 bytes, rom_symdef.txt(ABSOLUTE))
<BR><BR>[Called By]<UL><LI><a href="#[16e]">&gt;&gt;</a>&nbsp;&nbsp;&nbsp;my_llc_start_enc_rsp_ind (via Veneer)
</UL>

<P><STRONG><a name="[16a]"></a>llc_le_con_update_cmd_handler</STRONG> (Thumb, 0 bytes, Stack size 0 bytes, rom_symdef.txt(ABSOLUTE))
<BR><BR>[Called By]<UL><LI><a href="#[94]">&gt;&gt;</a>&nbsp;&nbsp;&nbsp;my_llc_le_con_update_cmd_handler (via Veneer)
</UL>

<P><STRONG><a name="[95]"></a>llc_le_rd_chnl_map_cmd_handler</STRONG> (Thumb, 0 bytes, Stack size 0 bytes, rom_symdef.txt(ABSOLUTE), UNUSED)
<BR>[Address Reference Count : 1]<UL><LI> llc.obj(.constdata)
</UL>
<P><STRONG><a name="[96]"></a>llc_le_rd_rem_used_feats_cmd_handler</STRONG> (Thumb, 0 bytes, Stack size 0 bytes, rom_symdef.txt(ABSOLUTE), UNUSED)
<BR>[Address Reference Count : 1]<UL><LI> llc.obj(.constdata)
</UL>
<P><STRONG><a name="[97]"></a>llc_le_start_enc_cmd_handler</STRONG> (Thumb, 0 bytes, Stack size 0 bytes, rom_symdef.txt(ABSOLUTE), UNUSED)
<BR>[Address Reference Count : 1]<UL><LI> llc.obj(.constdata)
</UL>
<P><STRONG><a name="[9d]"></a>llc_le_ltk_req_reply_cmd_handler</STRONG> (Thumb, 0 bytes, Stack size 0 bytes, rom_symdef.txt(ABSOLUTE), UNUSED)
<BR>[Address Reference Count : 1]<UL><LI> llc.obj(.constdata)
</UL>
<P><STRONG><a name="[9e]"></a>llc_le_ltk_req_neg_reply_cmd_handler</STRONG> (Thumb, 0 bytes, Stack size 0 bytes, rom_symdef.txt(ABSOLUTE), UNUSED)
<BR>[Address Reference Count : 1]<UL><LI> llc.obj(.constdata)
</UL>
<P><STRONG><a name="[98]"></a>llc_flush_cmd_handler</STRONG> (Thumb, 0 bytes, Stack size 0 bytes, rom_symdef.txt(ABSOLUTE), UNUSED)
<BR>[Address Reference Count : 1]<UL><LI> llc.obj(.constdata)
</UL>
<P><STRONG><a name="[99]"></a>llc_disconnect_cmd_handler</STRONG> (Thumb, 0 bytes, Stack size 0 bytes, rom_symdef.txt(ABSOLUTE), UNUSED)
<BR>[Address Reference Count : 1]<UL><LI> llc.obj(.constdata)
</UL>
<P><STRONG><a name="[9a]"></a>llc_rd_rssi_cmd_handler</STRONG> (Thumb, 0 bytes, Stack size 0 bytes, rom_symdef.txt(ABSOLUTE), UNUSED)
<BR>[Address Reference Count : 1]<UL><LI> llc.obj(.constdata)
</UL>
<P><STRONG><a name="[9b]"></a>llc_rd_tx_pow_lvl_cmd_handler</STRONG> (Thumb, 0 bytes, Stack size 0 bytes, rom_symdef.txt(ABSOLUTE), UNUSED)
<BR>[Address Reference Count : 1]<UL><LI> llc.obj(.constdata)
</UL>
<P><STRONG><a name="[9c]"></a>llc_rd_rem_info_ver_cmd_handler</STRONG> (Thumb, 0 bytes, Stack size 0 bytes, rom_symdef.txt(ABSOLUTE), UNUSED)
<BR>[Address Reference Count : 1]<UL><LI> llc.obj(.constdata)
</UL>
<P><STRONG><a name="[a4]"></a>llc_set_host_ch_class_cmd_handler</STRONG> (Thumb, 0 bytes, Stack size 0 bytes, rom_symdef.txt(ABSOLUTE), UNUSED)
<BR>[Address Reference Count : 1]<UL><LI> llc.obj(.constdata)
</UL>
<P><STRONG><a name="[a5]"></a>llm_gen_chnl_cls_cmd_handler</STRONG> (Thumb, 0 bytes, Stack size 0 bytes, rom_symdef.txt(ABSOLUTE), UNUSED)
<BR>[Address Reference Count : 1]<UL><LI> llc.obj(.constdata)
</UL>
<P><STRONG><a name="[a6]"></a>llc_link_sup_to_ind_handler</STRONG> (Thumb, 0 bytes, Stack size 0 bytes, rom_symdef.txt(ABSOLUTE), UNUSED)
<BR>[Address Reference Count : 1]<UL><LI> llc.obj(.constdata)
</UL>
<P><STRONG><a name="[a7]"></a>llc_llcp_rsp_to_ind_handler</STRONG> (Thumb, 0 bytes, Stack size 0 bytes, rom_symdef.txt(ABSOLUTE), UNUSED)
<BR>[Address Reference Count : 1]<UL><LI> llc.obj(.constdata)
</UL>
<P><STRONG><a name="[9f]"></a>llc_data_req_handler</STRONG> (Thumb, 0 bytes, Stack size 0 bytes, rom_symdef.txt(ABSOLUTE), UNUSED)
<BR>[Address Reference Count : 1]<UL><LI> llc.obj(.constdata)
</UL>
<P><STRONG><a name="[a2]"></a>lld_data_ind_handler</STRONG> (Thumb, 0 bytes, Stack size 0 bytes, rom_symdef.txt(ABSOLUTE), UNUSED)
<BR>[Address Reference Count : 2]<UL><LI> llc.obj(.constdata)
<LI> llc.obj(.constdata)
</UL>
<P><STRONG><a name="[a3]"></a>llm_le_enc_cmp_evt_handler</STRONG> (Thumb, 0 bytes, Stack size 0 bytes, rom_symdef.txt(ABSOLUTE), UNUSED)
<BR>[Address Reference Count : 1]<UL><LI> llc.obj(.constdata)
</UL>
<P><STRONG><a name="[b9]"></a>lld_stop_ind_handler</STRONG> (Thumb, 0 bytes, Stack size 0 bytes, rom_symdef.txt(ABSOLUTE))
<BR><BR>[Called By]<UL><LI><a href="#[ba]">&gt;&gt;</a>&nbsp;&nbsp;&nbsp;my_lld_stop_ind_handler (via Veneer)
</UL>
<BR>[Address Reference Count : 1]<UL><LI> llc.obj(.constdata)
</UL>
<P><STRONG><a name="[a0]"></a>llc_data_ind_handler</STRONG> (Thumb, 0 bytes, Stack size 0 bytes, rom_symdef.txt(ABSOLUTE), UNUSED)
<BR>[Address Reference Count : 1]<UL><LI> llc.obj(.constdata)
</UL>
<P><STRONG><a name="[aa]"></a>llc_llcp_unknown_ind_handler</STRONG> (Thumb, 0 bytes, Stack size 0 bytes, rom_symdef.txt(ABSOLUTE), UNUSED)
<BR>[Address Reference Count : 1]<UL><LI> llc.obj(.constdata)
</UL>
<P><STRONG><a name="[a8]"></a>llc_version_ind_send_handler</STRONG> (Thumb, 0 bytes, Stack size 0 bytes, rom_symdef.txt(ABSOLUTE), UNUSED)
<BR>[Address Reference Count : 1]<UL><LI> llc.obj(.constdata)
</UL>
<P><STRONG><a name="[a9]"></a>llc_unknown_rsp_send_handler</STRONG> (Thumb, 0 bytes, Stack size 0 bytes, rom_symdef.txt(ABSOLUTE), UNUSED)
<BR>[Address Reference Count : 1]<UL><LI> llc.obj(.constdata)
</UL>
<P><STRONG><a name="[ab]"></a>llcp_terminate_ind_handler</STRONG> (Thumb, 0 bytes, Stack size 0 bytes, rom_symdef.txt(ABSOLUTE), UNUSED)
<BR>[Address Reference Count : 1]<UL><LI> llc.obj(.constdata)
</UL>
<P><STRONG><a name="[ac]"></a>llcp_feats_req_handler</STRONG> (Thumb, 0 bytes, Stack size 0 bytes, rom_symdef.txt(ABSOLUTE), UNUSED)
<BR>[Address Reference Count : 1]<UL><LI> llc.obj(.constdata)
</UL>
<P><STRONG><a name="[ad]"></a>llcp_feats_rsp_handler</STRONG> (Thumb, 0 bytes, Stack size 0 bytes, rom_symdef.txt(ABSOLUTE), UNUSED)
<BR>[Address Reference Count : 1]<UL><LI> llc.obj(.constdata)
</UL>
<P><STRONG><a name="[ae]"></a>llcp_vers_ind_handler</STRONG> (Thumb, 0 bytes, Stack size 0 bytes, rom_symdef.txt(ABSOLUTE), UNUSED)
<BR>[Address Reference Count : 1]<UL><LI> llc.obj(.constdata)
</UL>
<P><STRONG><a name="[b1]"></a>llcp_enc_req_handler</STRONG> (Thumb, 0 bytes, Stack size 0 bytes, rom_symdef.txt(ABSOLUTE), UNUSED)
<BR>[Address Reference Count : 1]<UL><LI> llc.obj(.constdata)
</UL>
<P><STRONG><a name="[b2]"></a>llcp_enc_rsp_handler</STRONG> (Thumb, 0 bytes, Stack size 0 bytes, rom_symdef.txt(ABSOLUTE), UNUSED)
<BR>[Address Reference Count : 1]<UL><LI> llc.obj(.constdata)
</UL>
<P><STRONG><a name="[b3]"></a>llcp_start_enc_req_handler</STRONG> (Thumb, 0 bytes, Stack size 0 bytes, rom_symdef.txt(ABSOLUTE), UNUSED)
<BR>[Address Reference Count : 1]<UL><LI> llc.obj(.constdata)
</UL>
<P><STRONG><a name="[b5]"></a>llcp_pause_enc_req_handler</STRONG> (Thumb, 0 bytes, Stack size 0 bytes, rom_symdef.txt(ABSOLUTE), UNUSED)
<BR>[Address Reference Count : 1]<UL><LI> llc.obj(.constdata)
</UL>
<P><STRONG><a name="[b6]"></a>llcp_pause_enc_rsp_handler</STRONG> (Thumb, 0 bytes, Stack size 0 bytes, rom_symdef.txt(ABSOLUTE), UNUSED)
<BR>[Address Reference Count : 1]<UL><LI> llc.obj(.constdata)
</UL>
<P><STRONG><a name="[b7]"></a>llcp_reject_ind_handler</STRONG> (Thumb, 0 bytes, Stack size 0 bytes, rom_symdef.txt(ABSOLUTE), UNUSED)
<BR>[Address Reference Count : 1]<UL><LI> llc.obj(.constdata)
</UL>
<P><STRONG><a name="[b8]"></a>llcp_unknown_rsp_handler</STRONG> (Thumb, 0 bytes, Stack size 0 bytes, rom_symdef.txt(ABSOLUTE), UNUSED)
<BR>[Address Reference Count : 1]<UL><LI> llc.obj(.constdata)
</UL>
<P><STRONG><a name="[151]"></a>llc_util_dicon_procedure</STRONG> (Thumb, 0 bytes, Stack size 0 bytes, rom_symdef.txt(ABSOLUTE))
<BR><BR>[Called By]<UL><LI><a href="#[af]">&gt;&gt;</a>&nbsp;&nbsp;&nbsp;my_llcp_con_up_req_handler (via Veneer)
<LI><a href="#[b0]">&gt;&gt;</a>&nbsp;&nbsp;&nbsp;my_llcp_channel_map_req_handler (via Veneer)
<LI><a href="#[b4]">&gt;&gt;</a>&nbsp;&nbsp;&nbsp;my_llcp_start_enc_rsp_handler (via Veneer)
<LI><a href="#[a1]">&gt;&gt;</a>&nbsp;&nbsp;&nbsp;my_llc_llcp_tx_cfm_handler (via Veneer)
<LI><a href="#[152]">&gt;&gt;</a>&nbsp;&nbsp;&nbsp;my_llc_ch_map_req_ind (via Veneer)
<LI><a href="#[14e]">&gt;&gt;</a>&nbsp;&nbsp;&nbsp;my_llc_con_update_req_ind (via Veneer)
</UL>

<P><STRONG><a name="[36]"></a>enable_BLE_core_irq_func</STRONG> (Thumb, 0 bytes, Stack size 0 bytes, rom_symdef.txt(ABSOLUTE), UNUSED)
<BR>[Address Reference Count : 1]<UL><LI> jump_table.o(jump_table_mem_area)
</UL>
<P><STRONG><a name="[35]"></a>lld_init_func</STRONG> (Thumb, 0 bytes, Stack size 0 bytes, rom_symdef.txt(ABSOLUTE), UNUSED)
<BR>[Address Reference Count : 1]<UL><LI> jump_table.o(jump_table_mem_area)
</UL>
<P><STRONG><a name="[153]"></a>lld_ch_map_ind</STRONG> (Thumb, 0 bytes, Stack size 0 bytes, rom_symdef.txt(ABSOLUTE))
<BR><BR>[Called By]<UL><LI><a href="#[152]">&gt;&gt;</a>&nbsp;&nbsp;&nbsp;my_llc_ch_map_req_ind (via Veneer)
</UL>

<P><STRONG><a name="[14f]"></a>lld_con_update_ind</STRONG> (Thumb, 0 bytes, Stack size 0 bytes, rom_symdef.txt(ABSOLUTE))
<BR><BR>[Called By]<UL><LI><a href="#[14e]">&gt;&gt;</a>&nbsp;&nbsp;&nbsp;my_llc_con_update_req_ind (via Veneer)
</UL>

<P><STRONG><a name="[50]"></a>lld_test_stop_func</STRONG> (Thumb, 0 bytes, Stack size 0 bytes, rom_symdef.txt(ABSOLUTE), UNUSED)
<BR>[Address Reference Count : 1]<UL><LI> jump_table.o(jump_table_mem_area)
</UL>
<P><STRONG><a name="[51]"></a>lld_test_mode_tx_func</STRONG> (Thumb, 0 bytes, Stack size 0 bytes, rom_symdef.txt(ABSOLUTE), UNUSED)
<BR>[Address Reference Count : 1]<UL><LI> jump_table.o(jump_table_mem_area)
</UL>
<P><STRONG><a name="[52]"></a>lld_test_mode_rx_func</STRONG> (Thumb, 0 bytes, Stack size 0 bytes, rom_symdef.txt(ABSOLUTE), UNUSED)
<BR>[Address Reference Count : 1]<UL><LI> jump_table.o(jump_table_mem_area)
</UL>
<P><STRONG><a name="[16c]"></a>lld_evt_int_extract</STRONG> (Thumb, 0 bytes, Stack size 0 bytes, rom_symdef.txt(ABSOLUTE))
<BR><BR>[Called By]<UL><LI><a href="#[ba]">&gt;&gt;</a>&nbsp;&nbsp;&nbsp;my_lld_stop_ind_handler (via Veneer)
</UL>

<P><STRONG><a name="[2d]"></a>lld_evt_init_func</STRONG> (Thumb, 0 bytes, Stack size 0 bytes, rom_symdef.txt(ABSOLUTE), UNUSED)
<BR>[Address Reference Count : 1]<UL><LI> jump_table.o(jump_table_mem_area)
</UL>
<P><STRONG><a name="[1a7]"></a>lld_evt_start_isr</STRONG> (Thumb, 0 bytes, Stack size 0 bytes, rom_symdef.txt(ABSOLUTE))
<BR><BR>[Called By]<UL><LI><a href="#[1a1]">&gt;&gt;</a>&nbsp;&nbsp;&nbsp;ble_start (via Veneer)
</UL>

<P><STRONG><a name="[1a4]"></a>lld_evt_end_isr</STRONG> (Thumb, 0 bytes, Stack size 0 bytes, rom_symdef.txt(ABSOLUTE))
<BR><BR>[Called By]<UL><LI><a href="#[d]">&gt;&gt;</a>&nbsp;&nbsp;&nbsp;BLE_EVENT_Handler (via Veneer)
</UL>

<P><STRONG><a name="[1a3]"></a>lld_evt_rx_isr</STRONG> (Thumb, 0 bytes, Stack size 0 bytes, rom_symdef.txt(ABSOLUTE))
<BR><BR>[Called By]<UL><LI><a href="#[c]">&gt;&gt;</a>&nbsp;&nbsp;&nbsp;BLE_RX_Handler (via Veneer)
</UL>

<P><STRONG><a name="[124]"></a>lld_sleep_us_2_lpcycles_func</STRONG> (Thumb, 0 bytes, Stack size 0 bytes, rom_symdef.txt(ABSOLUTE))
<BR><BR>[Called By]<UL><LI><a href="#[2a]">&gt;&gt;</a>&nbsp;&nbsp;&nbsp;lld_sleep_us_2_lpcycles_sel_func (via Veneer)
</UL>

<P><STRONG><a name="[125]"></a>lld_sleep_lpcycles_2_us_func</STRONG> (Thumb, 0 bytes, Stack size 0 bytes, rom_symdef.txt(ABSOLUTE))
<BR><BR>[Called By]<UL><LI><a href="#[2b]">&gt;&gt;</a>&nbsp;&nbsp;&nbsp;lld_sleep_lpcycles_2_us_sel_func (via Veneer)
</UL>

<P><STRONG><a name="[1ab]"></a>lld_sleep_enter</STRONG> (Thumb, 0 bytes, Stack size 0 bytes, rom_symdef.txt(ABSOLUTE))
<BR><BR>[Called By]<UL><LI><a href="#[114]">&gt;&gt;</a>&nbsp;&nbsp;&nbsp;rwip_sleep (via Veneer)
</UL>

<P><STRONG><a name="[10f]"></a>lld_sleep_check</STRONG> (Thumb, 0 bytes, Stack size 0 bytes, rom_symdef.txt(ABSOLUTE))
<BR><BR>[Called By]<UL><LI><a href="#[114]">&gt;&gt;</a>&nbsp;&nbsp;&nbsp;rwip_sleep (via Veneer)
<LI><a href="#[1e]">&gt;&gt;</a>&nbsp;&nbsp;&nbsp;main_func (via Veneer)
</UL>

<P><STRONG><a name="[31]"></a>llm_encryption_done_func</STRONG> (Thumb, 0 bytes, Stack size 0 bytes, rom_symdef.txt(ABSOLUTE), UNUSED)
<BR>[Address Reference Count : 1]<UL><LI> jump_table.o(jump_table_mem_area)
</UL>
<P><STRONG><a name="[67]"></a>TASK_LLM_llm_le_set_evt_msk_cmd_handler</STRONG> (Thumb, 0 bytes, Stack size 0 bytes, rom_symdef.txt(ABSOLUTE), UNUSED)
<BR>[Address Reference Count : 1]<UL><LI> arch_patch.o(.constdata)
</UL>
<P><STRONG><a name="[6a]"></a>TASK_LLM_llm_le_set_rand_add_cmd_handler</STRONG> (Thumb, 0 bytes, Stack size 0 bytes, rom_symdef.txt(ABSOLUTE), UNUSED)
<BR>[Address Reference Count : 1]<UL><LI> arch_patch.o(.constdata)
</UL>
<P><STRONG><a name="[6b]"></a>TASK_LLM_llm_le_set_adv_param_cmd_handler</STRONG> (Thumb, 0 bytes, Stack size 0 bytes, rom_symdef.txt(ABSOLUTE), UNUSED)
<BR>[Address Reference Count : 1]<UL><LI> arch_patch.o(.constdata)
</UL>
<P><STRONG><a name="[6d]"></a>TASK_LLM_llm_le_set_adv_data_cmd_handler</STRONG> (Thumb, 0 bytes, Stack size 0 bytes, rom_symdef.txt(ABSOLUTE), UNUSED)
<BR>[Address Reference Count : 1]<UL><LI> arch_patch.o(.constdata)
</UL>
<P><STRONG><a name="[6e]"></a>TASK_LLM_llm_le_set_adv_en_cmd_handler</STRONG> (Thumb, 0 bytes, Stack size 0 bytes, rom_symdef.txt(ABSOLUTE), UNUSED)
<BR>[Address Reference Count : 1]<UL><LI> arch_patch.o(.constdata)
</UL>
<P><STRONG><a name="[6f]"></a>TASK_LLM_llm_le_set_scan_rsp_data_cmd_handler</STRONG> (Thumb, 0 bytes, Stack size 0 bytes, rom_symdef.txt(ABSOLUTE), UNUSED)
<BR>[Address Reference Count : 1]<UL><LI> arch_patch.o(.constdata)
</UL>
<P><STRONG><a name="[70]"></a>TASK_LLM_llm_le_set_scan_param_cmd_handler</STRONG> (Thumb, 0 bytes, Stack size 0 bytes, rom_symdef.txt(ABSOLUTE), UNUSED)
<BR>[Address Reference Count : 1]<UL><LI> arch_patch.o(.constdata)
</UL>
<P><STRONG><a name="[71]"></a>TASK_LLM_llm_le_set_scan_en_cmd_handler</STRONG> (Thumb, 0 bytes, Stack size 0 bytes, rom_symdef.txt(ABSOLUTE), UNUSED)
<BR>[Address Reference Count : 1]<UL><LI> arch_patch.o(.constdata)
</UL>
<P><STRONG><a name="[74]"></a>TASK_LLM_llm_le_set_host_ch_class_cmd_handler</STRONG> (Thumb, 0 bytes, Stack size 0 bytes, rom_symdef.txt(ABSOLUTE), UNUSED)
<BR>[Address Reference Count : 1]<UL><LI> arch_patch.o(.constdata)
</UL>
<P><STRONG><a name="[7d]"></a>TASK_LLM_llm_le_test_rx_cmd_handler</STRONG> (Thumb, 0 bytes, Stack size 0 bytes, rom_symdef.txt(ABSOLUTE), UNUSED)
<BR>[Address Reference Count : 1]<UL><LI> arch_patch.o(.constdata)
</UL>
<P><STRONG><a name="[7e]"></a>TASK_LLM_llm_le_test_tx_cmd_handler</STRONG> (Thumb, 0 bytes, Stack size 0 bytes, rom_symdef.txt(ABSOLUTE), UNUSED)
<BR>[Address Reference Count : 1]<UL><LI> arch_patch.o(.constdata)
</UL>
<P><STRONG><a name="[77]"></a>TASK_LLM_llm_le_wl_clr_cmd_handler</STRONG> (Thumb, 0 bytes, Stack size 0 bytes, rom_symdef.txt(ABSOLUTE), UNUSED)
<BR>[Address Reference Count : 1]<UL><LI> arch_patch.o(.constdata)
</UL>
<P><STRONG><a name="[78]"></a>TASK_LLM_llm_le_wl_dev_add_cmd_handler</STRONG> (Thumb, 0 bytes, Stack size 0 bytes, rom_symdef.txt(ABSOLUTE), UNUSED)
<BR>[Address Reference Count : 1]<UL><LI> arch_patch.o(.constdata)
</UL>
<P><STRONG><a name="[79]"></a>TASK_LLM_llm_le_wl_dev_rem_cmd_handler</STRONG> (Thumb, 0 bytes, Stack size 0 bytes, rom_symdef.txt(ABSOLUTE), UNUSED)
<BR>[Address Reference Count : 1]<UL><LI> arch_patch.o(.constdata)
</UL>
<P><STRONG><a name="[72]"></a>TASK_LLM_llm_le_create_con_cmd_handler</STRONG> (Thumb, 0 bytes, Stack size 0 bytes, rom_symdef.txt(ABSOLUTE), UNUSED)
<BR>[Address Reference Count : 1]<UL><LI> arch_patch.o(.constdata)
</UL>
<P><STRONG><a name="[73]"></a>TASK_LLM_llm_le_create_con_cancel_cmd_handler</STRONG> (Thumb, 0 bytes, Stack size 0 bytes, rom_symdef.txt(ABSOLUTE), UNUSED)
<BR>[Address Reference Count : 1]<UL><LI> arch_patch.o(.constdata)
</UL>
<P><STRONG><a name="[75]"></a>TASK_LLM_llm_le_chnl_assess_timer_handler</STRONG> (Thumb, 0 bytes, Stack size 0 bytes, rom_symdef.txt(ABSOLUTE), UNUSED)
<BR>[Address Reference Count : 1]<UL><LI> arch_patch.o(.constdata)
</UL>
<P><STRONG><a name="[69]"></a>TASK_LLM_llm_le_rd_loc_supp_feats_cmd_handler</STRONG> (Thumb, 0 bytes, Stack size 0 bytes, rom_symdef.txt(ABSOLUTE), UNUSED)
<BR>[Address Reference Count : 1]<UL><LI> arch_patch.o(.constdata)
</UL>
<P><STRONG><a name="[6c]"></a>TASK_LLM_llm_le_rd_adv_ch_tx_pw_cmd_handler</STRONG> (Thumb, 0 bytes, Stack size 0 bytes, rom_symdef.txt(ABSOLUTE), UNUSED)
<BR>[Address Reference Count : 1]<UL><LI> arch_patch.o(.constdata)
</UL>
<P><STRONG><a name="[76]"></a>TASK_LLM_llm_le_rd_wl_size_cmd_handler</STRONG> (Thumb, 0 bytes, Stack size 0 bytes, rom_symdef.txt(ABSOLUTE), UNUSED)
<BR>[Address Reference Count : 1]<UL><LI> arch_patch.o(.constdata)
</UL>
<P><STRONG><a name="[7c]"></a>TASK_LLM_llm_le_rd_supp_states_cmd_handler</STRONG> (Thumb, 0 bytes, Stack size 0 bytes, rom_symdef.txt(ABSOLUTE), UNUSED)
<BR>[Address Reference Count : 1]<UL><LI> arch_patch.o(.constdata)
</UL>
<P><STRONG><a name="[68]"></a>TASK_LLM_llm_le_rd_buff_size_cmd_handler</STRONG> (Thumb, 0 bytes, Stack size 0 bytes, rom_symdef.txt(ABSOLUTE), UNUSED)
<BR>[Address Reference Count : 1]<UL><LI> arch_patch.o(.constdata)
</UL>
<P><STRONG><a name="[7a]"></a>TASK_LLM_llm_le_enc_cmd_handler</STRONG> (Thumb, 0 bytes, Stack size 0 bytes, rom_symdef.txt(ABSOLUTE), UNUSED)
<BR>[Address Reference Count : 1]<UL><LI> arch_patch.o(.constdata)
</UL>
<P><STRONG><a name="[7b]"></a>TASK_LLM_llm_le_rand_cmd_handler</STRONG> (Thumb, 0 bytes, Stack size 0 bytes, rom_symdef.txt(ABSOLUTE), UNUSED)
<BR>[Address Reference Count : 1]<UL><LI> arch_patch.o(.constdata)
</UL>
<P><STRONG><a name="[7f]"></a>TASK_LLM_llm_le_test_end_cmd_handler</STRONG> (Thumb, 0 bytes, Stack size 0 bytes, rom_symdef.txt(ABSOLUTE), UNUSED)
<BR>[Address Reference Count : 1]<UL><LI> arch_patch.o(.constdata)
</UL>
<P><STRONG><a name="[80]"></a>TASK_LLM_llm_le_set_host_ch_class_cmd_sto_handler</STRONG> (Thumb, 0 bytes, Stack size 0 bytes, rom_symdef.txt(ABSOLUTE), UNUSED)
<BR>[Address Reference Count : 1]<UL><LI> arch_patch.o(.constdata)
</UL>
<P><STRONG><a name="[82]"></a>TASK_LLM_llm_reset_cmd_handler</STRONG> (Thumb, 0 bytes, Stack size 0 bytes, rom_symdef.txt(ABSOLUTE), UNUSED)
<BR>[Address Reference Count : 1]<UL><LI> arch_patch.o(.constdata)
</UL>
<P><STRONG><a name="[83]"></a>TASK_LLM_llm_rd_bd_addr_cmd_handler</STRONG> (Thumb, 0 bytes, Stack size 0 bytes, rom_symdef.txt(ABSOLUTE), UNUSED)
<BR>[Address Reference Count : 1]<UL><LI> arch_patch.o(.constdata)
</UL>
<P><STRONG><a name="[84]"></a>TASK_LLM_llm_rd_local_ver_info_cmd_handler</STRONG> (Thumb, 0 bytes, Stack size 0 bytes, rom_symdef.txt(ABSOLUTE), UNUSED)
<BR>[Address Reference Count : 1]<UL><LI> arch_patch.o(.constdata)
</UL>
<P><STRONG><a name="[85]"></a>TASK_LLM_llm_rd_local_supp_cmds_cmd_handler</STRONG> (Thumb, 0 bytes, Stack size 0 bytes, rom_symdef.txt(ABSOLUTE), UNUSED)
<BR>[Address Reference Count : 1]<UL><LI> arch_patch.o(.constdata)
</UL>
<P><STRONG><a name="[87]"></a>TASK_LLM_llm_rd_local_supp_feats_cmd_handler</STRONG> (Thumb, 0 bytes, Stack size 0 bytes, rom_symdef.txt(ABSOLUTE), UNUSED)
<BR>[Address Reference Count : 1]<UL><LI> arch_patch.o(.constdata)
</UL>
<P><STRONG><a name="[88]"></a>TASK_LLM_llm_set_evt_msk_cmd_handler</STRONG> (Thumb, 0 bytes, Stack size 0 bytes, rom_symdef.txt(ABSOLUTE), UNUSED)
<BR>[Address Reference Count : 1]<UL><LI> arch_patch.o(.constdata)
</UL>
<P><STRONG><a name="[86]"></a>TASK_LLM_llm_set_cntl_host_flow_cmd_handler</STRONG> (Thumb, 0 bytes, Stack size 0 bytes, rom_symdef.txt(ABSOLUTE), UNUSED)
<BR>[Address Reference Count : 1]<UL><LI> arch_patch.o(.constdata)
</UL>
<P><STRONG><a name="[89]"></a>TASK_LLM_llm_host_buff_size_cmd_handler</STRONG> (Thumb, 0 bytes, Stack size 0 bytes, rom_symdef.txt(ABSOLUTE), UNUSED)
<BR>[Address Reference Count : 1]<UL><LI> arch_patch.o(.constdata)
</UL>
<P><STRONG><a name="[8a]"></a>TASK_LLM_llm_host_nb_comp_pkts_cmd_handler</STRONG> (Thumb, 0 bytes, Stack size 0 bytes, rom_symdef.txt(ABSOLUTE), UNUSED)
<BR>[Address Reference Count : 1]<UL><LI> arch_patch.o(.constdata)
</UL>
<P><STRONG><a name="[8b]"></a>TASK_LLM_llm_rd_buff_size_cmd_handler</STRONG> (Thumb, 0 bytes, Stack size 0 bytes, rom_symdef.txt(ABSOLUTE), UNUSED)
<BR>[Address Reference Count : 1]<UL><LI> arch_patch.o(.constdata)
</UL>
<P><STRONG><a name="[13c]"></a>TASK_LLM_lld_data_ind_handler</STRONG> (Thumb, 0 bytes, Stack size 0 bytes, rom_symdef.txt(ABSOLUTE))
<BR><BR>[Called By]<UL><LI><a href="#[81]">&gt;&gt;</a>&nbsp;&nbsp;&nbsp;my_lld_data_ind_handler (via Veneer)
</UL>

<P><STRONG><a name="[8c]"></a>TASK_LLM_llm_disconnect_mgt</STRONG> (Thumb, 0 bytes, Stack size 0 bytes, rom_symdef.txt(ABSOLUTE), UNUSED)
<BR>[Address Reference Count : 1]<UL><LI> arch_patch.o(.constdata)
</UL>
<P><STRONG><a name="[16b]"></a>llm_util_get_role</STRONG> (Thumb, 0 bytes, Stack size 0 bytes, rom_symdef.txt(ABSOLUTE))
<BR><BR>[Called By]<UL><LI><a href="#[16e]">&gt;&gt;</a>&nbsp;&nbsp;&nbsp;my_llc_start_enc_rsp_ind (via Veneer)
<LI><a href="#[af]">&gt;&gt;</a>&nbsp;&nbsp;&nbsp;my_llcp_con_up_req_handler (via Veneer)
<LI><a href="#[b0]">&gt;&gt;</a>&nbsp;&nbsp;&nbsp;my_llcp_channel_map_req_handler (via Veneer)
</UL>

<P><STRONG><a name="[21]"></a>uart_init_func</STRONG> (Thumb, 0 bytes, Stack size 0 bytes, rom_symdef.txt(ABSOLUTE), UNUSED)
<BR>[Address Reference Count : 1]<UL><LI> jump_table.o(jump_table_mem_area)
</UL>
<P><STRONG><a name="[126]"></a>uart_flow_on</STRONG> (Thumb, 0 bytes, Stack size 0 bytes, rom_symdef.txt(ABSOLUTE))
<BR><BR>[Called By]<UL><LI><a href="#[23]">&gt;&gt;</a>&nbsp;&nbsp;&nbsp;uart_flow_off_func (via Veneer)
</UL>

<P><STRONG><a name="[22]"></a>uart_flow_on_func</STRONG> (Thumb, 0 bytes, Stack size 0 bytes, rom_symdef.txt(ABSOLUTE), UNUSED)
<BR>[Address Reference Count : 1]<UL><LI> jump_table.o(jump_table_mem_area)
</UL>
<P><STRONG><a name="[24]"></a>uart_finish_transfers_func</STRONG> (Thumb, 0 bytes, Stack size 0 bytes, rom_symdef.txt(ABSOLUTE), UNUSED)
<BR>[Address Reference Count : 1]<UL><LI> jump_table.o(jump_table_mem_area)
</UL>
<P><STRONG><a name="[25]"></a>uart_read_func</STRONG> (Thumb, 0 bytes, Stack size 0 bytes, rom_symdef.txt(ABSOLUTE), UNUSED)
<BR>[Address Reference Count : 1]<UL><LI> jump_table.o(jump_table_mem_area)
</UL>
<P><STRONG><a name="[26]"></a>uart_write_func</STRONG> (Thumb, 0 bytes, Stack size 0 bytes, rom_symdef.txt(ABSOLUTE), UNUSED)
<BR>[Address Reference Count : 1]<UL><LI> jump_table.o(jump_table_mem_area)
</UL>
<P><STRONG><a name="[12]"></a>UART_Handler</STRONG> (Thumb, 0 bytes, Stack size 0 bytes, rom_symdef.txt(ABSOLUTE), UNUSED)
<BR>[Address Reference Count : 1]<UL><LI> boot_vectors.o(RESET)
</UL>
<P><STRONG><a name="[27]"></a>UART_Handler_func</STRONG> (Thumb, 0 bytes, Stack size 0 bytes, rom_symdef.txt(ABSOLUTE), UNUSED)
<BR>[Address Reference Count : 1]<UL><LI> jump_table.o(jump_table_mem_area)
</UL>
<P><STRONG><a name="[3b]"></a>GPADC_init_func</STRONG> (Thumb, 0 bytes, Stack size 0 bytes, rom_symdef.txt(ABSOLUTE), UNUSED)
<BR>[Address Reference Count : 1]<UL><LI> jump_table.o(jump_table_mem_area)
</UL>
<P><STRONG><a name="[3c]"></a>meas_precharge_freq_func</STRONG> (Thumb, 0 bytes, Stack size 0 bytes, rom_symdef.txt(ABSOLUTE), UNUSED)
<BR>[Address Reference Count : 1]<UL><LI> jump_table.o(jump_table_mem_area)
</UL>
<P><STRONG><a name="[3d]"></a>check_pll_lock_func</STRONG> (Thumb, 0 bytes, Stack size 0 bytes, rom_symdef.txt(ABSOLUTE), UNUSED)
<BR>[Address Reference Count : 1]<UL><LI> jump_table.o(jump_table_mem_area)
</UL>
<P><STRONG><a name="[3e]"></a>update_calcap_min_channel_func</STRONG> (Thumb, 0 bytes, Stack size 0 bytes, rom_symdef.txt(ABSOLUTE), UNUSED)
<BR>[Address Reference Count : 1]<UL><LI> jump_table.o(jump_table_mem_area)
</UL>
<P><STRONG><a name="[3f]"></a>update_calcap_max_channel_func</STRONG> (Thumb, 0 bytes, Stack size 0 bytes, rom_symdef.txt(ABSOLUTE), UNUSED)
<BR>[Address Reference Count : 1]<UL><LI> jump_table.o(jump_table_mem_area)
</UL>
<P><STRONG><a name="[40]"></a>write_one_SW_LUT_entry_func</STRONG> (Thumb, 0 bytes, Stack size 0 bytes, rom_symdef.txt(ABSOLUTE), UNUSED)
<BR>[Address Reference Count : 1]<UL><LI> jump_table.o(jump_table_mem_area)
</UL>
<P><STRONG><a name="[41]"></a>write_HW_LUT_func</STRONG> (Thumb, 0 bytes, Stack size 0 bytes, rom_symdef.txt(ABSOLUTE), UNUSED)
<BR>[Address Reference Count : 1]<UL><LI> jump_table.o(jump_table_mem_area)
</UL>
<P><STRONG><a name="[42]"></a>clear_HW_LUT_func</STRONG> (Thumb, 0 bytes, Stack size 0 bytes, rom_symdef.txt(ABSOLUTE), UNUSED)
<BR>[Address Reference Count : 1]<UL><LI> jump_table.o(jump_table_mem_area)
</UL>
<P><STRONG><a name="[43]"></a>update_LUT_func</STRONG> (Thumb, 0 bytes, Stack size 0 bytes, rom_symdef.txt(ABSOLUTE), UNUSED)
<BR>[Address Reference Count : 1]<UL><LI> jump_table.o(jump_table_mem_area)
</UL>
<P><STRONG><a name="[44]"></a>save_configure_restore_func</STRONG> (Thumb, 0 bytes, Stack size 0 bytes, rom_symdef.txt(ABSOLUTE), UNUSED)
<BR>[Address Reference Count : 1]<UL><LI> jump_table.o(jump_table_mem_area)
</UL>
<P><STRONG><a name="[45]"></a>update_calcap_ranges_func</STRONG> (Thumb, 0 bytes, Stack size 0 bytes, rom_symdef.txt(ABSOLUTE), UNUSED)
<BR>[Address Reference Count : 1]<UL><LI> jump_table.o(jump_table_mem_area)
</UL>
<P><STRONG><a name="[46]"></a>find_initial_calcap_ranges_func</STRONG> (Thumb, 0 bytes, Stack size 0 bytes, rom_symdef.txt(ABSOLUTE), UNUSED)
<BR>[Address Reference Count : 1]<UL><LI> jump_table.o(jump_table_mem_area)
</UL>
<P><STRONG><a name="[122]"></a>pll_vcocal_LUT_InitUpdate</STRONG> (Thumb, 0 bytes, Stack size 0 bytes, rom_symdef.txt(ABSOLUTE))
<BR><BR>[Called By]<UL><LI><a href="#[1f]">&gt;&gt;</a>&nbsp;&nbsp;&nbsp;rf_init_func (via Veneer)
<LI><a href="#[110]">&gt;&gt;</a>&nbsp;&nbsp;&nbsp;conditionally_run_radio_cals (via Veneer)
</UL>

<P><STRONG><a name="[47]"></a>pll_vcocal_LUT_InitUpdate_func</STRONG> (Thumb, 0 bytes, Stack size 0 bytes, rom_symdef.txt(ABSOLUTE), UNUSED)
<BR>[Address Reference Count : 1]<UL><LI> jump_table.o(jump_table_mem_area)
</UL>
<P><STRONG><a name="[1a5]"></a>set_rf_cal_cap</STRONG> (Thumb, 0 bytes, Stack size 0 bytes, rom_symdef.txt(ABSOLUTE))
<BR><BR>[Called By]<UL><LI><a href="#[10]">&gt;&gt;</a>&nbsp;&nbsp;&nbsp;BLE_RF_DIAG_Handler (via Veneer)
</UL>

<P><STRONG><a name="[48]"></a>set_rf_cal_cap_func</STRONG> (Thumb, 0 bytes, Stack size 0 bytes, rom_symdef.txt(ABSOLUTE), UNUSED)
<BR>[Address Reference Count : 1]<UL><LI> jump_table.o(jump_table_mem_area)
</UL>
<P><STRONG><a name="[4a]"></a>modulationGainCalibration_func</STRONG> (Thumb, 0 bytes, Stack size 0 bytes, rom_symdef.txt(ABSOLUTE), UNUSED)
<BR>[Address Reference Count : 1]<UL><LI> jump_table.o(jump_table_mem_area)
</UL>
<P><STRONG><a name="[187]"></a>DCoffsetCalibration</STRONG> (Thumb, 0 bytes, Stack size 0 bytes, rom_symdef.txt(ABSOLUTE))
<BR><BR>[Called By]<UL><LI><a href="#[184]">&gt;&gt;</a>&nbsp;&nbsp;&nbsp;rfpt_init (via Veneer)
</UL>

<P><STRONG><a name="[4b]"></a>DCoffsetCalibration_func</STRONG> (Thumb, 0 bytes, Stack size 0 bytes, rom_symdef.txt(ABSOLUTE), UNUSED)
<BR>[Address Reference Count : 1]<UL><LI> jump_table.o(jump_table_mem_area)
</UL>
<P><STRONG><a name="[186]"></a>IffCalibration</STRONG> (Thumb, 0 bytes, Stack size 0 bytes, rom_symdef.txt(ABSOLUTE))
<BR><BR>[Called By]<UL><LI><a href="#[184]">&gt;&gt;</a>&nbsp;&nbsp;&nbsp;rfpt_init (via Veneer)
</UL>

<P><STRONG><a name="[4c]"></a>IffCalibration_func</STRONG> (Thumb, 0 bytes, Stack size 0 bytes, rom_symdef.txt(ABSOLUTE), UNUSED)
<BR>[Address Reference Count : 1]<UL><LI> jump_table.o(jump_table_mem_area)
</UL>
<P><STRONG><a name="[123]"></a>rf_calibration</STRONG> (Thumb, 0 bytes, Stack size 0 bytes, rom_symdef.txt(ABSOLUTE))
<BR><BR>[Called By]<UL><LI><a href="#[1f]">&gt;&gt;</a>&nbsp;&nbsp;&nbsp;rf_init_func (via Veneer)
<LI><a href="#[110]">&gt;&gt;</a>&nbsp;&nbsp;&nbsp;conditionally_run_radio_cals (via Veneer)
</UL>

<P><STRONG><a name="[4d]"></a>rf_calibration_func</STRONG> (Thumb, 0 bytes, Stack size 0 bytes, rom_symdef.txt(ABSOLUTE), UNUSED)
<BR>[Address Reference Count : 1]<UL><LI> jump_table.o(jump_table_mem_area)
</UL>
<P><STRONG><a name="[121]"></a>get_rc16m_count</STRONG> (Thumb, 0 bytes, Stack size 0 bytes, rom_symdef.txt(ABSOLUTE))
<BR><BR>[Called By]<UL><LI><a href="#[1f]">&gt;&gt;</a>&nbsp;&nbsp;&nbsp;rf_init_func (via Veneer)
<LI><a href="#[110]">&gt;&gt;</a>&nbsp;&nbsp;&nbsp;conditionally_run_radio_cals (via Veneer)
</UL>

<P><STRONG><a name="[120]"></a>$Super$$get_rc16m_count_func</STRONG> (Thumb, 0 bytes, Stack size 0 bytes, rom_symdef.txt(ABSOLUTE))
<BR><BR>[Called By]<UL><LI><a href="#[4e]">&gt;&gt;</a>&nbsp;&nbsp;&nbsp;get_rc16m_count_func (via Veneer)
</UL>

<P><STRONG><a name="[1a6]"></a>set_gauss_modgain</STRONG> (Thumb, 0 bytes, Stack size 0 bytes, rom_symdef.txt(ABSOLUTE))
<BR><BR>[Called By]<UL><LI><a href="#[10]">&gt;&gt;</a>&nbsp;&nbsp;&nbsp;BLE_RF_DIAG_Handler (via Veneer)
</UL>

<P><STRONG><a name="[4f]"></a>set_gauss_modgain_func</STRONG> (Thumb, 0 bytes, Stack size 0 bytes, rom_symdef.txt(ABSOLUTE), UNUSED)
<BR>[Address Reference Count : 1]<UL><LI> jump_table.o(jump_table_mem_area)
</UL>
<P><STRONG><a name="[138]"></a>enable_rf_diag_irq</STRONG> (Thumb, 0 bytes, Stack size 0 bytes, rom_symdef.txt(ABSOLUTE))
<BR><BR>[Called By]<UL><LI><a href="#[2c]">&gt;&gt;</a>&nbsp;&nbsp;&nbsp;rf_reinit_func (via Veneer)
<LI><a href="#[10e]">&gt;&gt;</a>&nbsp;&nbsp;&nbsp;system_init (via Veneer)
</UL>

<P><STRONG><a name="[49]"></a>enable_rf_diag_irq_func</STRONG> (Thumb, 0 bytes, Stack size 0 bytes, rom_symdef.txt(ABSOLUTE), UNUSED)
<BR>[Address Reference Count : 1]<UL><LI> jump_table.o(jump_table_mem_area)
</UL>
<P><STRONG><a name="[38]"></a>gtl_hci_rx_header_func</STRONG> (Thumb, 0 bytes, Stack size 0 bytes, rom_symdef.txt(ABSOLUTE), UNUSED)
<BR>[Address Reference Count : 1]<UL><LI> jump_table.o(jump_table_mem_area)
</UL>
<P><STRONG><a name="[39]"></a>gtl_hci_rx_payload_func</STRONG> (Thumb, 0 bytes, Stack size 0 bytes, rom_symdef.txt(ABSOLUTE), UNUSED)
<BR>[Address Reference Count : 1]<UL><LI> jump_table.o(jump_table_mem_area)
</UL>
<P><STRONG><a name="[3a]"></a>gtl_hci_tx_evt_func</STRONG> (Thumb, 0 bytes, Stack size 0 bytes, rom_symdef.txt(ABSOLUTE), UNUSED)
<BR>[Address Reference Count : 1]<UL><LI> jump_table.o(jump_table_mem_area)
</UL>
<P><STRONG><a name="[2e]"></a>gtl_eif_init_func</STRONG> (Thumb, 0 bytes, Stack size 0 bytes, rom_symdef.txt(ABSOLUTE), UNUSED)
<BR>[Address Reference Count : 1]<UL><LI> jump_table.o(jump_table_mem_area)
</UL>
<P><STRONG><a name="[1af]"></a>attmdb_add_service</STRONG> (Thumb, 0 bytes, Stack size 0 bytes, rom_symdef.txt(ABSOLUTE))
<BR><BR>[Called By]<UL><LI><a href="#[c1]">&gt;&gt;</a>&nbsp;&nbsp;&nbsp;spotar_create_db_req_handler (via Veneer)
<LI><a href="#[1ae]">&gt;&gt;</a>&nbsp;&nbsp;&nbsp;attm_svc_create_db_128 (via Veneer)
</UL>

<P><STRONG><a name="[1b0]"></a>attmdb_add_attribute</STRONG> (Thumb, 0 bytes, Stack size 0 bytes, rom_symdef.txt(ABSOLUTE))
<BR><BR>[Called By]<UL><LI><a href="#[c1]">&gt;&gt;</a>&nbsp;&nbsp;&nbsp;spotar_create_db_req_handler (via Veneer)
<LI><a href="#[1ae]">&gt;&gt;</a>&nbsp;&nbsp;&nbsp;attm_svc_create_db_128 (via Veneer)
</UL>

<P><STRONG><a name="[1b1]"></a>attmdb_att_set_value</STRONG> (Thumb, 0 bytes, Stack size 0 bytes, rom_symdef.txt(ABSOLUTE))
<BR><BR>[Called By]<UL><LI><a href="#[c8]">&gt;&gt;</a>&nbsp;&nbsp;&nbsp;diss_set_char_val_req_handler (via Veneer)
<LI><a href="#[c3]">&gt;&gt;</a>&nbsp;&nbsp;&nbsp;gattc_write_cmd_ind_handler (via Veneer)
<LI><a href="#[c2]">&gt;&gt;</a>&nbsp;&nbsp;&nbsp;spotar_enable_req_handler (via Veneer)
<LI><a href="#[c4]">&gt;&gt;</a>&nbsp;&nbsp;&nbsp;spotar_mem_info_update_req_handler (via Veneer)
<LI><a href="#[c5]">&gt;&gt;</a>&nbsp;&nbsp;&nbsp;spotar_status_update_req_handler (via Veneer)
<LI><a href="#[c1]">&gt;&gt;</a>&nbsp;&nbsp;&nbsp;spotar_create_db_req_handler (via Veneer)
<LI><a href="#[be]">&gt;&gt;</a>&nbsp;&nbsp;&nbsp;gattc_write_cmd_ind_handler (via Veneer)
<LI><a href="#[bd]">&gt;&gt;</a>&nbsp;&nbsp;&nbsp;bass_batt_level_upd_req_handler (via Veneer)
<LI><a href="#[bc]">&gt;&gt;</a>&nbsp;&nbsp;&nbsp;bass_enable_req_handler (via Veneer)
<LI><a href="#[1ae]">&gt;&gt;</a>&nbsp;&nbsp;&nbsp;attm_svc_create_db_128 (via Veneer)
<LI><a href="#[f3]">&gt;&gt;</a>&nbsp;&nbsp;&nbsp;gattc_write_cmd_ind_handler (via Veneer)
<LI><a href="#[f5]">&gt;&gt;</a>&nbsp;&nbsp;&nbsp;sps_server_rx_flow_ctrl_req_handler (via Veneer)
<LI><a href="#[f4]">&gt;&gt;</a>&nbsp;&nbsp;&nbsp;sps_server_data_tx_req_handler (via Veneer)
</UL>

<P><STRONG><a name="[1b2]"></a>attmdb_att_partial_value_update</STRONG> (Thumb, 0 bytes, Stack size 0 bytes, rom_symdef.txt(ABSOLUTE))
<BR><BR>[Called By]<UL><LI><a href="#[bb]">&gt;&gt;</a>&nbsp;&nbsp;&nbsp;bass_create_db_req_handler (via Veneer)
<LI><a href="#[1ae]">&gt;&gt;</a>&nbsp;&nbsp;&nbsp;attm_svc_create_db_128 (via Veneer)
</UL>

<P><STRONG><a name="[1bf]"></a>attmdb_att_get_value</STRONG> (Thumb, 0 bytes, Stack size 0 bytes, rom_symdef.txt(ABSOLUTE))
<BR><BR>[Called By]<UL><LI><a href="#[c5]">&gt;&gt;</a>&nbsp;&nbsp;&nbsp;spotar_status_update_req_handler (via Veneer)
<LI><a href="#[1be]">&gt;&gt;</a>&nbsp;&nbsp;&nbsp;bass_disable (via Veneer)
</UL>

<P><STRONG><a name="[1c2]"></a>attmdb_att_set_permission</STRONG> (Thumb, 0 bytes, Stack size 0 bytes, rom_symdef.txt(ABSOLUTE))
<BR><BR>[Called By]<UL><LI><a href="#[bb]">&gt;&gt;</a>&nbsp;&nbsp;&nbsp;bass_create_db_req_handler (via Veneer)
</UL>

<P><STRONG><a name="[1c1]"></a>attmdb_svc_set_permission</STRONG> (Thumb, 0 bytes, Stack size 0 bytes, rom_symdef.txt(ABSOLUTE))
<BR><BR>[Called By]<UL><LI><a href="#[c9]">&gt;&gt;</a>&nbsp;&nbsp;&nbsp;diss_enable_req_handler (via Veneer)
<LI><a href="#[c7]">&gt;&gt;</a>&nbsp;&nbsp;&nbsp;diss_create_db_req_handler (via Veneer)
<LI><a href="#[1c7]">&gt;&gt;</a>&nbsp;&nbsp;&nbsp;diss_disable (via Veneer)
<LI><a href="#[c2]">&gt;&gt;</a>&nbsp;&nbsp;&nbsp;spotar_enable_req_handler (via Veneer)
<LI><a href="#[c1]">&gt;&gt;</a>&nbsp;&nbsp;&nbsp;spotar_create_db_req_handler (via Veneer)
<LI><a href="#[1c6]">&gt;&gt;</a>&nbsp;&nbsp;&nbsp;spotar_disable (via Veneer)
<LI><a href="#[bc]">&gt;&gt;</a>&nbsp;&nbsp;&nbsp;bass_enable_req_handler (via Veneer)
<LI><a href="#[bb]">&gt;&gt;</a>&nbsp;&nbsp;&nbsp;bass_create_db_req_handler (via Veneer)
<LI><a href="#[f1]">&gt;&gt;</a>&nbsp;&nbsp;&nbsp;gapc_disconnect_ind_handler (via Veneer)
<LI><a href="#[f0]">&gt;&gt;</a>&nbsp;&nbsp;&nbsp;sps_server_enable_req_handler (via Veneer)
<LI><a href="#[ef]">&gt;&gt;</a>&nbsp;&nbsp;&nbsp;sps_server_create_db_req_handler (via Veneer)
</UL>

<P><STRONG><a name="[1c0]"></a>attm_svc_create_db</STRONG> (Thumb, 0 bytes, Stack size 0 bytes, rom_symdef.txt(ABSOLUTE))
<BR><BR>[Called By]<UL><LI><a href="#[c7]">&gt;&gt;</a>&nbsp;&nbsp;&nbsp;diss_create_db_req_handler (via Veneer)
<LI><a href="#[bb]">&gt;&gt;</a>&nbsp;&nbsp;&nbsp;bass_create_db_req_handler (via Veneer)
</UL>

<P><STRONG><a name="[141]"></a>atts_mtu_exc_resp</STRONG> (Thumb, 0 bytes, Stack size 0 bytes, rom_symdef.txt(ABSOLUTE))
<BR><BR>[Called By]<UL><LI><a href="#[8e]">&gt;&gt;</a>&nbsp;&nbsp;&nbsp;l2cc_pdu_recv_ind_handler (via Veneer)
</UL>

<P><STRONG><a name="[142]"></a>atts_find_info_resp</STRONG> (Thumb, 0 bytes, Stack size 0 bytes, rom_symdef.txt(ABSOLUTE))
<BR><BR>[Called By]<UL><LI><a href="#[8e]">&gt;&gt;</a>&nbsp;&nbsp;&nbsp;l2cc_pdu_recv_ind_handler (via Veneer)
</UL>

<P><STRONG><a name="[143]"></a>atts_find_by_type_resp</STRONG> (Thumb, 0 bytes, Stack size 0 bytes, rom_symdef.txt(ABSOLUTE))
<BR><BR>[Called By]<UL><LI><a href="#[8e]">&gt;&gt;</a>&nbsp;&nbsp;&nbsp;l2cc_pdu_recv_ind_handler (via Veneer)
</UL>

<P><STRONG><a name="[144]"></a>atts_read_by_type_resp</STRONG> (Thumb, 0 bytes, Stack size 0 bytes, rom_symdef.txt(ABSOLUTE))
<BR><BR>[Called By]<UL><LI><a href="#[8e]">&gt;&gt;</a>&nbsp;&nbsp;&nbsp;l2cc_pdu_recv_ind_handler (via Veneer)
</UL>

<P><STRONG><a name="[145]"></a>atts_read_by_grp_type_resp</STRONG> (Thumb, 0 bytes, Stack size 0 bytes, rom_symdef.txt(ABSOLUTE))
<BR><BR>[Called By]<UL><LI><a href="#[8e]">&gt;&gt;</a>&nbsp;&nbsp;&nbsp;l2cc_pdu_recv_ind_handler (via Veneer)
</UL>

<P><STRONG><a name="[146]"></a>atts_read_resp</STRONG> (Thumb, 0 bytes, Stack size 0 bytes, rom_symdef.txt(ABSOLUTE))
<BR><BR>[Called By]<UL><LI><a href="#[8e]">&gt;&gt;</a>&nbsp;&nbsp;&nbsp;l2cc_pdu_recv_ind_handler (via Veneer)
</UL>

<P><STRONG><a name="[147]"></a>atts_read_blob_resp</STRONG> (Thumb, 0 bytes, Stack size 0 bytes, rom_symdef.txt(ABSOLUTE))
<BR><BR>[Called By]<UL><LI><a href="#[8e]">&gt;&gt;</a>&nbsp;&nbsp;&nbsp;l2cc_pdu_recv_ind_handler (via Veneer)
</UL>

<P><STRONG><a name="[148]"></a>atts_read_mult_resp</STRONG> (Thumb, 0 bytes, Stack size 0 bytes, rom_symdef.txt(ABSOLUTE))
<BR><BR>[Called By]<UL><LI><a href="#[8e]">&gt;&gt;</a>&nbsp;&nbsp;&nbsp;l2cc_pdu_recv_ind_handler (via Veneer)
</UL>

<P><STRONG><a name="[149]"></a>atts_write_no_resp</STRONG> (Thumb, 0 bytes, Stack size 0 bytes, rom_symdef.txt(ABSOLUTE))
<BR><BR>[Called By]<UL><LI><a href="#[8e]">&gt;&gt;</a>&nbsp;&nbsp;&nbsp;l2cc_pdu_recv_ind_handler (via Veneer)
</UL>

<P><STRONG><a name="[14a]"></a>atts_write_resp</STRONG> (Thumb, 0 bytes, Stack size 0 bytes, rom_symdef.txt(ABSOLUTE))
<BR><BR>[Called By]<UL><LI><a href="#[8e]">&gt;&gt;</a>&nbsp;&nbsp;&nbsp;l2cc_pdu_recv_ind_handler (via Veneer)
</UL>

<P><STRONG><a name="[14b]"></a>atts_signed_write_resp</STRONG> (Thumb, 0 bytes, Stack size 0 bytes, rom_symdef.txt(ABSOLUTE))
<BR><BR>[Called By]<UL><LI><a href="#[8e]">&gt;&gt;</a>&nbsp;&nbsp;&nbsp;l2cc_pdu_recv_ind_handler (via Veneer)
</UL>

<P><STRONG><a name="[14c]"></a>atts_prepare_write_resp</STRONG> (Thumb, 0 bytes, Stack size 0 bytes, rom_symdef.txt(ABSOLUTE))
<BR><BR>[Called By]<UL><LI><a href="#[8e]">&gt;&gt;</a>&nbsp;&nbsp;&nbsp;l2cc_pdu_recv_ind_handler (via Veneer)
</UL>

<P><STRONG><a name="[14d]"></a>atts_execute_write_resp</STRONG> (Thumb, 0 bytes, Stack size 0 bytes, rom_symdef.txt(ABSOLUTE))
<BR><BR>[Called By]<UL><LI><a href="#[8e]">&gt;&gt;</a>&nbsp;&nbsp;&nbsp;l2cc_pdu_recv_ind_handler (via Veneer)
</UL>

<P><STRONG><a name="[13f]"></a>atts_send_cmd_cmp</STRONG> (Thumb, 0 bytes, Stack size 0 bytes, rom_symdef.txt(ABSOLUTE))
<BR><BR>[Called By]<UL><LI><a href="#[8e]">&gt;&gt;</a>&nbsp;&nbsp;&nbsp;l2cc_pdu_recv_ind_handler (via Veneer)
</UL>

<P><STRONG><a name="[1c5]"></a>atts_write_rsp_send</STRONG> (Thumb, 0 bytes, Stack size 0 bytes, rom_symdef.txt(ABSOLUTE))
<BR><BR>[Called By]<UL><LI><a href="#[c3]">&gt;&gt;</a>&nbsp;&nbsp;&nbsp;gattc_write_cmd_ind_handler (via Veneer)
<LI><a href="#[be]">&gt;&gt;</a>&nbsp;&nbsp;&nbsp;gattc_write_cmd_ind_handler (via Veneer)
<LI><a href="#[f3]">&gt;&gt;</a>&nbsp;&nbsp;&nbsp;gattc_write_cmd_ind_handler (via Veneer)
</UL>

<P><STRONG><a name="[166]"></a>smpc_check_max_key_size</STRONG> (Thumb, 0 bytes, Stack size 0 bytes, rom_symdef.txt(ABSOLUTE))
<BR><BR>[Called By]<UL><LI><a href="#[91]">&gt;&gt;</a>&nbsp;&nbsp;&nbsp;smpc_pairing_cfm_handler (via Veneer)
</UL>

<P><STRONG><a name="[167]"></a>smpc_check_key_distrib</STRONG> (Thumb, 0 bytes, Stack size 0 bytes, rom_symdef.txt(ABSOLUTE))
<BR><BR>[Called By]<UL><LI><a href="#[91]">&gt;&gt;</a>&nbsp;&nbsp;&nbsp;smpc_pairing_cfm_handler (via Veneer)
</UL>

<P><STRONG><a name="[161]"></a>smpc_generate_rand</STRONG> (Thumb, 0 bytes, Stack size 0 bytes, rom_symdef.txt(ABSOLUTE))
<BR><BR>[Called By]<UL><LI><a href="#[91]">&gt;&gt;</a>&nbsp;&nbsp;&nbsp;smpc_pairing_cfm_handler (via Veneer)
</UL>

<P><STRONG><a name="[165]"></a>smpc_pairing_end</STRONG> (Thumb, 0 bytes, Stack size 0 bytes, rom_symdef.txt(ABSOLUTE))
<BR><BR>[Called By]<UL><LI><a href="#[91]">&gt;&gt;</a>&nbsp;&nbsp;&nbsp;smpc_pairing_cfm_handler (via Veneer)
</UL>

<P><STRONG><a name="[164]"></a>smpc_tkdp_rcp_start</STRONG> (Thumb, 0 bytes, Stack size 0 bytes, rom_symdef.txt(ABSOLUTE))
<BR><BR>[Called By]<UL><LI><a href="#[91]">&gt;&gt;</a>&nbsp;&nbsp;&nbsp;smpc_pairing_cfm_handler (via Veneer)
</UL>

<P><STRONG><a name="[163]"></a>smpc_pdu_send</STRONG> (Thumb, 0 bytes, Stack size 0 bytes, rom_symdef.txt(ABSOLUTE))
<BR><BR>[Called By]<UL><LI><a href="#[91]">&gt;&gt;</a>&nbsp;&nbsp;&nbsp;smpc_pairing_cfm_handler (via Veneer)
</UL>

<P><STRONG><a name="[162]"></a>smpc_tkdp_send_continue</STRONG> (Thumb, 0 bytes, Stack size 0 bytes, rom_symdef.txt(ABSOLUTE))
<BR><BR>[Called By]<UL><LI><a href="#[91]">&gt;&gt;</a>&nbsp;&nbsp;&nbsp;smpc_pairing_cfm_handler (via Veneer)
</UL>

<P><STRONG><a name="[168]"></a>smpc_get_key_sec_prop</STRONG> (Thumb, 0 bytes, Stack size 0 bytes, rom_symdef.txt(ABSOLUTE))
<BR><BR>[Called By]<UL><LI><a href="#[91]">&gt;&gt;</a>&nbsp;&nbsp;&nbsp;smpc_pairing_cfm_handler (via Veneer)
</UL>

<P><STRONG><a name="[169]"></a>smpc_is_sec_mode_reached</STRONG> (Thumb, 0 bytes, Stack size 0 bytes, rom_symdef.txt(ABSOLUTE))
<BR><BR>[Called By]<UL><LI><a href="#[91]">&gt;&gt;</a>&nbsp;&nbsp;&nbsp;smpc_pairing_cfm_handler (via Veneer)
</UL>

<P><STRONG><a name="[1ba]"></a>gapc_send_disconect_ind</STRONG> (Thumb, 0 bytes, Stack size 0 bytes, rom_symdef.txt(ABSOLUTE))
<BR><BR>[Called By]<UL><LI><a href="#[34]">&gt;&gt;</a>&nbsp;&nbsp;&nbsp;prf_cleanup_func (via Veneer)
</UL>

<P><STRONG><a name="[1c3]"></a>gapc_get_conidx</STRONG> (Thumb, 0 bytes, Stack size 0 bytes, rom_symdef.txt(ABSOLUTE))
<BR><BR>[Called By]<UL><LI><a href="#[c9]">&gt;&gt;</a>&nbsp;&nbsp;&nbsp;diss_enable_req_handler (via Veneer)
<LI><a href="#[c2]">&gt;&gt;</a>&nbsp;&nbsp;&nbsp;spotar_enable_req_handler (via Veneer)
<LI><a href="#[bc]">&gt;&gt;</a>&nbsp;&nbsp;&nbsp;bass_enable_req_handler (via Veneer)
<LI><a href="#[f0]">&gt;&gt;</a>&nbsp;&nbsp;&nbsp;sps_server_enable_req_handler (via Veneer)
</UL>

<P><STRONG><a name="[1b4]"></a>gapc_get_conhdl</STRONG> (Thumb, 0 bytes, Stack size 0 bytes, rom_symdef.txt(ABSOLUTE))
<BR><BR>[Called By]<UL><LI><a href="#[c3]">&gt;&gt;</a>&nbsp;&nbsp;&nbsp;gattc_write_cmd_ind_handler (via Veneer)
<LI><a href="#[be]">&gt;&gt;</a>&nbsp;&nbsp;&nbsp;gattc_write_cmd_ind_handler (via Veneer)
<LI><a href="#[bd]">&gt;&gt;</a>&nbsp;&nbsp;&nbsp;bass_batt_level_upd_req_handler (via Veneer)
<LI><a href="#[1bd]">&gt;&gt;</a>&nbsp;&nbsp;&nbsp;bass_batt_level_upd_cfm_send (via Veneer)
<LI><a href="#[1b3]">&gt;&gt;</a>&nbsp;&nbsp;&nbsp;prf_server_error_ind_send (via Veneer)
<LI><a href="#[22c]">&gt;&gt;</a>&nbsp;&nbsp;&nbsp;sps_server_indicate_tx_flow_ctrl (via Veneer)
<LI><a href="#[22b]">&gt;&gt;</a>&nbsp;&nbsp;&nbsp;sps_server_indicate_data_rx (via Veneer)
<LI><a href="#[22a]">&gt;&gt;</a>&nbsp;&nbsp;&nbsp;sps_server_confirm_data_tx (via Veneer)
</UL>

<P><STRONG><a name="[15f]"></a>gapc_get_role</STRONG> (Thumb, 0 bytes, Stack size 0 bytes, rom_symdef.txt(ABSOLUTE))
<BR><BR>[Called By]<UL><LI><a href="#[8f]">&gt;&gt;</a>&nbsp;&nbsp;&nbsp;smpc_send_pairing_req_ind (via Veneer)
<LI><a href="#[91]">&gt;&gt;</a>&nbsp;&nbsp;&nbsp;smpc_pairing_cfm_handler (via Veneer)
</UL>

<P><STRONG><a name="[15e]"></a>gapc_get_enc_keysize</STRONG> (Thumb, 0 bytes, Stack size 0 bytes, rom_symdef.txt(ABSOLUTE))
<BR><BR>[Called By]<UL><LI><a href="#[8f]">&gt;&gt;</a>&nbsp;&nbsp;&nbsp;smpc_send_pairing_req_ind (via Veneer)
<LI><a href="#[91]">&gt;&gt;</a>&nbsp;&nbsp;&nbsp;smpc_pairing_cfm_handler (via Veneer)
</UL>

<P><STRONG><a name="[154]"></a>gapm_get_privacy_flag</STRONG> (Thumb, 0 bytes, Stack size 0 bytes, rom_symdef.txt(ABSOLUTE))
<BR><BR>[Called By]<UL><LI><a href="#[93]">&gt;&gt;</a>&nbsp;&nbsp;&nbsp;patched_gapm_adv_op_sanity (via Veneer)
</UL>

<P><STRONG><a name="[156]"></a>gapm_set_recon_addr</STRONG> (Thumb, 0 bytes, Stack size 0 bytes, rom_symdef.txt(ABSOLUTE))
<BR><BR>[Called By]<UL><LI><a href="#[93]">&gt;&gt;</a>&nbsp;&nbsp;&nbsp;patched_gapm_adv_op_sanity (via Veneer)
</UL>

<P><STRONG><a name="[1a9]"></a>ke_sleep_check</STRONG> (Thumb, 0 bytes, Stack size 0 bytes, rom_symdef.txt(ABSOLUTE))
<BR><BR>[Called By]<UL><LI><a href="#[114]">&gt;&gt;</a>&nbsp;&nbsp;&nbsp;rwip_sleep (via Veneer)
</UL>

<P><STRONG><a name="[15c]"></a>ke_event_callback_set</STRONG> (Thumb, 0 bytes, Stack size 0 bytes, rom_symdef.txt(ABSOLUTE))
<BR><BR>[Called By]<UL><LI><a href="#[2f]">&gt;&gt;</a>&nbsp;&nbsp;&nbsp;ke_task_init_func (via Veneer)
</UL>

<P><STRONG><a name="[15b]"></a>ke_event_clear</STRONG> (Thumb, 0 bytes, Stack size 0 bytes, rom_symdef.txt(ABSOLUTE))
<BR><BR>[Called By]<UL><LI><a href="#[59]">&gt;&gt;</a>&nbsp;&nbsp;&nbsp;ke_task_schedule (via Veneer)
</UL>

<P><STRONG><a name="[112]"></a>ke_event_get</STRONG> (Thumb, 0 bytes, Stack size 0 bytes, rom_symdef.txt(ABSOLUTE))
<BR><BR>[Called By]<UL><LI><a href="#[1e]">&gt;&gt;</a>&nbsp;&nbsp;&nbsp;main_func (via Veneer)
</UL>

<P><STRONG><a name="[118]"></a>ke_mem_is_empty</STRONG> (Thumb, 0 bytes, Stack size 0 bytes, rom_symdef.txt(ABSOLUTE))
<BR><BR>[Called By]<UL><LI><a href="#[115]">&gt;&gt;</a>&nbsp;&nbsp;&nbsp;arch_goto_sleep (via Veneer)
</UL>

<P><STRONG><a name="[16d]"></a>ke_free</STRONG> (Thumb, 0 bytes, Stack size 0 bytes, rom_symdef.txt(ABSOLUTE))
<BR><BR>[Called By]<UL><LI><a href="#[ba]">&gt;&gt;</a>&nbsp;&nbsp;&nbsp;my_lld_stop_ind_handler (via Veneer)
</UL>

<P><STRONG><a name="[15d]"></a>ke_msg_alloc</STRONG> (Thumb, 0 bytes, Stack size 0 bytes, rom_symdef.txt(ABSOLUTE))
<BR><BR>[Called By]<UL><LI><a href="#[16e]">&gt;&gt;</a>&nbsp;&nbsp;&nbsp;my_llc_start_enc_rsp_ind (via Veneer)
<LI><a href="#[8f]">&gt;&gt;</a>&nbsp;&nbsp;&nbsp;smpc_send_pairing_req_ind (via Veneer)
<LI><a href="#[1e1]">&gt;&gt;</a>&nbsp;&nbsp;&nbsp;app_easy_gap_dev_config_create_msg (via Veneer)
<LI><a href="#[1e0]">&gt;&gt;</a>&nbsp;&nbsp;&nbsp;app_easy_gap_param_update_msg_create (via Veneer)
<LI><a href="#[1de]">&gt;&gt;</a>&nbsp;&nbsp;&nbsp;app_easy_gap_undirected_advertise_start_create_msg (via Veneer)
<LI><a href="#[1e2]">&gt;&gt;</a>&nbsp;&nbsp;&nbsp;app_easy_gap_confirm (via Veneer)
<LI><a href="#[c7]">&gt;&gt;</a>&nbsp;&nbsp;&nbsp;diss_create_db_req_handler (via Veneer)
<LI><a href="#[1c7]">&gt;&gt;</a>&nbsp;&nbsp;&nbsp;diss_disable (via Veneer)
<LI><a href="#[c3]">&gt;&gt;</a>&nbsp;&nbsp;&nbsp;gattc_write_cmd_ind_handler (via Veneer)
[...]
</UL>
<P><STRONG><a name="[176]"></a>gpioshift16</STRONG> (Thumb, 32 bytes, Stack size 0 bytes, gpio.o(.text))
<BR><BR>[Called By]<UL><LI><a href="#[177]">&gt;&gt;</a>&nbsp;&nbsp;&nbsp;GPIO_ResetIRQ
<LI><a href="#[175]">&gt;&gt;</a>&nbsp;&nbsp;&nbsp;GPIO_EnableIRQ
</UL>

<P><STRONG><a name="[17f]"></a>battery_filter_value</STRONG> (Thumb, 2 bytes, Stack size 0 bytes, battery.o(.text))
<BR><BR>[Called By]<UL><LI><a href="#[17c]">&gt;&gt;</a>&nbsp;&nbsp;&nbsp;battery_get_lvl
</UL>

<P><STRONG><a name="[5d]"></a>rf_sleep</STRONG> (Thumb, 14 bytes, Stack size 0 bytes, rf_580.o(.text))
<BR>[Address Reference Count : 1]<UL><LI> rf_580.o(.text)
</UL>
<P><STRONG><a name="[5f]"></a>RADIOCNTL_Handler</STRONG> (Thumb, 2 bytes, Stack size 0 bytes, rf_580.o(.text))
<BR>[Address Reference Count : 1]<UL><LI> rf_580.o(.text)
</UL>
<P><STRONG><a name="[61]"></a>rf_rssi_convert</STRONG> (Thumb, 4 bytes, Stack size 0 bytes, rf_580.o(.text))
<BR>[Address Reference Count : 1]<UL><LI> rf_580.o(.text)
</UL>
<P><STRONG><a name="[1a1]"></a>ble_start</STRONG> (Thumb, 14 bytes, Stack size 8 bytes, rwble.o(.text))
<BR><BR>[Stack]<UL><LI>Max Depth = 8<LI>Call Chain = ble_start
</UL>
<BR>[Calls]<UL><LI><a href="#[1a7]">&gt;&gt;</a>&nbsp;&nbsp;&nbsp;lld_evt_start_isr (via Veneer)
</UL>
<BR>[Called By]<UL><LI><a href="#[7]">&gt;&gt;</a>&nbsp;&nbsp;&nbsp;BLE_FINETGTIM_Handler
<LI><a href="#[9]">&gt;&gt;</a>&nbsp;&nbsp;&nbsp;BLE_CSCNT_Handler
</UL>

<P><STRONG><a name="[bb]"></a>bass_create_db_req_handler</STRONG> (Thumb, 226 bytes, Stack size 64 bytes, bass_task.o(.text))
<BR><BR>[Stack]<UL><LI>Max Depth = 64<LI>Call Chain = bass_create_db_req_handler
</UL>
<BR>[Calls]<UL><LI><a href="#[160]">&gt;&gt;</a>&nbsp;&nbsp;&nbsp;ke_msg_send (via Veneer)
<LI><a href="#[15d]">&gt;&gt;</a>&nbsp;&nbsp;&nbsp;ke_msg_alloc (via Veneer)
<LI><a href="#[140]">&gt;&gt;</a>&nbsp;&nbsp;&nbsp;ke_state_set (via Veneer)
<LI><a href="#[1c1]">&gt;&gt;</a>&nbsp;&nbsp;&nbsp;attmdb_svc_set_permission (via Veneer)
<LI><a href="#[1c2]">&gt;&gt;</a>&nbsp;&nbsp;&nbsp;attmdb_att_set_permission (via Veneer)
<LI><a href="#[1c0]">&gt;&gt;</a>&nbsp;&nbsp;&nbsp;attm_svc_create_db (via Veneer)
<LI><a href="#[1b2]">&gt;&gt;</a>&nbsp;&nbsp;&nbsp;attmdb_att_partial_value_update (via Veneer)
</UL>
<BR>[Address Reference Count : 1]<UL><LI> bass_task.o(.constdata)
</UL>
<P><STRONG><a name="[bc]"></a>bass_enable_req_handler</STRONG> (Thumb, 220 bytes, Stack size 40 bytes, bass_task.o(.text))
<BR><BR>[Stack]<UL><LI>Max Depth = 64<LI>Call Chain = bass_enable_req_handler &rArr; prf_server_error_ind_send
</UL>
<BR>[Calls]<UL><LI><a href="#[140]">&gt;&gt;</a>&nbsp;&nbsp;&nbsp;ke_state_set (via Veneer)
<LI><a href="#[1c3]">&gt;&gt;</a>&nbsp;&nbsp;&nbsp;gapc_get_conidx (via Veneer)
<LI><a href="#[1c1]">&gt;&gt;</a>&nbsp;&nbsp;&nbsp;attmdb_svc_set_permission (via Veneer)
<LI><a href="#[1b5]">&gt;&gt;</a>&nbsp;&nbsp;&nbsp;prf_server_send_event
<LI><a href="#[1b3]">&gt;&gt;</a>&nbsp;&nbsp;&nbsp;prf_server_error_ind_send
<LI><a href="#[1c4]">&gt;&gt;</a>&nbsp;&nbsp;&nbsp;prf_pack_char_pres_fmt
<LI><a href="#[1b1]">&gt;&gt;</a>&nbsp;&nbsp;&nbsp;attmdb_att_set_value (via Veneer)
</UL>
<BR>[Address Reference Count : 1]<UL><LI> bass_task.o(.constdata)
</UL>
<P><STRONG><a name="[bd]"></a>bass_batt_level_upd_req_handler</STRONG> (Thumb, 96 bytes, Stack size 16 bytes, bass_task.o(.text))
<BR><BR>[Stack]<UL><LI>Max Depth = 32<LI>Call Chain = bass_batt_level_upd_req_handler &rArr; bass_batt_level_upd_cfm_send
</UL>
<BR>[Calls]<UL><LI><a href="#[1bd]">&gt;&gt;</a>&nbsp;&nbsp;&nbsp;bass_batt_level_upd_cfm_send
<LI><a href="#[1b4]">&gt;&gt;</a>&nbsp;&nbsp;&nbsp;gapc_get_conhdl (via Veneer)
<LI><a href="#[1b5]">&gt;&gt;</a>&nbsp;&nbsp;&nbsp;prf_server_send_event
<LI><a href="#[1b1]">&gt;&gt;</a>&nbsp;&nbsp;&nbsp;attmdb_att_set_value (via Veneer)
</UL>
<BR>[Address Reference Count : 1]<UL><LI> bass_task.o(.constdata)
</UL>
<P><STRONG><a name="[be]"></a>gattc_write_cmd_ind_handler</STRONG> (Thumb, 190 bytes, Stack size 24 bytes, bass_task.o(.text))
<BR><BR>[Stack]<UL><LI>Max Depth = 24<LI>Call Chain = gattc_write_cmd_ind_handler
</UL>
<BR>[Calls]<UL><LI><a href="#[160]">&gt;&gt;</a>&nbsp;&nbsp;&nbsp;ke_msg_send (via Veneer)
<LI><a href="#[15d]">&gt;&gt;</a>&nbsp;&nbsp;&nbsp;ke_msg_alloc (via Veneer)
<LI><a href="#[1c5]">&gt;&gt;</a>&nbsp;&nbsp;&nbsp;atts_write_rsp_send (via Veneer)
<LI><a href="#[1b4]">&gt;&gt;</a>&nbsp;&nbsp;&nbsp;gapc_get_conhdl (via Veneer)
<LI><a href="#[1b1]">&gt;&gt;</a>&nbsp;&nbsp;&nbsp;attmdb_att_set_value (via Veneer)
</UL>
<BR>[Address Reference Count : 1]<UL><LI> bass_task.o(.constdata)
</UL>
<P><STRONG><a name="[bf]"></a>gattc_cmp_evt_handler</STRONG> (Thumb, 18 bytes, Stack size 8 bytes, bass_task.o(.text))
<BR><BR>[Stack]<UL><LI>Max Depth = 24<LI>Call Chain = gattc_cmp_evt_handler &rArr; bass_batt_level_upd_cfm_send
</UL>
<BR>[Calls]<UL><LI><a href="#[1bd]">&gt;&gt;</a>&nbsp;&nbsp;&nbsp;bass_batt_level_upd_cfm_send
</UL>
<BR>[Address Reference Count : 1]<UL><LI> bass_task.o(.constdata)
</UL>
<P><STRONG><a name="[c0]"></a>gapc_disconnect_ind_handler</STRONG> (Thumb, 22 bytes, Stack size 8 bytes, bass_task.o(.text))
<BR><BR>[Stack]<UL><LI>Max Depth = 32<LI>Call Chain = gapc_disconnect_ind_handler &rArr; bass_disable
</UL>
<BR>[Calls]<UL><LI><a href="#[1be]">&gt;&gt;</a>&nbsp;&nbsp;&nbsp;bass_disable
</UL>
<BR>[Address Reference Count : 1]<UL><LI> bass_task.o(.constdata)
</UL>
<P><STRONG><a name="[c1]"></a>spotar_create_db_req_handler</STRONG> (Thumb, 508 bytes, Stack size 80 bytes, spotar_task.o(.text))
<BR><BR>[Stack]<UL><LI>Max Depth = 80<LI>Call Chain = spotar_create_db_req_handler
</UL>
<BR>[Calls]<UL><LI><a href="#[160]">&gt;&gt;</a>&nbsp;&nbsp;&nbsp;ke_msg_send (via Veneer)
<LI><a href="#[15d]">&gt;&gt;</a>&nbsp;&nbsp;&nbsp;ke_msg_alloc (via Veneer)
<LI><a href="#[140]">&gt;&gt;</a>&nbsp;&nbsp;&nbsp;ke_state_set (via Veneer)
<LI><a href="#[1c1]">&gt;&gt;</a>&nbsp;&nbsp;&nbsp;attmdb_svc_set_permission (via Veneer)
<LI><a href="#[1b1]">&gt;&gt;</a>&nbsp;&nbsp;&nbsp;attmdb_att_set_value (via Veneer)
<LI><a href="#[1af]">&gt;&gt;</a>&nbsp;&nbsp;&nbsp;attmdb_add_service (via Veneer)
<LI><a href="#[1b0]">&gt;&gt;</a>&nbsp;&nbsp;&nbsp;attmdb_add_attribute (via Veneer)
</UL>
<BR>[Address Reference Count : 1]<UL><LI> spotar_task.o(.constdata)
</UL>
<P><STRONG><a name="[c5]"></a>spotar_status_update_req_handler</STRONG> (Thumb, 74 bytes, Stack size 24 bytes, spotar_task.o(.text))
<BR><BR>[Stack]<UL><LI>Max Depth = 40<LI>Call Chain = spotar_status_update_req_handler &rArr; prf_server_send_event
</UL>
<BR>[Calls]<UL><LI><a href="#[1bf]">&gt;&gt;</a>&nbsp;&nbsp;&nbsp;attmdb_att_get_value (via Veneer)
<LI><a href="#[1b5]">&gt;&gt;</a>&nbsp;&nbsp;&nbsp;prf_server_send_event
<LI><a href="#[1b1]">&gt;&gt;</a>&nbsp;&nbsp;&nbsp;attmdb_att_set_value (via Veneer)
</UL>
<BR>[Address Reference Count : 1]<UL><LI> spotar_task.o(.constdata)
</UL>
<P><STRONG><a name="[c4]"></a>spotar_mem_info_update_req_handler</STRONG> (Thumb, 22 bytes, Stack size 8 bytes, spotar_task.o(.text))
<BR><BR>[Stack]<UL><LI>Max Depth = 8<LI>Call Chain = spotar_mem_info_update_req_handler
</UL>
<BR>[Calls]<UL><LI><a href="#[1b1]">&gt;&gt;</a>&nbsp;&nbsp;&nbsp;attmdb_att_set_value (via Veneer)
</UL>
<BR>[Address Reference Count : 1]<UL><LI> spotar_task.o(.constdata)
</UL>
<P><STRONG><a name="[c2]"></a>spotar_enable_req_handler</STRONG> (Thumb, 92 bytes, Stack size 16 bytes, spotar_task.o(.text))
<BR><BR>[Stack]<UL><LI>Max Depth = 40<LI>Call Chain = spotar_enable_req_handler &rArr; prf_server_error_ind_send
</UL>
<BR>[Calls]<UL><LI><a href="#[140]">&gt;&gt;</a>&nbsp;&nbsp;&nbsp;ke_state_set (via Veneer)
<LI><a href="#[1c3]">&gt;&gt;</a>&nbsp;&nbsp;&nbsp;gapc_get_conidx (via Veneer)
<LI><a href="#[1c1]">&gt;&gt;</a>&nbsp;&nbsp;&nbsp;attmdb_svc_set_permission (via Veneer)
<LI><a href="#[1b3]">&gt;&gt;</a>&nbsp;&nbsp;&nbsp;prf_server_error_ind_send
<LI><a href="#[1b1]">&gt;&gt;</a>&nbsp;&nbsp;&nbsp;attmdb_att_set_value (via Veneer)
</UL>
<BR>[Address Reference Count : 1]<UL><LI> spotar_task.o(.constdata)
</UL>
<P><STRONG><a name="[c3]"></a>gattc_write_cmd_ind_handler</STRONG> (Thumb, 392 bytes, Stack size 24 bytes, spotar_task.o(.text))
<BR><BR>[Stack]<UL><LI>Max Depth = 24<LI>Call Chain = gattc_write_cmd_ind_handler
</UL>
<BR>[Calls]<UL><LI><a href="#[104]">&gt;&gt;</a>&nbsp;&nbsp;&nbsp;__aeabi_memcpy (via Veneer)
<LI><a href="#[160]">&gt;&gt;</a>&nbsp;&nbsp;&nbsp;ke_msg_send (via Veneer)
<LI><a href="#[15d]">&gt;&gt;</a>&nbsp;&nbsp;&nbsp;ke_msg_alloc (via Veneer)
<LI><a href="#[1c5]">&gt;&gt;</a>&nbsp;&nbsp;&nbsp;atts_write_rsp_send (via Veneer)
<LI><a href="#[1b4]">&gt;&gt;</a>&nbsp;&nbsp;&nbsp;gapc_get_conhdl (via Veneer)
<LI><a href="#[1b1]">&gt;&gt;</a>&nbsp;&nbsp;&nbsp;attmdb_att_set_value (via Veneer)
</UL>
<BR>[Address Reference Count : 1]<UL><LI> spotar_task.o(.constdata)
</UL>
<P><STRONG><a name="[c6]"></a>gapc_disconnect_ind_handler</STRONG> (Thumb, 22 bytes, Stack size 8 bytes, spotar_task.o(.text))
<BR><BR>[Stack]<UL><LI>Max Depth = 24<LI>Call Chain = gapc_disconnect_ind_handler &rArr; spotar_disable
</UL>
<BR>[Calls]<UL><LI><a href="#[1c6]">&gt;&gt;</a>&nbsp;&nbsp;&nbsp;spotar_disable
</UL>
<BR>[Address Reference Count : 1]<UL><LI> spotar_task.o(.constdata)
</UL>
<P><STRONG><a name="[c7]"></a>diss_create_db_req_handler</STRONG> (Thumb, 86 bytes, Stack size 32 bytes, diss_task.o(.text))
<BR><BR>[Stack]<UL><LI>Max Depth = 44<LI>Call Chain = diss_create_db_req_handler &rArr; diss_compute_cfg_flag
</UL>
<BR>[Calls]<UL><LI><a href="#[160]">&gt;&gt;</a>&nbsp;&nbsp;&nbsp;ke_msg_send (via Veneer)
<LI><a href="#[15d]">&gt;&gt;</a>&nbsp;&nbsp;&nbsp;ke_msg_alloc (via Veneer)
<LI><a href="#[140]">&gt;&gt;</a>&nbsp;&nbsp;&nbsp;ke_state_set (via Veneer)
<LI><a href="#[1c8]">&gt;&gt;</a>&nbsp;&nbsp;&nbsp;diss_compute_cfg_flag
<LI><a href="#[1c1]">&gt;&gt;</a>&nbsp;&nbsp;&nbsp;attmdb_svc_set_permission (via Veneer)
<LI><a href="#[1c0]">&gt;&gt;</a>&nbsp;&nbsp;&nbsp;attm_svc_create_db (via Veneer)
</UL>
<BR>[Address Reference Count : 1]<UL><LI> diss_task.o(.constdata)
</UL>
<P><STRONG><a name="[c8]"></a>diss_set_char_val_req_handler</STRONG> (Thumb, 74 bytes, Stack size 16 bytes, diss_task.o(.text))
<BR><BR>[Stack]<UL><LI>Max Depth = 40<LI>Call Chain = diss_set_char_val_req_handler &rArr; prf_server_error_ind_send
</UL>
<BR>[Calls]<UL><LI><a href="#[1c9]">&gt;&gt;</a>&nbsp;&nbsp;&nbsp;diss_check_val_len
<LI><a href="#[1b3]">&gt;&gt;</a>&nbsp;&nbsp;&nbsp;prf_server_error_ind_send
<LI><a href="#[1b1]">&gt;&gt;</a>&nbsp;&nbsp;&nbsp;attmdb_att_set_value (via Veneer)
</UL>
<BR>[Address Reference Count : 1]<UL><LI> diss_task.o(.constdata)
</UL>
<P><STRONG><a name="[c9]"></a>diss_enable_req_handler</STRONG> (Thumb, 58 bytes, Stack size 16 bytes, diss_task.o(.text))
<BR><BR>[Stack]<UL><LI>Max Depth = 40<LI>Call Chain = diss_enable_req_handler &rArr; prf_server_error_ind_send
</UL>
<BR>[Calls]<UL><LI><a href="#[140]">&gt;&gt;</a>&nbsp;&nbsp;&nbsp;ke_state_set (via Veneer)
<LI><a href="#[1c3]">&gt;&gt;</a>&nbsp;&nbsp;&nbsp;gapc_get_conidx (via Veneer)
<LI><a href="#[1c1]">&gt;&gt;</a>&nbsp;&nbsp;&nbsp;attmdb_svc_set_permission (via Veneer)
<LI><a href="#[1b3]">&gt;&gt;</a>&nbsp;&nbsp;&nbsp;prf_server_error_ind_send
</UL>
<BR>[Address Reference Count : 1]<UL><LI> diss_task.o(.constdata)
</UL>
<P><STRONG><a name="[ca]"></a>gapc_disconnect_ind_handler</STRONG> (Thumb, 22 bytes, Stack size 8 bytes, diss_task.o(.text))
<BR><BR>[Stack]<UL><LI>Max Depth = 24<LI>Call Chain = gapc_disconnect_ind_handler &rArr; diss_disable
</UL>
<BR>[Calls]<UL><LI><a href="#[1c7]">&gt;&gt;</a>&nbsp;&nbsp;&nbsp;diss_disable
</UL>
<BR>[Address Reference Count : 1]<UL><LI> diss_task.o(.constdata)
</UL>
<P><STRONG><a name="[1d8]"></a>app_task_in_user_app</STRONG> (Thumb, 32 bytes, Stack size 0 bytes, app.o(.text))
<BR><BR>[Called By]<UL><LI><a href="#[1d9]">&gt;&gt;</a>&nbsp;&nbsp;&nbsp;app_db_init_next
<LI><a href="#[1d3]">&gt;&gt;</a>&nbsp;&nbsp;&nbsp;app_prf_enable
</UL>

<P><STRONG><a name="[1d9]"></a>app_db_init_next</STRONG> (Thumb, 118 bytes, Stack size 16 bytes, app.o(.text))
<BR><BR>[Stack]<UL><LI>Max Depth = 16<LI>Call Chain = app_db_init_next
</UL>
<BR>[Calls]<UL><LI><a href="#[1d8]">&gt;&gt;</a>&nbsp;&nbsp;&nbsp;app_task_in_user_app
</UL>
<BR>[Called By]<UL><LI><a href="#[1d6]">&gt;&gt;</a>&nbsp;&nbsp;&nbsp;app_db_init_start
<LI><a href="#[1e5]">&gt;&gt;</a>&nbsp;&nbsp;&nbsp;app_db_init
</UL>

<P><STRONG><a name="[1da]"></a>app_easy_gap_adv_read_from_NVDS</STRONG> (Thumb, 90 bytes, Stack size 40 bytes, app.o(.text))
<BR><BR>[Stack]<UL><LI>Max Depth = 60<LI>Call Chain = app_easy_gap_adv_read_from_NVDS &rArr; malloc
</UL>
<BR>[Calls]<UL><LI><a href="#[104]">&gt;&gt;</a>&nbsp;&nbsp;&nbsp;__aeabi_memcpy (via Veneer)
<LI><a href="#[1dc]">&gt;&gt;</a>&nbsp;&nbsp;&nbsp;nvds_get (via Veneer)
<LI><a href="#[1db]">&gt;&gt;</a>&nbsp;&nbsp;&nbsp;malloc
<LI><a href="#[1dd]">&gt;&gt;</a>&nbsp;&nbsp;&nbsp;free
</UL>
<BR>[Called By]<UL><LI><a href="#[1de]">&gt;&gt;</a>&nbsp;&nbsp;&nbsp;app_easy_gap_undirected_advertise_start_create_msg
</UL>

<P><STRONG><a name="[1de]"></a>app_easy_gap_undirected_advertise_start_create_msg</STRONG> (Thumb, 208 bytes, Stack size 120 bytes, app.o(.text))
<BR><BR>[Stack]<UL><LI>Max Depth = 180<LI>Call Chain = app_easy_gap_undirected_advertise_start_create_msg &rArr; app_easy_gap_adv_read_from_NVDS &rArr; malloc
</UL>
<BR>[Calls]<UL><LI><a href="#[15d]">&gt;&gt;</a>&nbsp;&nbsp;&nbsp;ke_msg_alloc (via Veneer)
<LI><a href="#[1df]">&gt;&gt;</a>&nbsp;&nbsp;&nbsp;app_easy_gap_place_name_ad_struct
<LI><a href="#[1da]">&gt;&gt;</a>&nbsp;&nbsp;&nbsp;app_easy_gap_adv_read_from_NVDS
<LI><a href="#[1dc]">&gt;&gt;</a>&nbsp;&nbsp;&nbsp;nvds_get (via Veneer)
</UL>
<BR>[Called By]<UL><LI><a href="#[1cb]">&gt;&gt;</a>&nbsp;&nbsp;&nbsp;app_easy_gap_undirected_advertise_start
</UL>

<P><STRONG><a name="[1e0]"></a>app_easy_gap_param_update_msg_create</STRONG> (Thumb, 52 bytes, Stack size 16 bytes, app.o(.text))
<BR><BR>[Stack]<UL><LI>Max Depth = 16<LI>Call Chain = app_easy_gap_param_update_msg_create
</UL>
<BR>[Calls]<UL><LI><a href="#[15d]">&gt;&gt;</a>&nbsp;&nbsp;&nbsp;ke_msg_alloc (via Veneer)
</UL>
<BR>[Called By]<UL><LI><a href="#[1e3]">&gt;&gt;</a>&nbsp;&nbsp;&nbsp;app_easy_gap_param_update_start
</UL>

<P><STRONG><a name="[1e1]"></a>app_easy_gap_dev_config_create_msg</STRONG> (Thumb, 82 bytes, Stack size 16 bytes, app.o(.text))
<BR><BR>[Stack]<UL><LI>Max Depth = 16<LI>Call Chain = app_easy_gap_dev_config_create_msg
</UL>
<BR>[Calls]<UL><LI><a href="#[104]">&gt;&gt;</a>&nbsp;&nbsp;&nbsp;__aeabi_memcpy (via Veneer)
<LI><a href="#[15d]">&gt;&gt;</a>&nbsp;&nbsp;&nbsp;ke_msg_alloc (via Veneer)
</UL>
<BR>[Called By]<UL><LI><a href="#[1e6]">&gt;&gt;</a>&nbsp;&nbsp;&nbsp;app_easy_gap_dev_configure
</UL>

<P><STRONG><a name="[1df]"></a>app_easy_gap_place_name_ad_struct</STRONG> (Thumb, 66 bytes, Stack size 16 bytes, app.o(.text))
<BR><BR>[Stack]<UL><LI>Max Depth = 16<LI>Call Chain = app_easy_gap_place_name_ad_struct
</UL>
<BR>[Calls]<UL><LI><a href="#[104]">&gt;&gt;</a>&nbsp;&nbsp;&nbsp;__aeabi_memcpy (via Veneer)
</UL>
<BR>[Called By]<UL><LI><a href="#[1de]">&gt;&gt;</a>&nbsp;&nbsp;&nbsp;app_easy_gap_undirected_advertise_start_create_msg
</UL>

<P><STRONG><a name="[1ee]"></a>app_easy_msg_find_idx</STRONG> (Thumb, 18 bytes, Stack size 0 bytes, app_easy_msg_utils.o(.text))
<BR><BR>[Called By]<UL><LI><a href="#[de]">&gt;&gt;</a>&nbsp;&nbsp;&nbsp;app_msg_utils_api_process_handler
</UL>

<P><STRONG><a name="[62]"></a>app_easy_timer_canceled_handler</STRONG> (Thumb, 2 bytes, Stack size 0 bytes, app_easy_timer.o(.text))
<BR>[Address Reference Count : 1]<UL><LI> app_easy_timer.o(.text)
</UL>
<P><STRONG><a name="[ef]"></a>sps_server_create_db_req_handler</STRONG> (Thumb, 72 bytes, Stack size 24 bytes, sps_server_task.o(.text))
<BR><BR>[Stack]<UL><LI>Max Depth = 80<LI>Call Chain = sps_server_create_db_req_handler &rArr; attm_svc_create_db_128
</UL>
<BR>[Calls]<UL><LI><a href="#[160]">&gt;&gt;</a>&nbsp;&nbsp;&nbsp;ke_msg_send (via Veneer)
<LI><a href="#[15d]">&gt;&gt;</a>&nbsp;&nbsp;&nbsp;ke_msg_alloc (via Veneer)
<LI><a href="#[140]">&gt;&gt;</a>&nbsp;&nbsp;&nbsp;ke_state_set (via Veneer)
<LI><a href="#[1c1]">&gt;&gt;</a>&nbsp;&nbsp;&nbsp;attmdb_svc_set_permission (via Veneer)
<LI><a href="#[1ae]">&gt;&gt;</a>&nbsp;&nbsp;&nbsp;attm_svc_create_db_128
</UL>
<BR>[Address Reference Count : 1]<UL><LI> sps_server_task.o(.constdata)
</UL>
<P><STRONG><a name="[f0]"></a>sps_server_enable_req_handler</STRONG> (Thumb, 88 bytes, Stack size 16 bytes, sps_server_task.o(.text))
<BR><BR>[Stack]<UL><LI>Max Depth = 40<LI>Call Chain = sps_server_enable_req_handler &rArr; prf_server_error_ind_send
</UL>
<BR>[Calls]<UL><LI><a href="#[160]">&gt;&gt;</a>&nbsp;&nbsp;&nbsp;ke_msg_send (via Veneer)
<LI><a href="#[15d]">&gt;&gt;</a>&nbsp;&nbsp;&nbsp;ke_msg_alloc (via Veneer)
<LI><a href="#[140]">&gt;&gt;</a>&nbsp;&nbsp;&nbsp;ke_state_set (via Veneer)
<LI><a href="#[1c3]">&gt;&gt;</a>&nbsp;&nbsp;&nbsp;gapc_get_conidx (via Veneer)
<LI><a href="#[1c1]">&gt;&gt;</a>&nbsp;&nbsp;&nbsp;attmdb_svc_set_permission (via Veneer)
<LI><a href="#[1b3]">&gt;&gt;</a>&nbsp;&nbsp;&nbsp;prf_server_error_ind_send
</UL>
<BR>[Address Reference Count : 1]<UL><LI> sps_server_task.o(.constdata)
</UL>
<P><STRONG><a name="[f1]"></a>gapc_disconnect_ind_handler</STRONG> (Thumb, 24 bytes, Stack size 8 bytes, sps_server_task.o(.text))
<BR><BR>[Stack]<UL><LI>Max Depth = 8<LI>Call Chain = gapc_disconnect_ind_handler
</UL>
<BR>[Calls]<UL><LI><a href="#[140]">&gt;&gt;</a>&nbsp;&nbsp;&nbsp;ke_state_set (via Veneer)
<LI><a href="#[1c1]">&gt;&gt;</a>&nbsp;&nbsp;&nbsp;attmdb_svc_set_permission (via Veneer)
</UL>
<BR>[Address Reference Count : 1]<UL><LI> sps_server_task.o(.constdata)
</UL>
<P><STRONG><a name="[f2]"></a>gattc_cmp_evt_handler</STRONG> (Thumb, 42 bytes, Stack size 8 bytes, sps_server_task.o(.text))
<BR><BR>[Stack]<UL><LI>Max Depth = 24<LI>Call Chain = gattc_cmp_evt_handler &rArr; sps_server_confirm_data_tx
</UL>
<BR>[Calls]<UL><LI><a href="#[22a]">&gt;&gt;</a>&nbsp;&nbsp;&nbsp;sps_server_confirm_data_tx
</UL>
<BR>[Address Reference Count : 1]<UL><LI> sps_server_task.o(.constdata)
</UL>
<P><STRONG><a name="[f4]"></a>sps_server_data_tx_req_handler</STRONG> (Thumb, 58 bytes, Stack size 16 bytes, sps_server_task.o(.text))
<BR><BR>[Stack]<UL><LI>Max Depth = 32<LI>Call Chain = sps_server_data_tx_req_handler &rArr; prf_server_send_event
</UL>
<BR>[Calls]<UL><LI><a href="#[1b5]">&gt;&gt;</a>&nbsp;&nbsp;&nbsp;prf_server_send_event
<LI><a href="#[1b1]">&gt;&gt;</a>&nbsp;&nbsp;&nbsp;attmdb_att_set_value (via Veneer)
</UL>
<BR>[Address Reference Count : 1]<UL><LI> sps_server_task.o(.constdata)
</UL>
<P><STRONG><a name="[f5]"></a>sps_server_rx_flow_ctrl_req_handler</STRONG> (Thumb, 54 bytes, Stack size 16 bytes, sps_server_task.o(.text))
<BR><BR>[Stack]<UL><LI>Max Depth = 32<LI>Call Chain = sps_server_rx_flow_ctrl_req_handler &rArr; prf_server_send_event
</UL>
<BR>[Calls]<UL><LI><a href="#[1b5]">&gt;&gt;</a>&nbsp;&nbsp;&nbsp;prf_server_send_event
<LI><a href="#[1b1]">&gt;&gt;</a>&nbsp;&nbsp;&nbsp;attmdb_att_set_value (via Veneer)
</UL>
<BR>[Address Reference Count : 1]<UL><LI> sps_server_task.o(.constdata)
</UL>
<P><STRONG><a name="[f3]"></a>gattc_write_cmd_ind_handler</STRONG> (Thumb, 214 bytes, Stack size 24 bytes, sps_server_task.o(.text))
<BR><BR>[Stack]<UL><LI>Max Depth = 48<LI>Call Chain = gattc_write_cmd_ind_handler &rArr; sps_server_indicate_data_rx
</UL>
<BR>[Calls]<UL><LI><a href="#[1c5]">&gt;&gt;</a>&nbsp;&nbsp;&nbsp;atts_write_rsp_send (via Veneer)
<LI><a href="#[1b5]">&gt;&gt;</a>&nbsp;&nbsp;&nbsp;prf_server_send_event
<LI><a href="#[1b1]">&gt;&gt;</a>&nbsp;&nbsp;&nbsp;attmdb_att_set_value (via Veneer)
<LI><a href="#[22c]">&gt;&gt;</a>&nbsp;&nbsp;&nbsp;sps_server_indicate_tx_flow_ctrl
<LI><a href="#[22b]">&gt;&gt;</a>&nbsp;&nbsp;&nbsp;sps_server_indicate_data_rx
</UL>
<BR>[Address Reference Count : 1]<UL><LI> sps_server_task.o(.constdata)
</UL><P>
<H3>
Undefined Global Symbols
</H3><HR></body></html>
