<html>
<body>
<pre>
<h1>µVision Build Log</h1>
<h2>Tool Versions:</h2>
IDE-Version: •ÏVision V5.15
Copyright (C) 2015 ARM Ltd and ARM Germany GmbH. All rights reserved.
License Information: lst LST, lstgrp, LIC=----
 
Tool Versions:
Toolchain:       MDK-Lite  Version: 5.15.0
Toolchain Path:  C:\Keil_v5\ARM\ARMCC\Bin
C Compiler:      Armcc.exe V5.05 update 2 (build 169)
Assembler:       Armasm.exe V5.05 update 2 (build 169)
Linker/Locator:  ArmLink.exe V5.05 update 2 (build 169)
Library Manager: ArmAr.exe V5.05 update 2 (build 169)
Hex Converter:   FromElf.exe V5.05 update 2 (build 169)
CPU DLL:         SARMCM3.DLL V5.15.0
Dialog DLL:      DARMCM1.DLL V1.12.0.0
Target DLL:      Segger\JL2CM3.dll V2.99.15.0
Dialog DLL:      TARMCM1.DLL V1.9.0.0
 
<h2>Project:</h2>
C:\CBP310\projects\target_apps\dsps\sps_device\Keil_5\sps_device.uvprojx
Project File Date:  02/01/2017

<h2>Output:</h2>
*** Using Compiler 'V5.05 update 2 (build 169)', folder: 'C:\Keil_v5\ARM\ARMCC\Bin'
Rebuild target 'sps_device_583'
compiling system_ARMCM0.c...
assembling boot_vectors.s...
compiling hardfault_handler.c...
compiling nmi_handler.c...
compiling arch_console.c...
compiling nvds.c...
compiling arch_main.c...
compiling jump_table.c...
compiling arch_sleep.c...
compiling arch_system.c...
compiling arch_patch.c...
compiling wlan_coex.c...
compiling uart_ext_wkup.c...
compiling syscntl.c...
compiling gpio.c...
compiling battery.c...
compiling adc.c...
compiling trng.c...
compiling systick.c...
compiling spi.c...
compiling wkupct_quadec.c...
compiling spi_flash.c...
compiling rf_580.c...
compiling rwble.c...
compiling rwip.c...
compiling gapm.c...
compiling attm_db_128.c...
compiling prf_utils.c...
compiling bass.c...
compiling bass_task.c...
compiling spotar.c...
compiling spotar_task.c...
compiling diss.c...
compiling diss_task.c...
compiling app_default_handlers.c...
compiling app.c...
compiling app_task.c...
compiling app_security.c...
compiling app_security_task.c...
compiling app_entry_point.c...
compiling app_msg_utils.c...
compiling app_easy_msg_utils.c...
compiling app_easy_security.c...
compiling app_easy_timer.c...
compiling app_bass.c...
compiling app_bass_task.c...
compiling app_spotar.c...
compiling app_spotar_task.c...
compiling app_diss.c...
compiling app_diss_task.c...
compiling user_periph_setup.c...
compiling ADS1292.c...
compiling AFE4400.c...
compiling dsp.c...
compiling ecgtohr.c...
compiling sps_server.c...
compiling sps_server_task.c...
compiling user_sps_device.c...
compiling user_spss.c...
compiling user_spss_task.c...
linking...
Program Size: Code=26768 RO-data=3568 RW-data=204 ZI-data=10828  
FromELF: creating hex file...
".\out_583\sps_device_583.axf" - 0 Error(s), 0 Warning(s).

<h2>Collection of Component include folders:</h2>
  C:\CBP310\projects\target_apps\dsps\sps_device\Keil_5\RTE
  C:\Keil_v5\ARM\PACK\ARM\CMSIS\4.3.0\Device\ARM\ARMCM0\Include

<h2>Collection of Component Files used:</h2>
</pre>
</body>
</html>
